Component: Arm Compiler for Embedded 6.19 Tool: armlink [5e73cb00]

==============================================================================

Section Cross References

    layer1.o(.ARM.exidx.text.initPort) refers to layer1.o(.text.initPort) for [Anonymous Symbol]
    layer1.o(.ARM.exidx.text.changeDIR) refers to layer1.o(.text.changeDIR) for [Anonymous Symbol]
    layer1.o(.ARM.exidx.text.initPWM) refers to layer1.o(.text.initPWM) for [Anonymous Symbol]
    layer1.o(.ARM.exidx.text.pwmdutycycle) refers to layer1.o(.text.pwmdutycycle) for [Anonymous Symbol]
    layer1.o(.ARM.exidx.text.decoder) refers to layer1.o(.text.decoder) for [Anonymous Symbol]
    layer1.o(.ARM.exidx.text.delay) refers to layer1.o(.text.delay) for [Anonymous Symbol]
    layer1.o(.ARM.exidx.text.uartinit) refers to layer1.o(.text.uartinit) for [Anonymous Symbol]
    layer1.o(.ARM.exidx.text.sendcharuart) refers to layer1.o(.text.sendcharuart) for [Anonymous Symbol]
    layer1.o(.ARM.exidx.text.readcharuart) refers to layer1.o(.text.readcharuart) for [Anonymous Symbol]
    layer1.o(.ARM.exidx.text.I2Cinit) refers to layer1.o(.text.I2Cinit) for [Anonymous Symbol]
    layer1.o(.ARM.exidx.text.pininterruptsetup) refers to layer1.o(.text.pininterruptsetup) for [Anonymous Symbol]
    layer1.o(.ARM.exidx.text.I2Csendframewrite) refers to layer1.o(.text.I2Csendframewrite) for [Anonymous Symbol]
    layer1.o(.ARM.exidx.text.I2Csendframeread) refers to layer1.o(.text.I2Csendframeread) for [Anonymous Symbol]
    layer2.o(.text.toRadians) refers to dmul.o(.text) for __aeabi_dmul
    layer2.o(.ARM.exidx.text.toRadians) refers to layer2.o(.text.toRadians) for [Anonymous Symbol]
    layer2.o(.text.gpsinit) refers to strlen.o(.text) for strlen
    layer2.o(.text.gpsinit) refers to layer1.o(.text.sendcharuart) for sendcharuart
    layer2.o(.text.gpsinit) refers to layer2.o(.rodata.str1.1) for [Anonymous Symbol]
    layer2.o(.ARM.exidx.text.gpsinit) refers to layer2.o(.text.gpsinit) for [Anonymous Symbol]
    layer2.o(.text.uartsendstring) refers to strlen.o(.text) for strlen
    layer2.o(.text.uartsendstring) refers to layer1.o(.text.sendcharuart) for sendcharuart
    layer2.o(.ARM.exidx.text.uartsendstring) refers to layer2.o(.text.uartsendstring) for [Anonymous Symbol]
    layer2.o(.text.convertLatitudeToDecimal) refers to atof.o(i.atof) for atof
    layer2.o(.text.convertLatitudeToDecimal) refers to ddiv.o(.text) for __aeabi_ddiv
    layer2.o(.text.convertLatitudeToDecimal) refers to dfixi.o(.text) for __aeabi_d2iz
    layer2.o(.text.convertLatitudeToDecimal) refers to dflti.o(.text) for __aeabi_i2d
    layer2.o(.text.convertLatitudeToDecimal) refers to dmul.o(.text) for __aeabi_dmul
    layer2.o(.text.convertLatitudeToDecimal) refers to dadd.o(.text) for __aeabi_dsub
    layer2.o(.ARM.exidx.text.convertLatitudeToDecimal) refers to layer2.o(.text.convertLatitudeToDecimal) for [Anonymous Symbol]
    layer2.o(.text.convertLongitudeToDecimal) refers to atof.o(i.atof) for atof
    layer2.o(.text.convertLongitudeToDecimal) refers to ddiv.o(.text) for __aeabi_ddiv
    layer2.o(.text.convertLongitudeToDecimal) refers to dfixi.o(.text) for __aeabi_d2iz
    layer2.o(.text.convertLongitudeToDecimal) refers to dflti.o(.text) for __aeabi_i2d
    layer2.o(.text.convertLongitudeToDecimal) refers to dmul.o(.text) for __aeabi_dmul
    layer2.o(.text.convertLongitudeToDecimal) refers to dadd.o(.text) for __aeabi_dsub
    layer2.o(.ARM.exidx.text.convertLongitudeToDecimal) refers to layer2.o(.text.convertLongitudeToDecimal) for [Anonymous Symbol]
    layer2.o(.text.calculateBearing) refers to dmul.o(.text) for __aeabi_dmul
    layer2.o(.text.calculateBearing) refers to dadd.o(.text) for __aeabi_dsub
    layer2.o(.text.calculateBearing) refers to sin.o(i.sin) for sin
    layer2.o(.text.calculateBearing) refers to cos.o(i.cos) for cos
    layer2.o(.text.calculateBearing) refers to atan2.o(i.atan2) for atan2
    layer2.o(.ARM.exidx.text.calculateBearing) refers to layer2.o(.text.calculateBearing) for [Anonymous Symbol]
    layer2.o(.text.gpsdataextract) refers to idiv_div0.o(.text) for __aeabi_idivmod
    layer2.o(.text.gpsdataextract) refers to atof.o(i.atof) for atof
    layer2.o(.text.gpsdataextract) refers to ddiv.o(.text) for __aeabi_ddiv
    layer2.o(.text.gpsdataextract) refers to dfixi.o(.text) for __aeabi_d2iz
    layer2.o(.text.gpsdataextract) refers to dflti.o(.text) for __aeabi_i2d
    layer2.o(.text.gpsdataextract) refers to dmul.o(.text) for __aeabi_dmul
    layer2.o(.text.gpsdataextract) refers to dadd.o(.text) for __aeabi_dsub
    layer2.o(.text.gpsdataextract) refers to sin.o(i.sin) for sin
    layer2.o(.text.gpsdataextract) refers to cos.o(i.cos) for cos
    layer2.o(.text.gpsdataextract) refers to atan2.o(i.atan2) for atan2
    layer2.o(.text.gpsdataextract) refers to layer2.o(.data.destilat) for [Anonymous Symbol]
    layer2.o(.text.gpsdataextract) refers to layer2.o(.data.destilong) for [Anonymous Symbol]
[...]
    main.o(.text.main) refers to layer1.o(.text.changeDIR) for changeDIR
    main.o(.text.main) refers to layer1.o(.text.delay) for delay
    main.o(.ARM.exidx.text.main) refers to main.o(.text.main) for [Anonymous Symbol]
    fsl_adapter_miniusart.o(.text.HAL_UartInit) refers to fsl_usart.o(.text.USART_GetDefaultConfig) for USART_GetDefaultConfig
    fsl_adapter_miniusart.o(.text.HAL_UartInit) refers to fsl_usart.o(.text.USART_Init) for USART_Init
    fsl_adapter_miniusart.o(.text.HAL_UartInit) refers to fsl_assert.o(.text.__aeabi_assert) for __aeabi_assert
    fsl_adapter_miniusart.o(.text.HAL_UartInit) refers to fsl_adapter_miniusart.o(.rodata.str1.1) for [Anonymous Symbol]
    fsl_adapter_miniusart.o(.text.HAL_UartInit) refers to fsl_adapter_miniusart.o(.rodata.cst8) for [Anonymous Symbol]
    fsl_adapter_miniusart.o(.ARM.exidx.text.HAL_UartInit) refers to fsl_adapter_miniusart.o(.text.HAL_UartInit) for [Anonymous Symbol]
    fsl_adapter_miniusart.o(.text.HAL_UartDeinit) refers to fsl_usart.o(.text.USART_Deinit) for USART_Deinit
    fsl_adapter_miniusart.o(.text.HAL_UartDeinit) refers to fsl_assert.o(.text.__aeabi_assert) for __aeabi_assert
    fsl_adapter_miniusart.o(.text.HAL_UartDeinit) refers to fsl_adapter_miniusart.o(.rodata.cst8) for [Anonymous Symbol]
    fsl_adapter_miniusart.o(.text.HAL_UartDeinit) refers to fsl_adapter_miniusart.o(.rodata.str1.1) for [Anonymous Symbol]
    fsl_adapter_miniusart.o(.ARM.exidx.text.HAL_UartDeinit) refers to fsl_adapter_miniusart.o(.text.HAL_UartDeinit) for [Anonymous Symbol]
    fsl_adapter_miniusart.o(.text.HAL_UartReceiveBlocking) refers to fsl_usart.o(.text.USART_ReadBlocking) for USART_ReadBlocking
    fsl_adapter_miniusart.o(.text.HAL_UartReceiveBlocking) refers to fsl_assert.o(.text.__aeabi_assert) for __aeabi_assert
    fsl_adapter_miniusart.o(.text.HAL_UartReceiveBlocking) refers to fsl_adapter_miniusart.o(.rodata.cst8) for [Anonymous Symbol]
    fsl_adapter_miniusart.o(.text.HAL_UartReceiveBlocking) refers to fsl_adapter_miniusart.o(.rodata.str1.1) for [Anonymous Symbol]
    fsl_adapter_miniusart.o(.ARM.exidx.text.HAL_UartReceiveBlocking) refers to fsl_adapter_miniusart.o(.text.HAL_UartReceiveBlocking) for [Anonymous Symbol]
    fsl_adapter_miniusart.o(.text.HAL_UartSendBlocking) refers to fsl_usart.o(.text.USART_WriteBlocking) for USART_WriteBlocking
    fsl_adapter_miniusart.o(.text.HAL_UartSendBlocking) refers to fsl_assert.o(.text.__aeabi_assert) for __aeabi_assert
    fsl_adapter_miniusart.o(.text.HAL_UartSendBlocking) refers to fsl_adapter_miniusart.o(.rodata.cst8) for [Anonymous Symbol]
    fsl_adapter_miniusart.o(.text.HAL_UartSendBlocking) refers to fsl_adapter_miniusart.o(.rodata.str1.1) for [Anonymous Symbol]
    fsl_adapter_miniusart.o(.ARM.exidx.text.HAL_UartSendBlocking) refers to fsl_adapter_miniusart.o(.text.HAL_UartSendBlocking) for [Anonymous Symbol]
    fsl_adapter_miniusart.o(.text.HAL_UartEnterLowpower) refers to fsl_assert.o(.text.__aeabi_assert) for __aeabi_assert
    fsl_adapter_miniusart.o(.text.HAL_UartEnterLowpower) refers to fsl_adapter_miniusart.o(.rodata.str1.1) for [Anonymous Symbol]
    fsl_adapter_miniusart.o(.ARM.exidx.text.HAL_UartEnterLowpower) refers to fsl_adapter_miniusart.o(.text.HAL_UartEnterLowpower) for [Anonymous Symbol]
    fsl_adapter_miniusart.o(.text.HAL_UartExitLowpower) refers to fsl_assert.o(.text.__aeabi_assert) for __aeabi_assert
    fsl_adapter_miniusart.o(.text.HAL_UartExitLowpower) refers to fsl_adapter_miniusart.o(.rodata.str1.1) for [Anonymous Symbol]
    fsl_adapter_miniusart.o(.ARM.exidx.text.HAL_UartExitLowpower) refers to fsl_adapter_miniusart.o(.text.HAL_UartExitLowpower) for [Anonymous Symbol]
    fsl_clock.o(.text.CLOCK_SetFRG0ClkFreq) refers to uidiv_div0.o(.text) for __aeabi_uidiv
    fsl_clock.o(.text.CLOCK_SetFRG0ClkFreq) refers to uldiv.o(.text) for __aeabi_uldivmod
    fsl_clock.o(.text.CLOCK_SetFRG0ClkFreq) refers to fsl_assert.o(.text.__aeabi_assert) for __aeabi_assert
    fsl_clock.o(.text.CLOCK_SetFRG0ClkFreq) refers to fsl_clock.o(.bss.g_Fro_Osc_Freq) for g_Fro_Osc_Freq
    fsl_clock.o(.text.CLOCK_SetFRG0ClkFreq) refers to fsl_clock.o(.data.g_LP_Osc_Freq) for g_LP_Osc_Freq
    fsl_clock.o(.text.CLOCK_SetFRG0ClkFreq) refers to fsl_clock.o(.bss.g_Ext_Clk_Freq) for g_Ext_Clk_Freq
    fsl_clock.o(.text.CLOCK_SetFRG0ClkFreq) refers to fsl_clock.o(.rodata.str1.1) for [Anonymous Symbol]
    fsl_clock.o(.ARM.exidx.text.CLOCK_SetFRG0ClkFreq) refers to fsl_clock.o(.text.CLOCK_SetFRG0ClkFreq) for [Anonymous Symbol]
    fsl_clock.o(.text.CLOCK_GetFRG0ClkFreq) refers to uldiv.o(.text) for __aeabi_uldivmod
    fsl_clock.o(.text.CLOCK_GetFRG0ClkFreq) refers to fsl_assert.o(.text.__aeabi_assert) for __aeabi_assert
    fsl_clock.o(.text.CLOCK_GetFRG0ClkFreq) refers to fsl_clock.o(.bss.g_Fro_Osc_Freq) for g_Fro_Osc_Freq
    fsl_clock.o(.text.CLOCK_GetFRG0ClkFreq) refers to fsl_clock.o(.data.g_LP_Osc_Freq) for g_LP_Osc_Freq
    fsl_clock.o(.text.CLOCK_GetFRG0ClkFreq) refers to fsl_clock.o(.bss.g_Ext_Clk_Freq) for g_Ext_Clk_Freq
    fsl_clock.o(.text.CLOCK_GetFRG0ClkFreq) refers to fsl_clock.o(.rodata.str1.1) for [Anonymous Symbol]
    fsl_clock.o(.ARM.exidx.text.CLOCK_GetFRG0ClkFreq) refers to fsl_clock.o(.text.CLOCK_GetFRG0ClkFreq) for [Anonymous Symbol]
    fsl_clock.o(.text.CLOCK_GetMainClkFreq) refers to fsl_assert.o(.text.__aeabi_assert) for __aeabi_assert
    fsl_clock.o(.text.CLOCK_GetMainClkFreq) refers to fsl_clock.o(.bss.g_Fro_Osc_Freq) for g_Fro_Osc_Freq
    fsl_clock.o(.text.CLOCK_GetMainClkFreq) refers to fsl_clock.o(.data.g_LP_Osc_Freq) for g_LP_Osc_Freq
    fsl_clock.o(.text.CLOCK_GetMainClkFreq) refers to fsl_clock.o(.bss.g_Ext_Clk_Freq) for g_Ext_Clk_Freq
    fsl_clock.o(.text.CLOCK_GetMainClkFreq) refers to fsl_clock.o(.rodata.str1.1) for [Anonymous Symbol]
    fsl_clock.o(.ARM.exidx.text.CLOCK_GetMainClkFreq) refers to fsl_clock.o(.text.CLOCK_GetMainClkFreq) for [Anonymous Symbol]
    fsl_clock.o(.text.CLOCK_GetFroFreq) refers to fsl_clock.o(.bss.g_Fro_Osc_Freq) for g_Fro_Osc_Freq
    fsl_clock.o(.ARM.exidx.text.CLOCK_GetFroFreq) refers to fsl_clock.o(.text.CLOCK_GetFroFreq) for [Anonymous Symbol]
    fsl_clock.o(.text.CLOCK_GetClockOutClkFreq) refers to uidiv_div0.o(.text) for __aeabi_uidiv
    fsl_clock.o(.text.CLOCK_GetClockOutClkFreq) refers to fsl_assert.o(.text.__aeabi_assert) for __aeabi_assert
    fsl_clock.o(.text.CLOCK_GetClockOutClkFreq) refers to fsl_clock.o(.data.g_LP_Osc_Freq) for g_LP_Osc_Freq
    fsl_clock.o(.text.CLOCK_GetClockOutClkFreq) refers to fsl_clock.o(.bss.g_Ext_Clk_Freq) for g_Ext_Clk_Freq
    fsl_clock.o(.text.CLOCK_GetClockOutClkFreq) refers to fsl_clock.o(.bss.g_Fro_Osc_Freq) for g_Fro_Osc_Freq
    fsl_clock.o(.text.CLOCK_GetClockOutClkFreq) refers to fsl_clock.o(.rodata.str1.1) for [Anonymous Symbol]
    fsl_clock.o(.ARM.exidx.text.CLOCK_GetClockOutClkFreq) refers to fsl_clock.o(.text.CLOCK_GetClockOutClkFreq) for [Anonymous Symbol]
    fsl_clock.o(.text.CLOCK_GetUart0ClkFreq) refers to uldiv.o(.text) for __aeabi_uldivmod
    fsl_clock.o(.text.CLOCK_GetUart0ClkFreq) refers to fsl_assert.o(.text.__aeabi_assert) for __aeabi_assert
    fsl_clock.o(.text.CLOCK_GetUart0ClkFreq) refers to fsl_clock.o(.bss.g_Fro_Osc_Freq) for g_Fro_Osc_Freq
    fsl_clock.o(.text.CLOCK_GetUart0ClkFreq) refers to fsl_clock.o(.data.g_LP_Osc_Freq) for g_LP_Osc_Freq
    fsl_clock.o(.text.CLOCK_GetUart0ClkFreq) refers to fsl_clock.o(.bss.g_Ext_Clk_Freq) for g_Ext_Clk_Freq
    fsl_clock.o(.text.CLOCK_GetUart0ClkFreq) refers to fsl_clock.o(.rodata.str1.1) for [Anonymous Symbol]
    fsl_clock.o(.ARM.exidx.text.CLOCK_GetUart0ClkFreq) refers to fsl_clock.o(.text.CLOCK_GetUart0ClkFreq) for [Anonymous Symbol]
    fsl_clock.o(.text.CLOCK_GetUart1ClkFreq) refers to uldiv.o(.text) for __aeabi_uldivmod
    fsl_clock.o(.text.CLOCK_GetUart1ClkFreq) refers to fsl_assert.o(.text.__aeabi_assert) for __aeabi_assert
    fsl_clock.o(.text.CLOCK_GetUart1ClkFreq) refers to fsl_clock.o(.bss.g_Fro_Osc_Freq) for g_Fro_Osc_Freq
    fsl_clock.o(.text.CLOCK_GetUart1ClkFreq) refers to fsl_clock.o(.data.g_LP_Osc_Freq) for g_LP_Osc_Freq
    fsl_clock.o(.text.CLOCK_GetUart1ClkFreq) refers to fsl_clock.o(.bss.g_Ext_Clk_Freq) for g_Ext_Clk_Freq
    fsl_clock.o(.text.CLOCK_GetUart1ClkFreq) refers to fsl_clock.o(.rodata.str1.1) for [Anonymous Symbol]
    fsl_clock.o(.ARM.exidx.text.CLOCK_GetUart1ClkFreq) refers to fsl_clock.o(.text.CLOCK_GetUart1ClkFreq) for [Anonymous Symbol]
    fsl_clock.o(.text.CLOCK_GetFreq) refers to uldiv.o(.text) for __aeabi_uldivmod
    fsl_clock.o(.text.CLOCK_GetFreq) refers to uidiv_div0.o(.text) for __aeabi_uidiv
    fsl_clock.o(.text.CLOCK_GetFreq) refers to fsl_assert.o(.text.__aeabi_assert) for __aeabi_assert
    fsl_clock.o(.text.CLOCK_GetFreq) refers to fsl_clock.o(.bss.g_Fro_Osc_Freq) for g_Fro_Osc_Freq
    fsl_clock.o(.text.CLOCK_GetFreq) refers to fsl_clock.o(.data.g_LP_Osc_Freq) for g_LP_Osc_Freq
    fsl_clock.o(.text.CLOCK_GetFreq) refers to fsl_clock.o(.bss.g_Ext_Clk_Freq) for g_Ext_Clk_Freq
    fsl_clock.o(.text.CLOCK_GetFreq) refers to fsl_clock.o(.rodata.str1.1) for [Anonymous Symbol]
    fsl_clock.o(.ARM.exidx.text.CLOCK_GetFreq) refers to fsl_clock.o(.text.CLOCK_GetFreq) for [Anonymous Symbol]
    fsl_clock.o(.text.CLOCK_InitExtClkin) refers to fsl_clock.o(.bss.g_Ext_Clk_Freq) for g_Ext_Clk_Freq
    fsl_clock.o(.ARM.exidx.text.CLOCK_InitExtClkin) refers to fsl_clock.o(.text.CLOCK_InitExtClkin) for [Anonymous Symbol]
    fsl_clock.o(.ARM.exidx.text.CLOCK_SetMainClkSrc) refers to fsl_clock.o(.text.CLOCK_SetMainClkSrc) for [Anonymous Symbol]
    fsl_clock.o(.text.CLOCK_SetFroOscFreq) refers to fsl_clock.o(.bss.g_Fro_Osc_Freq) for g_Fro_Osc_Freq
    fsl_clock.o(.ARM.exidx.text.CLOCK_SetFroOscFreq) refers to fsl_clock.o(.text.CLOCK_SetFroOscFreq) for [Anonymous Symbol]
    fsl_common.o(.text.SDK_Malloc) refers to malloc2.o(i.__malloc$2region) for malloc
    fsl_common.o(.ARM.exidx.text.SDK_Malloc) refers to fsl_common.o(.text.SDK_Malloc) for [Anonymous Symbol]
    fsl_common.o(.text.SDK_Free) refers to malloc2.o(i.__free$2region) for free
    fsl_common.o(.ARM.exidx.text.SDK_Free) refers to fsl_common.o(.text.SDK_Free) for [Anonymous Symbol]
    fsl_common_arm.o(.text.SDK_DelayAtLeastUs) refers to llmul.o(.text) for __aeabi_lmul
    fsl_common_arm.o(.text.SDK_DelayAtLeastUs) refers to uldiv.o(.text) for __aeabi_uldivmod
    fsl_common_arm.o(.text.SDK_DelayAtLeastUs) refers to fsl_assert.o(.text.__aeabi_assert) for __aeabi_assert
    fsl_common_arm.o(.text.SDK_DelayAtLeastUs) refers to fsl_common_arm.o(.rodata.str1.1) for [Anonymous Symbol]
    fsl_common_arm.o(.ARM.exidx.text.SDK_DelayAtLeastUs) refers to fsl_common_arm.o(.text.SDK_DelayAtLeastUs) for [Anonymous Symbol]
    fsl_gpio.o(.text.GPIO_PortInit) refers to fsl_reset.o(.text.RESET_PeripheralReset) for RESET_PeripheralReset
    fsl_gpio.o(.text.GPIO_PortInit) refers to fsl_assert.o(.text.__aeabi_assert) for __aeabi_assert
    fsl_gpio.o(.text.GPIO_PortInit) refers to fsl_gpio.o(.rodata.str1.1) for [Anonymous Symbol]
    fsl_gpio.o(.ARM.exidx.text.GPIO_PortInit) refers to fsl_gpio.o(.text.GPIO_PortInit) for [Anonymous Symbol]
    fsl_gpio.o(.text.GPIO_PinInit) refers to fsl_assert.o(.text.__aeabi_assert) for __aeabi_assert
    fsl_gpio.o(.text.GPIO_PinInit) refers to fsl_gpio.o(.rodata.str1.1) for [Anonymous Symbol]
    fsl_gpio.o(.ARM.exidx.text.GPIO_PinInit) refers to fsl_gpio.o(.text.GPIO_PinInit) for [Anonymous Symbol]
    fsl_power.o(.ARM.exidx.text.POWER_EnterSleep) refers to fsl_power.o(.text.POWER_EnterSleep) for [Anonymous Symbol]
    fsl_power.o(.text.POWER_EnterDeepSleep) refers to fsl_assert.o(.text.__aeabi_assert) for __aeabi_assert
    fsl_power.o(.text.POWER_EnterDeepSleep) refers to fsl_power.o(.rodata.str1.1) for [Anonymous Symbol]
    fsl_power.o(.ARM.exidx.text.POWER_EnterDeepSleep) refers to fsl_power.o(.text.POWER_EnterDeepSleep) for [Anonymous Symbol]
    fsl_power.o(.text.POWER_EnterPowerDown) refers to fsl_assert.o(.text.__aeabi_assert) for __aeabi_assert
    fsl_power.o(.text.POWER_EnterPowerDown) refers to fsl_power.o(.rodata.str1.1) for [Anonymous Symbol]
    fsl_power.o(.ARM.exidx.text.POWER_EnterPowerDown) refers to fsl_power.o(.text.POWER_EnterPowerDown) for [Anonymous Symbol]
    fsl_power.o(.ARM.exidx.text.POWER_EnterDeepPowerDownMode) refers to fsl_power.o(.text.POWER_EnterDeepPowerDownMode) for [Anonymous Symbol]
    fsl_power.o(.ARM.exidx.text.EnableDeepSleepIRQ) refers to fsl_power.o(.text.EnableDeepSleepIRQ) for [Anonymous Symbol]
    fsl_power.o(.ARM.exidx.text.DisableDeepSleepIRQ) refers to fsl_power.o(.text.DisableDeepSleepIRQ) for [Anonymous Symbol]
    fsl_reset.o(.text.RESET_SetPeripheralReset) refers to fsl_assert.o(.text.__aeabi_assert) for __aeabi_assert
    fsl_reset.o(.text.RESET_SetPeripheralReset) refers to fsl_reset.o(.rodata.str1.1) for [Anonymous Symbol]
    fsl_reset.o(.ARM.exidx.text.RESET_SetPeripheralReset) refers to fsl_reset.o(.text.RESET_SetPeripheralReset) for [Anonymous Symbol]
    fsl_reset.o(.text.RESET_ClearPeripheralReset) refers to fsl_assert.o(.text.__aeabi_assert) for __aeabi_assert
    fsl_reset.o(.text.RESET_ClearPeripheralReset) refers to fsl_reset.o(.rodata.str1.1) for [Anonymous Symbol]
    fsl_reset.o(.ARM.exidx.text.RESET_ClearPeripheralReset) refers to fsl_reset.o(.text.RESET_ClearPeripheralReset) for [Anonymous Symbol]
    fsl_reset.o(.text.RESET_PeripheralReset) refers to fsl_assert.o(.text.__aeabi_assert) for __aeabi_assert
    fsl_reset.o(.text.RESET_PeripheralReset) refers to fsl_reset.o(.rodata.str1.1) for [Anonymous Symbol]
    fsl_reset.o(.ARM.exidx.text.RESET_PeripheralReset) refers to fsl_reset.o(.text.RESET_PeripheralReset) for [Anonymous Symbol]
    fsl_swm.o(.text.SWM_SetMovablePinSelect) refers to fsl_assert.o(.text.__aeabi_assert) for __aeabi_assert
    fsl_swm.o(.text.SWM_SetMovablePinSelect) refers to fsl_swm.o(.rodata.str1.1) for [Anonymous Symbol]
    fsl_swm.o(.ARM.exidx.text.SWM_SetMovablePinSelect) refers to fsl_swm.o(.text.SWM_SetMovablePinSelect) for [Anonymous Symbol]
    fsl_swm.o(.text.SWM_SetFixedMovablePinSelect) refers to fsl_assert.o(.text.__aeabi_assert) for __aeabi_assert
    fsl_swm.o(.text.SWM_SetFixedMovablePinSelect) refers to fsl_swm.o(.rodata.str1.1) for [Anonymous Symbol]
    fsl_swm.o(.ARM.exidx.text.SWM_SetFixedMovablePinSelect) refers to fsl_swm.o(.text.SWM_SetFixedMovablePinSelect) for [Anonymous Symbol]
    fsl_swm.o(.text.SWM_SetFixedPinSelect) refers to fsl_assert.o(.text.__aeabi_assert) for __aeabi_assert
    fsl_swm.o(.text.SWM_SetFixedPinSelect) refers to fsl_swm.o(.rodata.str1.1) for [Anonymous Symbol]
    fsl_swm.o(.ARM.exidx.text.SWM_SetFixedPinSelect) refers to fsl_swm.o(.text.SWM_SetFixedPinSelect) for [Anonymous Symbol]
    fsl_syscon.o(.ARM.exidx.text.SYSCON_AttachSignal) refers to fsl_syscon.o(.text.SYSCON_AttachSignal) for [Anonymous Symbol]
    fsl_usart.o(.text.USART_GetInstance) refers to fsl_assert.o(.text.__aeabi_assert) for __aeabi_assert
    fsl_usart.o(.text.USART_GetInstance) refers to fsl_usart.o(.rodata.cst8) for [Anonymous Symbol]
    fsl_usart.o(.text.USART_GetInstance) refers to fsl_usart.o(.rodata.str1.1) for [Anonymous Symbol]
    fsl_usart.o(.ARM.exidx.text.USART_GetInstance) refers to fsl_usart.o(.text.USART_GetInstance) for [Anonymous Symbol]
    fsl_usart.o(.text.USART_TransferGetRxRingBufferLength) refers to fsl_assert.o(.text.__aeabi_assert) for __aeabi_assert
    fsl_usart.o(.text.USART_TransferGetRxRingBufferLength) refers to fsl_usart.o(.rodata.str1.1) for [Anonymous Symbol]
    fsl_usart.o(.ARM.exidx.text.USART_TransferGetRxRingBufferLength) refers to fsl_usart.o(.text.USART_TransferGetRxRingBufferLength) for [Anonymous Symbol]
    fsl_usart.o(.text.USART_TransferStartRingBuffer) refers to fsl_assert.o(.text.__aeabi_assert) for __aeabi_assert
    fsl_usart.o(.text.USART_TransferStartRingBuffer) refers to fsl_usart.o(.rodata.str1.1) for [Anonymous Symbol]
    fsl_usart.o(.ARM.exidx.text.USART_TransferStartRingBuffer) refers to fsl_usart.o(.text.USART_TransferStartRingBuffer) for [Anonymous Symbol]
    fsl_usart.o(.text.USART_TransferStopRingBuffer) refers to fsl_assert.o(.text.__aeabi_assert) for __aeabi_assert
    fsl_usart.o(.text.USART_TransferStopRingBuffer) refers to fsl_usart.o(.rodata.str1.1) for [Anonymous Symbol]
    fsl_usart.o(.ARM.exidx.text.USART_TransferStopRingBuffer) refers to fsl_usart.o(.text.USART_TransferStopRingBuffer) for [Anonymous Symbol]
    fsl_usart.o(.text.USART_Init) refers to fsl_assert.o(.text.__aeabi_assert) for __aeabi_assert
    fsl_usart.o(.text.USART_Init) refers to fsl_reset.o(.text.RESET_PeripheralReset) for RESET_PeripheralReset
    fsl_usart.o(.text.USART_Init) refers to fsl_usart.o(.text.USART_SetBaudRate) for USART_SetBaudRate
    fsl_usart.o(.text.USART_Init) refers to fsl_usart.o(.rodata.cst4) for [Anonymous Symbol]
    fsl_usart.o(.text.USART_Init) refers to fsl_usart.o(.rodata.cst8) for [Anonymous Symbol]
    fsl_usart.o(.text.USART_Init) refers to fsl_usart.o(.rodata.str1.1) for [Anonymous Symbol]
    fsl_usart.o(.ARM.exidx.text.USART_Init) refers to fsl_usart.o(.text.USART_Init) for [Anonymous Symbol]
    fsl_usart.o(.text.USART_SetBaudRate) refers to uidiv_div0.o(.text) for __aeabi_uidiv
    fsl_usart.o(.text.USART_SetBaudRate) refers to fsl_assert.o(.text.__aeabi_assert) for __aeabi_assert
    fsl_usart.o(.text.USART_SetBaudRate) refers to fsl_usart.o(.rodata.str1.1) for [Anonymous Symbol]
    fsl_usart.o(.ARM.exidx.text.USART_SetBaudRate) refers to fsl_usart.o(.text.USART_SetBaudRate) for [Anonymous Symbol]
    fsl_usart.o(.text.USART_Deinit) refers to fsl_assert.o(.text.__aeabi_assert) for __aeabi_assert
    fsl_usart.o(.text.USART_Deinit) refers to fsl_usart.o(.rodata.cst8) for [Anonymous Symbol]
    fsl_usart.o(.text.USART_Deinit) refers to fsl_usart.o(.rodata.str1.1) for [Anonymous Symbol]
    fsl_usart.o(.text.USART_Deinit) refers to fsl_usart.o(.rodata.cst4) for [Anonymous Symbol]
    fsl_usart.o(.ARM.exidx.text.USART_Deinit) refers to fsl_usart.o(.text.USART_Deinit) for [Anonymous Symbol]
    fsl_usart.o(.text.USART_GetDefaultConfig) refers to memset.o(.text) for memset
    fsl_usart.o(.text.USART_GetDefaultConfig) refers to fsl_assert.o(.text.__aeabi_assert) for __aeabi_assert
    fsl_usart.o(.text.USART_GetDefaultConfig) refers to fsl_usart.o(.rodata.str1.1) for [Anonymous Symbol]
    fsl_usart.o(.ARM.exidx.text.USART_GetDefaultConfig) refers to fsl_usart.o(.text.USART_GetDefaultConfig) for [Anonymous Symbol]
    fsl_usart.o(.text.USART_WriteBlocking) refers to fsl_assert.o(.text.__aeabi_assert) for __aeabi_assert
    fsl_usart.o(.text.USART_WriteBlocking) refers to fsl_usart.o(.rodata.str1.1) for [Anonymous Symbol]
    fsl_usart.o(.ARM.exidx.text.USART_WriteBlocking) refers to fsl_usart.o(.text.USART_WriteBlocking) for [Anonymous Symbol]
    fsl_usart.o(.text.USART_ReadBlocking) refers to fsl_assert.o(.text.__aeabi_assert) for __aeabi_assert
    fsl_usart.o(.text.USART_ReadBlocking) refers to fsl_usart.o(.rodata.str1.1) for [Anonymous Symbol]
    fsl_usart.o(.ARM.exidx.text.USART_ReadBlocking) refers to fsl_usart.o(.text.USART_ReadBlocking) for [Anonymous Symbol]
    fsl_usart.o(.text.USART_TransferCreateHandle) refers to fsl_assert.o(.text.__aeabi_assert) for __aeabi_assert
    fsl_usart.o(.text.USART_TransferCreateHandle) refers to memset.o(.text) for memset
    fsl_usart.o(.text.USART_TransferCreateHandle) refers to fsl_usart.o(.bss.s_usartHandle) for [Anonymous Symbol]
    fsl_usart.o(.text.USART_TransferCreateHandle) refers to fsl_usart.o(.rodata.cst8) for [Anonymous Symbol]
    fsl_usart.o(.text.USART_TransferCreateHandle) refers to fsl_usart.o(.rodata.str1.1) for [Anonymous Symbol]
    fsl_usart.o(.text.USART_TransferCreateHandle) refers to fsl_usart.o(.data.s_usartIsr) for [Anonymous Symbol]
    fsl_usart.o(.text.USART_TransferCreateHandle) refers to fsl_usart.o(.text.USART_TransferHandleIRQ) for USART_TransferHandleIRQ
    fsl_usart.o(.ARM.exidx.text.USART_TransferCreateHandle) refers to fsl_usart.o(.text.USART_TransferCreateHandle) for [Anonymous Symbol]
    fsl_usart.o(.text.USART_TransferHandleIRQ) refers to fsl_assert.o(.text.__aeabi_assert) for __aeabi_assert
    fsl_usart.o(.text.USART_TransferHandleIRQ) refers to fsl_usart.o(.rodata.str1.1) for [Anonymous Symbol]
    fsl_usart.o(.ARM.exidx.text.USART_TransferHandleIRQ) refers to fsl_usart.o(.text.USART_TransferHandleIRQ) for [Anonymous Symbol]
    fsl_usart.o(.text.USART_TransferSendNonBlocking) refers to fsl_assert.o(.text.__aeabi_assert) for __aeabi_assert
    fsl_usart.o(.text.USART_TransferSendNonBlocking) refers to fsl_usart.o(.rodata.str1.1) for [Anonymous Symbol]
    fsl_usart.o(.ARM.exidx.text.USART_TransferSendNonBlocking) refers to fsl_usart.o(.text.USART_TransferSendNonBlocking) for [Anonymous Symbol]
    fsl_usart.o(.text.USART_TransferAbortSend) refers to fsl_assert.o(.text.__aeabi_assert) for __aeabi_assert
    fsl_usart.o(.text.USART_TransferAbortSend) refers to fsl_usart.o(.rodata.str1.1) for [Anonymous Symbol]
    fsl_usart.o(.ARM.exidx.text.USART_TransferAbortSend) refers to fsl_usart.o(.text.USART_TransferAbortSend) for [Anonymous Symbol]
    fsl_usart.o(.text.USART_TransferGetSendCount) refers to fsl_assert.o(.text.__aeabi_assert) for __aeabi_assert
    fsl_usart.o(.text.USART_TransferGetSendCount) refers to fsl_usart.o(.rodata.str1.1) for [Anonymous Symbol]
    fsl_usart.o(.ARM.exidx.text.USART_TransferGetSendCount) refers to fsl_usart.o(.text.USART_TransferGetSendCount) for [Anonymous Symbol]
    fsl_usart.o(.text.USART_TransferReceiveNonBlocking) refers to fsl_assert.o(.text.__aeabi_assert) for __aeabi_assert
    fsl_usart.o(.text.USART_TransferReceiveNonBlocking) refers to fsl_usart.o(.rodata.str1.1) for [Anonymous Symbol]
    fsl_usart.o(.ARM.exidx.text.USART_TransferReceiveNonBlocking) refers to fsl_usart.o(.text.USART_TransferReceiveNonBlocking) for [Anonymous Symbol]
    fsl_usart.o(.text.USART_TransferAbortReceive) refers to fsl_assert.o(.text.__aeabi_assert) for __aeabi_assert
    fsl_usart.o(.text.USART_TransferAbortReceive) refers to fsl_usart.o(.rodata.str1.1) for [Anonymous Symbol]
    fsl_usart.o(.ARM.exidx.text.USART_TransferAbortReceive) refers to fsl_usart.o(.text.USART_TransferAbortReceive) for [Anonymous Symbol]
    fsl_usart.o(.text.USART_TransferGetReceiveCount) refers to fsl_assert.o(.text.__aeabi_assert) for __aeabi_assert
    fsl_usart.o(.text.USART_TransferGetReceiveCount) refers to fsl_usart.o(.rodata.str1.1) for [Anonymous Symbol]
    fsl_usart.o(.ARM.exidx.text.USART_TransferGetReceiveCount) refers to fsl_usart.o(.text.USART_TransferGetReceiveCount) for [Anonymous Symbol]
    fsl_usart.o(.text.USART0_DriverIRQHandler) refers to fsl_usart.o(.bss.s_usartHandle) for [Anonymous Symbol]
    fsl_usart.o(.text.USART0_DriverIRQHandler) refers to fsl_usart.o(.data.s_usartIsr) for [Anonymous Symbol]
    fsl_usart.o(.ARM.exidx.text.USART0_DriverIRQHandler) refers to fsl_usart.o(.text.USART0_DriverIRQHandler) for [Anonymous Symbol]
    fsl_usart.o(.text.USART1_DriverIRQHandler) refers to fsl_usart.o(.bss.s_usartHandle) for [Anonymous Symbol]
    fsl_usart.o(.text.USART1_DriverIRQHandler) refers to fsl_usart.o(.data.s_usartIsr) for [Anonymous Symbol]
    fsl_usart.o(.ARM.exidx.text.USART1_DriverIRQHandler) refers to fsl_usart.o(.text.USART1_DriverIRQHandler) for [Anonymous Symbol]
    fsl_usart.o(.data.s_usartIsr) refers to startup_lpc804.o(.text) for DefaultISR
    system_lpc804.o(.text.SystemInit) refers to system_lpc804.o(.text.SystemInitHook) for SystemInitHook
    system_lpc804.o(.text.SystemInit) refers to startup_lpc804.o(.isr_vector) for __Vectors
    system_lpc804.o(.text.SystemInit) refers to system_lpc804.o(.data.SystemCoreClock) for SystemCoreClock
    system_lpc804.o(.ARM.exidx.text.SystemInit) refers to system_lpc804.o(.text.SystemInit) for [Anonymous Symbol]
    system_lpc804.o(.ARM.exidx.text.SystemInitHook) refers to system_lpc804.o(.text.SystemInitHook) for [Anonymous Symbol]
    system_lpc804.o(.text.SystemCoreClockUpdate) refers to uidiv_div0.o(.text) for __aeabi_uidiv
    system_lpc804.o(.text.SystemCoreClockUpdate) refers to fsl_clock.o(.bss.g_Fro_Osc_Freq) for g_Fro_Osc_Freq
    system_lpc804.o(.text.SystemCoreClockUpdate) refers to system_lpc804.o(.data.SystemCoreClock) for SystemCoreClock
    system_lpc804.o(.ARM.exidx.text.SystemCoreClockUpdate) refers to system_lpc804.o(.text.SystemCoreClockUpdate) for [Anonymous Symbol]
    fsl_assert.o(.ARM.exidx.text.fsl_assert_hook) refers to fsl_assert.o(.text.fsl_assert_hook) for [Anonymous Symbol]
    fsl_assert.o(.text.__aeabi_assert) refers to fsl_debug_console.o(.text.DbgConsole_Printf) for DbgConsole_Printf
    fsl_assert.o(.text.__aeabi_assert) refers to fsl_assert.o(.text.fsl_assert_hook) for fsl_assert_hook
    fsl_assert.o(.ARM.exidx.text.__aeabi_assert) refers to fsl_assert.o(.text.__aeabi_assert) for [Anonymous Symbol]
    fsl_debug_console.o(.text.DbgConsole_Init) refers to fsl_adapter_miniusart.o(.text.HAL_UartInit) for HAL_UartInit
    fsl_debug_console.o(.text.DbgConsole_Init) refers to fsl_debug_console.o(.bss.s_debugConsole) for [Anonymous Symbol]
    fsl_debug_console.o(.text.DbgConsole_Init) refers to fsl_adapter_miniusart.o(.text.HAL_UartReceiveBlocking) for HAL_UartReceiveBlocking
    fsl_debug_console.o(.text.DbgConsole_Init) refers to fsl_adapter_miniusart.o(.text.HAL_UartSendBlocking) for HAL_UartSendBlocking
    fsl_debug_console.o(.ARM.exidx.text.DbgConsole_Init) refers to fsl_debug_console.o(.text.DbgConsole_Init) for [Anonymous Symbol]
    fsl_debug_console.o(.text.DbgConsole_Deinit) refers to fsl_adapter_miniusart.o(.text.HAL_UartDeinit) for HAL_UartDeinit
    fsl_debug_console.o(.text.DbgConsole_Deinit) refers to fsl_debug_console.o(.bss.s_debugConsole) for [Anonymous Symbol]
    fsl_debug_console.o(.ARM.exidx.text.DbgConsole_Deinit) refers to fsl_debug_console.o(.text.DbgConsole_Deinit) for [Anonymous Symbol]
    fsl_debug_console.o(.text.DbgConsole_EnterLowpower) refers to fsl_adapter_miniusart.o(.text.HAL_UartEnterLowpower) for HAL_UartEnterLowpower
    fsl_debug_console.o(.text.DbgConsole_EnterLowpower) refers to fsl_debug_console.o(.bss.s_debugConsole) for [Anonymous Symbol]
    fsl_debug_console.o(.ARM.exidx.text.DbgConsole_EnterLowpower) refers to fsl_debug_console.o(.text.DbgConsole_EnterLowpower) for [Anonymous Symbol]
    fsl_debug_console.o(.text.DbgConsole_ExitLowpower) refers to fsl_adapter_miniusart.o(.text.HAL_UartExitLowpower) for HAL_UartExitLowpower
    fsl_debug_console.o(.text.DbgConsole_ExitLowpower) refers to fsl_debug_console.o(.bss.s_debugConsole) for [Anonymous Symbol]
    fsl_debug_console.o(.ARM.exidx.text.DbgConsole_ExitLowpower) refers to fsl_debug_console.o(.text.DbgConsole_ExitLowpower) for [Anonymous Symbol]
    fsl_debug_console.o(.text.DbgConsole_Printf) refers to fsl_debug_console.o(.text.DbgConsole_Vprintf) for DbgConsole_Vprintf
    fsl_debug_console.o(.ARM.exidx.text.DbgConsole_Printf) refers to fsl_debug_console.o(.text.DbgConsole_Printf) for [Anonymous Symbol]
    fsl_debug_console.o(.text.DbgConsole_Vprintf) refers to uidiv_div0.o(.text) for __aeabi_uidiv
    fsl_debug_console.o(.text.DbgConsole_Vprintf) refers to memcpy.o(.text) for memcpy
    fsl_debug_console.o(.text.DbgConsole_Vprintf) refers to fsl_debug_console.o(.bss.s_debugConsole) for [Anonymous Symbol]
    fsl_debug_console.o(.text.DbgConsole_Vprintf) refers to strlen.o(.text) for strlen
    fsl_debug_console.o(.ARM.exidx.text.DbgConsole_Vprintf) refers to fsl_debug_console.o(.text.DbgConsole_Vprintf) for [Anonymous Symbol]
    fsl_debug_console.o(.text.DbgConsole_Putchar) refers to fsl_debug_console.o(.bss.s_debugConsole) for [Anonymous Symbol]
    fsl_debug_console.o(.ARM.exidx.text.DbgConsole_Putchar) refers to fsl_debug_console.o(.text.DbgConsole_Putchar) for [Anonymous Symbol]
    fsl_debug_console.o(.text.DbgConsole_Scanf) refers to fsl_str.o(.text.StrFormatScanf) for StrFormatScanf
    fsl_debug_console.o(.text.DbgConsole_Scanf) refers to fsl_debug_console.o(.bss.s_debugConsole) for [Anonymous Symbol]
    fsl_debug_console.o(.ARM.exidx.text.DbgConsole_Scanf) refers to fsl_debug_console.o(.text.DbgConsole_Scanf) for [Anonymous Symbol]
    fsl_debug_console.o(.text.DbgConsole_Getchar) refers to fsl_debug_console.o(.bss.s_debugConsole) for [Anonymous Symbol]
    fsl_debug_console.o(.ARM.exidx.text.DbgConsole_Getchar) refers to fsl_debug_console.o(.text.DbgConsole_Getchar) for [Anonymous Symbol]
    fsl_str.o(.text.StrFormatPrintf) refers to uidiv_div0.o(.text) for __aeabi_uidiv
    fsl_str.o(.text.StrFormatPrintf) refers to memcpy.o(.text) for memcpy
    fsl_str.o(.text.StrFormatPrintf) refers to strlen.o(.text) for strlen
    fsl_str.o(.ARM.exidx.text.StrFormatPrintf) refers to fsl_str.o(.text.StrFormatPrintf) for [Anonymous Symbol]
    fsl_str.o(.text.StrFormatScanf) refers to errno.o(i.__aeabi_errno_addr) for __aeabi_errno_addr
    fsl_str.o(.text.StrFormatScanf) refers to strtoul.o(.text) for strtoul
    fsl_str.o(.text.StrFormatScanf) refers to strlen.o(.text) for strlen
    fsl_str.o(.text.StrFormatScanf) refers to memcpy.o(.text) for memcpy
    fsl_str.o(.ARM.exidx.text.StrFormatScanf) refers to fsl_str.o(.text.StrFormatScanf) for [Anonymous Symbol]
    startup_lpc804.o(.text) refers to system_lpc804.o(.text.SystemInit) for SystemInit
    startup_lpc804.o(.text) refers to entry.o(.ARM.Collect$$$$00000000) for __main
    startup_lpc804.o(.text) refers to fsl_usart.o(.text.USART0_DriverIRQHandler) for USART0_DriverIRQHandler
    startup_lpc804.o(.text) refers to fsl_usart.o(.text.USART1_DriverIRQHandler) for USART1_DriverIRQHandler
    startup_lpc804.o(.text) refers to main.o(.text.PIN_INT0_DriverIRQHandler) for PIN_INT0_DriverIRQHandler
    startup_lpc804.o(.isr_vector) refers to startup_lpc804.o(.text) for Reset_Handler
    atan2.o(i.__softfp_atan2) refers (Special) to iusefp.o(.text) for __I$use$fp
    atan2.o(i.__softfp_atan2) refers to atan2.o(i.atan2) for atan2
    atan2.o(i.atan2) refers (Special) to iusefp.o(.text) for __I$use$fp
    atan2.o(i.atan2) refers to dunder.o(i.__mathlib_dbl_infnan2) for __mathlib_dbl_infnan2
    atan2.o(i.atan2) refers to atan.o(i.atan) for atan
    atan2.o(i.atan2) refers to ddiv.o(.text) for __aeabi_ddiv
    atan2.o(i.atan2) refers to dadd.o(.text) for __aeabi_dsub
    atan2.o(i.atan2) refers to cdcmple.o(.text) for __aeabi_cdcmpeq
    atan2.o(i.atan2) refers to errno.o(i.__set_errno) for __set_errno
    atan2.o(i.atan2) refers to qnan.o(.constdata) for __mathlib_zero
    atof.o(i.__softfp_atof) refers (Special) to iusefp.o(.text) for __I$use$fp
    atof.o(i.__softfp_atof) refers to errno.o(i.__read_errno) for __read_errno
    atof.o(i.__softfp_atof) refers to strtod.o(.text) for __strtod_int
    atof.o(i.__softfp_atof) refers to errno.o(i.__set_errno) for __set_errno
    atof.o(i.atof) refers (Special) to iusefp.o(.text) for __I$use$fp
    atof.o(i.atof) refers to errno.o(i.__read_errno) for __read_errno
    atof.o(i.atof) refers to strtod.o(.text) for __strtod_int
    atof.o(i.atof) refers to errno.o(i.__set_errno) for __set_errno
    cos.o(i.__softfp_cos) refers (Special) to iusefp.o(.text) for __I$use$fp
    cos.o(i.__softfp_cos) refers to cos.o(i.cos) for cos
    cos.o(i.cos) refers (Special) to iusefp.o(.text) for __I$use$fp
    cos.o(i.cos) refers to errno.o(i.__set_errno) for __set_errno
    cos.o(i.cos) refers to dunder.o(i.__mathlib_dbl_invalid) for __mathlib_dbl_invalid
    cos.o(i.cos) refers to dunder.o(i.__mathlib_dbl_infnan) for __mathlib_dbl_infnan
    cos.o(i.cos) refers to rred.o(i.__ieee754_rem_pio2) for __ieee754_rem_pio2
    cos.o(i.cos) refers to sin_i.o(i.__kernel_sin) for __kernel_sin
    cos.o(i.cos) refers to cos_i.o(i.__kernel_cos) for __kernel_cos
    sin.o(i.__softfp_sin) refers (Special) to iusefp.o(.text) for __I$use$fp
    sin.o(i.__softfp_sin) refers to sin.o(i.sin) for sin
    sin.o(i.sin) refers (Special) to iusefp.o(.text) for __I$use$fp
    sin.o(i.sin) refers to errno.o(i.__set_errno) for __set_errno
    sin.o(i.sin) refers to dunder.o(i.__mathlib_dbl_invalid) for __mathlib_dbl_invalid
    sin.o(i.sin) refers to dunder.o(i.__mathlib_dbl_infnan) for __mathlib_dbl_infnan
    sin.o(i.sin) refers to rred.o(i.__ieee754_rem_pio2) for __ieee754_rem_pio2
    sin.o(i.sin) refers to cos_i.o(i.__kernel_cos) for __kernel_cos
    sin.o(i.sin) refers to sin_i.o(i.__kernel_sin) for __kernel_sin
    entry.o(.ARM.Collect$$$$00000000) refers (Special) to entry10a.o(.ARM.Collect$$$$0000000D) for __rt_final_cpp
    entry.o(.ARM.Collect$$$$00000000) refers (Special) to entry11a.o(.ARM.Collect$$$$0000000F) for __rt_final_exit
    entry.o(.ARM.Collect$$$$00000000) refers (Special) to entry7b.o(.ARM.Collect$$$$00000008) for _main_clock
    entry.o(.ARM.Collect$$$$00000000) refers (Special) to entry8b.o(.ARM.Collect$$$$0000000A) for _main_cpp_init
    entry.o(.ARM.Collect$$$$00000000) refers (Special) to entry9a.o(.ARM.Collect$$$$0000000B) for _main_init
    entry.o(.ARM.Collect$$$$00000000) refers (Special) to entry5.o(.ARM.Collect$$$$00000004) for _main_scatterload
    entry.o(.ARM.Collect$$$$00000000) refers (Special) to entry4.o(.ARM.Collect$$$$00000003) for _main_stk
    idiv.o(.text) refers to uidiv_div0.o(.text) for __aeabi_uidivmod
    uldiv.o(.text) refers to llushr.o(.text) for __aeabi_llsr
    uldiv.o(.text) refers to llshl.o(.text) for __aeabi_llsl
    malloc2.o(i.__free$2region) refers to mvars.o(.data) for __microlib_freelist
    malloc2.o(i.__malloc$2region) refers to mvars.o(.data) for __microlib_freelist_initialised
    malloc2.o(i.__malloc$2region) refers to mvars.o(.data) for __microlib_freelist
    mallocr2.o(i.__free$realloc$2region) refers to mvars.o(.data) for __microlib_freelist
    mallocr2.o(i.__malloc$realloc$2region) refers to mallocr2.o(i.internal_alloc) for internal_alloc
    mallocr2.o(i.__malloc$realloc$2region) refers to mvars.o(.data) for __microlib_freelist_initialised
    mallocr2.o(i.__malloc$realloc$2region) refers to mvars.o(.data) for __microlib_freelist
    mallocr2.o(i.__realloc$2region) refers to mallocr2.o(i.__free$realloc$2region) for __free$realloc$2region
    mallocr2.o(i.__realloc$2region) refers to mallocr2.o(i.internal_alloc) for internal_alloc
    mallocr2.o(i.__realloc$2region) refers to mallocr2.o(i.__malloc$realloc$2region) for __malloc$realloc$2region
    mallocr2.o(i.__realloc$2region) refers to mvars.o(.data) for __microlib_freelist
    mallocr2.o(i.internal_alloc) refers to memcpy.o(.text) for __aeabi_memcpy
    mallocr2.o(i.internal_alloc) refers to mvars.o(.data) for __microlib_freelist
    malloca2.o(i.__aligned_malloc$2region) refers to mvars.o(.data) for __microlib_freelist
    malloca2.o(i.__aligned_malloc$2region) refers to mvars.o(.data) for __microlib_freelist_initialised
    malloca2.o(i.__free$memalign$2region) refers to mvars.o(.data) for __microlib_freelist
    malloca2.o(i.__malloc$memalign$2region) refers to malloca2.o(i.__aligned_malloc$2region) for __aligned_malloc$2region
    mallocra2.o(i.__aligned_malloc$realloc$2region) refers to mallocra2.o(i.internal_alloc) for internal_alloc
    mallocra2.o(i.__aligned_malloc$realloc$2region) refers to mvars.o(.data) for __microlib_freelist
    mallocra2.o(i.__aligned_malloc$realloc$2region) refers to mvars.o(.data) for __microlib_freelist_initialised
    mallocra2.o(i.__free$realloc$memalign$2region) refers to mvars.o(.data) for __microlib_freelist
    mallocra2.o(i.__malloc$realloc$memalign$2region) refers to mallocra2.o(i.__aligned_malloc$realloc$2region) for __aligned_malloc$realloc$2region
    mallocra2.o(i.__realloc$memalign$2region) refers to mallocra2.o(i.__free$realloc$memalign$2region) for __free$realloc$memalign$2region
    mallocra2.o(i.__realloc$memalign$2region) refers to mallocra2.o(i.internal_alloc) for internal_alloc
    mallocra2.o(i.__realloc$memalign$2region) refers to mallocra2.o(i.__malloc$realloc$memalign$2region) for __malloc$realloc$memalign$2region
    mallocra2.o(i.__realloc$memalign$2region) refers to mvars.o(.data) for __microlib_freelist
    mallocra2.o(i.internal_alloc) refers to memcpy.o(.text) for __aeabi_memcpy
    mallocra2.o(i.internal_alloc) refers to mvars.o(.data) for __microlib_freelist
    errno.o(i.__aeabi_errno_addr) refers to errno.o(.data) for .data
    errno.o(i.__read_errno) refers to errno.o(.data) for .data
    errno.o(i.__set_errno) refers to errno.o(.data) for .data
    strtoul.o(.text) refers to errno.o(i.__aeabi_errno_addr) for __aeabi_errno_addr
    strtoul.o(.text) refers to ctype_o.o(.text) for __rt_ctype_table
    strtoul.o(.text) refers to _strtoul.o(.text) for _strtoul
    dadd.o(.text) refers (Special) to iusefp.o(.text) for __I$use$fp
    dadd.o(.text) refers to llshl.o(.text) for __aeabi_llsl
    dadd.o(.text) refers to llsshr.o(.text) for __aeabi_lasr
    dadd.o(.text) refers to depilogue.o(.text) for _double_epilogue
    dmul.o(.text) refers (Special) to iusefp.o(.text) for __I$use$fp
    dmul.o(.text) refers to depilogue.o(.text) for _double_epilogue
    ddiv.o(.text) refers (Special) to iusefp.o(.text) for __I$use$fp
    ddiv.o(.text) refers to depilogue.o(.text) for _double_round
    dcmplt.o(.text) refers (Special) to iusefp.o(.text) for __I$use$fp
    dcmpge.o(.text) refers (Special) to iusefp.o(.text) for __I$use$fp
    dflti.o(.text) refers (Special) to iusefp.o(.text) for __I$use$fp
    dflti.o(.text) refers to depilogue.o(.text) for _double_epilogue
    dfixi.o(.text) refers (Special) to iusefp.o(.text) for __I$use$fp
    dfixi.o(.text) refers to llushr.o(.text) for __aeabi_llsr
    atan.o(i.__softfp_atan) refers (Special) to iusefp.o(.text) for __I$use$fp
    atan.o(i.__softfp_atan) refers to atan.o(i.atan) for atan
    atan.o(i.atan) refers (Special) to iusefp.o(.text) for __I$use$fp
    atan.o(i.atan) refers to dunder.o(i.__mathlib_dbl_infnan) for __mathlib_dbl_infnan
    atan.o(i.atan) refers to fpclassify.o(i.__ARM_fpclassify) for __ARM_fpclassify
    atan.o(i.atan) refers to dunder.o(i.__mathlib_dbl_underflow) for __mathlib_dbl_underflow
    atan.o(i.atan) refers to dadd.o(.text) for __aeabi_dadd
    atan.o(i.atan) refers to dscalb.o(.text) for __ARM_scalbn
    atan.o(i.atan) refers to ddiv.o(.text) for __aeabi_ddiv
    atan.o(i.atan) refers to dmul.o(.text) for __aeabi_dmul
    atan.o(i.atan) refers to poly.o(i.__kernel_poly) for __kernel_poly
    atan.o(i.atan) refers to atan.o(.constdata) for .constdata
    atan.o(.constdata) refers (Special) to iusefp.o(.text) for __I$use$fp
    cos_i.o(i.__kernel_cos) refers (Special) to iusefp.o(.text) for __I$use$fp
    cos_i.o(i.__kernel_cos) refers to dfixi.o(.text) for __aeabi_d2iz
    cos_i.o(i.__kernel_cos) refers to dmul.o(.text) for __aeabi_dmul
    cos_i.o(i.__kernel_cos) refers to poly.o(i.__kernel_poly) for __kernel_poly
    cos_i.o(i.__kernel_cos) refers to dadd.o(.text) for __aeabi_dsub
    cos_i.o(i.__kernel_cos) refers to dscalb.o(.text) for __ARM_scalbn
    cos_i.o(i.__kernel_cos) refers to cos_i.o(.constdata) for .constdata
    cos_i.o(.constdata) refers (Special) to iusefp.o(.text) for __I$use$fp
    dunder.o(i.__mathlib_dbl_divzero) refers to ddiv.o(.text) for __aeabi_ddiv
    dunder.o(i.__mathlib_dbl_infnan) refers to dscalb.o(.text) for __ARM_scalbn
    dunder.o(i.__mathlib_dbl_infnan2) refers to dadd.o(.text) for __aeabi_dadd
    dunder.o(i.__mathlib_dbl_invalid) refers to ddiv.o(.text) for __aeabi_ddiv
    dunder.o(i.__mathlib_dbl_overflow) refers to dscalb.o(.text) for __ARM_scalbn
    dunder.o(i.__mathlib_dbl_posinfnan) refers to dmul.o(.text) for __aeabi_dmul
    dunder.o(i.__mathlib_dbl_underflow) refers to dscalb.o(.text) for __ARM_scalbn
    qnan.o(.constdata) refers (Special) to iusefp.o(.text) for __I$use$fp
    rred.o(i.__ieee754_rem_pio2) refers (Special) to iusefp.o(.text) for __I$use$fp
    rred.o(i.__ieee754_rem_pio2) refers to dadd.o(.text) for __aeabi_dsub
    rred.o(i.__ieee754_rem_pio2) refers to dmul.o(.text) for __aeabi_dmul
    rred.o(i.__ieee754_rem_pio2) refers to dfixi.o(.text) for __aeabi_d2iz
    rred.o(i.__ieee754_rem_pio2) refers to dflti.o(.text) for __aeabi_i2d
    rred.o(i.__ieee754_rem_pio2) refers to rred.o(i.__ARM_common_ll_muluu) for __ARM_common_ll_muluu
    rred.o(i.__ieee754_rem_pio2) refers to dfltui.o(.text) for __aeabi_ui2d
    rred.o(i.__ieee754_rem_pio2) refers to dscalb.o(.text) for __ARM_scalbn
    rred.o(i.__ieee754_rem_pio2) refers to rred.o(.constdata) for .constdata
    rred.o(i.__use_accurate_range_reduction) refers (Special) to iusefp.o(.text) for __I$use$fp
    rred.o(.constdata) refers (Special) to iusefp.o(.text) for __I$use$fp
    sin_i.o(i.__kernel_sin) refers (Special) to iusefp.o(.text) for __I$use$fp
    sin_i.o(i.__kernel_sin) refers to fpclassify.o(i.__ARM_fpclassify) for __ARM_fpclassify
    sin_i.o(i.__kernel_sin) refers to dunder.o(i.__mathlib_dbl_underflow) for __mathlib_dbl_underflow
    sin_i.o(i.__kernel_sin) refers to dmul.o(.text) for __aeabi_dmul
    sin_i.o(i.__kernel_sin) refers to poly.o(i.__kernel_poly) for __kernel_poly
    sin_i.o(i.__kernel_sin) refers to dscalb.o(.text) for __ARM_scalbn
    sin_i.o(i.__kernel_sin) refers to dadd.o(.text) for __aeabi_dsub
    sin_i.o(i.__kernel_sin) refers to sin_i.o(.constdata) for .constdata
    sin_i.o(.constdata) refers (Special) to iusefp.o(.text) for __I$use$fp
    entry4.o(.ARM.Collect$$$$00000003) refers to entry4.o(.ARM.Collect$$$$00002714) for __lit__00000000
    entry4.o(__vectab_stack_and_reset_area) refers to entry.o(.ARM.Collect$$$$00000000) for __main
    entry5.o(.ARM.Collect$$$$00000004) refers to init.o(.text) for __scatterload
    entry9a.o(.ARM.Collect$$$$0000000B) refers to main.o(.text.main) for main
    entry9b.o(.ARM.Collect$$$$0000000C) refers to main.o(.text.main) for main
    idiv_div0.o(.text) refers to uidiv_div0.o(.text) for __aeabi_uidivmod
    ctype_o.o(.text) refers to ctype_o.o(.constdata) for .constdata
    ctype_o.o(.constdata) refers to ctype_o.o(.constdata) for __ctype_table
    isalnum_o.o(.text) refers to ctype_o.o(.text) for __rt_ctype_table
    isalpha_o.o(.text) refers to ctype_o.o(.text) for __rt_ctype_table
    isblank_o.o(.text) refers to ctype_o.o(.constdata) for __ctype_table
    iscntrl_o.o(.text) refers to ctype_o.o(.text) for __rt_ctype_table
    isdigit_o.o(.text) refers to ctype_o.o(.text) for __rt_ctype_table
    isgraph_o.o(.text) refers to ctype_o.o(.text) for __rt_ctype_table
    islower_o.o(.text) refers to ctype_o.o(.text) for __rt_ctype_table
    isprint_o.o(.text) refers to ctype_o.o(.text) for __rt_ctype_table
    ispunct_o.o(.text) refers to ctype_o.o(.text) for __rt_ctype_table
    isspace_o.o(.text) refers to ctype_o.o(.text) for __rt_ctype_table
    isupper_o.o(.text) refers to ctype_o.o(.text) for __rt_ctype_table
    isxdigit_o.o(.text) refers to ctype_o.o(.text) for __rt_ctype_table
    _strtoul.o(.text) refers to _chval.o(.text) for _chval
    _strtoul.o(.text) refers to errno.o(i.__aeabi_errno_addr) for __aeabi_errno_addr
    strtod.o(.text) refers to scanf_fp.o(.text) for _scanf_real
    strtod.o(.text) refers to _sgetc.o(.text) for _sgetc
    strtod.o(.text) refers to isspace_o.o(.text) for isspace
    depilogue.o(.text) refers (Special) to iusefp.o(.text) for __I$use$fp
    depilogue.o(.text) refers to depilogue.o(i.__ARM_clz) for __ARM_clz
    depilogue.o(.text) refers to llshl.o(.text) for __aeabi_llsl
    depilogue.o(.text) refers to llushr.o(.text) for __aeabi_llsr
    cdcmple.o(.text) refers (Special) to iusefp.o(.text) for __I$use$fp
    fpclassify.o(i.__ARM_fpclassify) refers (Special) to iusefp.o(.text) for __I$use$fp
    poly.o(i.__kernel_poly) refers (Special) to iusefp.o(.text) for __I$use$fp
    poly.o(i.__kernel_poly) refers to dmul.o(.text) for __aeabi_dmul
    poly.o(i.__kernel_poly) refers to dadd.o(.text) for __aeabi_dadd
    init.o(.text) refers to entry5.o(.ARM.Collect$$$$00000004) for __main_after_scatterload
    isspace_c.o(.text) refers to ctype_c.o(.text) for __ctype_lookup
    scanf_fp.o(.text) refers (Special) to iusefp.o(.text) for __I$use$fp
    scanf_fp.o(.text) refers to llmul.o(.text) for __aeabi_lmul
    scanf_fp.o(.text) refers to dfltul.o(.text) for __aeabi_ul2d
    scanf_fp.o(.text) refers to dmul.o(.text) for __aeabi_dmul
    scanf_fp.o(.text) refers to ddiv.o(.text) for __aeabi_ddiv
    scanf_fp.o(.text) refers to scanf_fp.o(i._is_digit) for _is_digit
    scanf_fp.o(.text) refers to d2f.o(.text) for __aeabi_d2f
    dscalb.o(.text) refers (Special) to iusefp.o(.text) for __I$use$fp
    dfltui.o(.text) refers (Special) to iusefp.o(.text) for __I$use$fp
    dfltui.o(.text) refers to depilogue.o(.text) for _double_epilogue
    ctype_c.o(.text) refers to ctype_c.o(.constdata) for .constdata
    dfltul.o(.text) refers (Special) to iusefp.o(.text) for __I$use$fp
    dfltul.o(.text) refers to depilogue.o(.text) for _double_epilogue
    d2f.o(.text) refers (Special) to iusefp.o(.text) for __I$use$fp
    d2f.o(.text) refers to fepilogue.o(.text) for _float_round
    fepilogue.o(.text) refers (Special) to iusefp.o(.text) for __I$use$fp
    rred.o(i.__ARM_common_ll_muluu) refers (Special) to iusefp.o(.text) for __I$use$fp
    depilogue.o(i.__ARM_clz) refers (Special) to iusefp.o(.text) for __I$use$fp
    scanf_fp.o(i._is_digit) refers (Special) to iusefp.o(.text) for __I$use$fp


==============================================================================

Removing Unused input sections from the image.

    Removing layer1.o(.text), (0 bytes).
    Removing layer1.o(.ARM.exidx.text.initPort), (8 bytes).
    Removing layer1.o(.ARM.exidx.text.changeDIR), (8 bytes).
    Removing layer1.o(.text.initPWM), (76 bytes).
    Removing layer1.o(.ARM.exidx.text.initPWM), (8 bytes).
    Removing layer1.o(.text.pwmdutycycle), (24 bytes).
    Removing layer1.o(.ARM.exidx.text.pwmdutycycle), (8 bytes).
    Removing layer1.o(.text.decoder), (84 bytes).
    Removing layer1.o(.ARM.exidx.text.decoder), (8 bytes).
    Removing layer1.o(.ARM.exidx.text.delay), (8 bytes).
    Removing layer1.o(.text.uartinit), (136 bytes).
    Removing layer1.o(.ARM.exidx.text.uartinit), (8 bytes).
    Removing layer1.o(.text.sendcharuart), (24 bytes).
    Removing layer1.o(.ARM.exidx.text.sendcharuart), (8 bytes).
    Removing layer1.o(.text.readcharuart), (4 bytes).
    Removing layer1.o(.ARM.exidx.text.readcharuart), (8 bytes).
    Removing layer1.o(.text.I2Cinit), (104 bytes).
    Removing layer1.o(.ARM.exidx.text.I2Cinit), (8 bytes).
    Removing layer1.o(.text.pininterruptsetup), (72 bytes).
    Removing layer1.o(.ARM.exidx.text.pininterruptsetup), (8 bytes).
    Removing layer1.o(.text.I2Csendframewrite), (56 bytes).
    Removing layer1.o(.ARM.exidx.text.I2Csendframewrite), (8 bytes).
    Removing layer1.o(.text.I2Csendframeread), (56 bytes).
    Removing layer1.o(.ARM.exidx.text.I2Csendframeread), (8 bytes).
    Removing layer2.o(.text), (0 bytes).
    Removing layer2.o(.text.toRadians), (20 bytes).
    Removing layer2.o(.ARM.exidx.text.toRadians), (8 bytes).
    Removing layer2.o(.text.gpsinit), (76 bytes).
    Removing layer2.o(.ARM.exidx.text.gpsinit), (8 bytes).
    Removing layer2.o(.text.uartsendstring), (34 bytes).
    Removing layer2.o(.ARM.exidx.text.uartsendstring), (8 bytes).
    Removing layer2.o(.text.convertLatitudeToDecimal), (100 bytes).
    Removing layer2.o(.ARM.exidx.text.convertLatitudeToDecimal), (8 bytes).
    Removing layer2.o(.text.convertLongitudeToDecimal), (100 bytes).
    Removing layer2.o(.ARM.exidx.text.convertLongitudeToDecimal), (8 bytes).
    Removing layer2.o(.text.calculateBearing), (244 bytes).
    Removing layer2.o(.ARM.exidx.text.calculateBearing), (8 bytes).
    Removing layer2.o(.text.gpsdataextract), (728 bytes).
    Removing layer2.o(.ARM.exidx.text.gpsdataextract), (8 bytes).
    Removing layer2.o(.text.pointing), (368 bytes).
    Removing layer2.o(.ARM.exidx.text.pointing), (8 bytes).
    Removing layer2.o(.text.IMUinit), (82 bytes).
    Removing layer2.o(.ARM.exidx.text.IMUinit), (8 bytes).
    Removing layer2.o(.text.getbearingdata), (130 bytes).
    Removing layer2.o(.ARM.exidx.text.getbearingdata), (8 bytes).
    Removing layer2.o(.rodata.str1.1), (85 bytes).
    Removing layer2.o(.data.destilat), (8 bytes).
    Removing layer2.o(.data.destilong), (8 bytes).
    Removing main.o(.text), (0 bytes).
    Removing main.o(.ARM.exidx.text.PIN_INT0_DriverIRQHandler), (8 bytes).
    Removing main.o(.text.initbuffer), (48 bytes).
    Removing main.o(.ARM.exidx.text.initbuffer), (8 bytes).
    Removing main.o(.ARM.exidx.text.main), (8 bytes).
    Removing main.o(.bss.buffer1), (92 bytes).
    Removing main.o(.bss.buffer2), (92 bytes).
    Removing main.o(.bss.buffer3), (92 bytes).
    Removing main.o(.ARM.use_no_argv), (4 bytes).
    Removing fsl_adapter_miniusart.o(.text), (0 bytes).
    Removing fsl_adapter_miniusart.o(.text.HAL_UartInit), (184 bytes).
    Removing fsl_adapter_miniusart.o(.ARM.exidx.text.HAL_UartInit), (8 bytes).
    Removing fsl_adapter_miniusart.o(.text.HAL_UartDeinit), (48 bytes).
    Removing fsl_adapter_miniusart.o(.ARM.exidx.text.HAL_UartDeinit), (8 bytes).
    Removing fsl_adapter_miniusart.o(.text.HAL_UartReceiveBlocking), (100 bytes).
    Removing fsl_adapter_miniusart.o(.ARM.exidx.text.HAL_UartReceiveBlocking), (8 bytes).
    Removing fsl_adapter_miniusart.o(.text.HAL_UartSendBlocking), (92 bytes).
    Removing fsl_adapter_miniusart.o(.ARM.exidx.text.HAL_UartSendBlocking), (8 bytes).
    Removing fsl_adapter_miniusart.o(.text.HAL_UartEnterLowpower), (28 bytes).
    Removing fsl_adapter_miniusart.o(.ARM.exidx.text.HAL_UartEnterLowpower), (8 bytes).
    Removing fsl_adapter_miniusart.o(.text.HAL_UartExitLowpower), (28 bytes).
    Removing fsl_adapter_miniusart.o(.ARM.exidx.text.HAL_UartExitLowpower), (8 bytes).
    Removing fsl_adapter_miniusart.o(.rodata.str1.1), (196 bytes).
    Removing fsl_adapter_miniusart.o(.rodata.cst8), (8 bytes).
    Removing fsl_clock.o(.text), (0 bytes).
    Removing fsl_clock.o(.text.CLOCK_SetFRG0ClkFreq), (196 bytes).
    Removing fsl_clock.o(.ARM.exidx.text.CLOCK_SetFRG0ClkFreq), (8 bytes).
    Removing fsl_clock.o(.text.CLOCK_GetFRG0ClkFreq), (140 bytes).
    Removing fsl_clock.o(.ARM.exidx.text.CLOCK_GetFRG0ClkFreq), (8 bytes).
    Removing fsl_clock.o(.text.CLOCK_GetMainClkFreq), (84 bytes).
    Removing fsl_clock.o(.ARM.exidx.text.CLOCK_GetMainClkFreq), (8 bytes).
    Removing fsl_clock.o(.text.CLOCK_GetFroFreq), (12 bytes).
    Removing fsl_clock.o(.ARM.exidx.text.CLOCK_GetFroFreq), (8 bytes).
    Removing fsl_clock.o(.text.CLOCK_GetClockOutClkFreq), (140 bytes).
    Removing fsl_clock.o(.ARM.exidx.text.CLOCK_GetClockOutClkFreq), (8 bytes).
    Removing fsl_clock.o(.text.CLOCK_GetUart0ClkFreq), (216 bytes).
    Removing fsl_clock.o(.ARM.exidx.text.CLOCK_GetUart0ClkFreq), (8 bytes).
    Removing fsl_clock.o(.text.CLOCK_GetUart1ClkFreq), (216 bytes).
    Removing fsl_clock.o(.ARM.exidx.text.CLOCK_GetUart1ClkFreq), (8 bytes).
    Removing fsl_clock.o(.text.CLOCK_GetFreq), (284 bytes).
    Removing fsl_clock.o(.ARM.exidx.text.CLOCK_GetFreq), (8 bytes).
    Removing fsl_clock.o(.text.CLOCK_InitExtClkin), (40 bytes).
    Removing fsl_clock.o(.ARM.exidx.text.CLOCK_InitExtClkin), (8 bytes).
    Removing fsl_clock.o(.text.CLOCK_SetMainClkSrc), (48 bytes).
    Removing fsl_clock.o(.ARM.exidx.text.CLOCK_SetMainClkSrc), (8 bytes).
    Removing fsl_clock.o(.text.CLOCK_SetFroOscFreq), (32 bytes).
    Removing fsl_clock.o(.ARM.exidx.text.CLOCK_SetFroOscFreq), (8 bytes).
    Removing fsl_clock.o(.bss.g_Ext_Clk_Freq), (4 bytes).
    Removing fsl_clock.o(.data.g_LP_Osc_Freq), (4 bytes).
    Removing fsl_clock.o(.bss.g_Fro_Osc_Freq), (4 bytes).
    Removing fsl_clock.o(.rodata.str1.1), (102 bytes).
    Removing fsl_common.o(.text), (0 bytes).
    Removing fsl_common.o(.text.SDK_Malloc), (64 bytes).
    Removing fsl_common.o(.ARM.exidx.text.SDK_Malloc), (8 bytes).
    Removing fsl_common.o(.text.SDK_Free), (28 bytes).
    Removing fsl_common.o(.ARM.exidx.text.SDK_Free), (8 bytes).
    Removing fsl_common_arm.o(.text), (0 bytes).
    Removing fsl_common_arm.o(.text.SDK_DelayAtLeastUs), (84 bytes).
    Removing fsl_common_arm.o(.ARM.exidx.text.SDK_DelayAtLeastUs), (8 bytes).
    Removing fsl_common_arm.o(.rodata.str1.1), (101 bytes).
    Removing fsl_gpio.o(.text), (0 bytes).
    Removing fsl_gpio.o(.text.GPIO_PortInit), (48 bytes).
    Removing fsl_gpio.o(.ARM.exidx.text.GPIO_PortInit), (8 bytes).
    Removing fsl_gpio.o(.text.GPIO_PinInit), (100 bytes).
    Removing fsl_gpio.o(.ARM.exidx.text.GPIO_PinInit), (8 bytes).
    Removing fsl_gpio.o(.rodata.str1.1), (130 bytes).
    Removing fsl_power.o(.text), (0 bytes).
    Removing fsl_power.o(.text.POWER_EnterSleep), (44 bytes).
    Removing fsl_power.o(.ARM.exidx.text.POWER_EnterSleep), (8 bytes).
    Removing fsl_power.o(.text.POWER_EnterDeepSleep), (96 bytes).
    Removing fsl_power.o(.ARM.exidx.text.POWER_EnterDeepSleep), (8 bytes).
    Removing fsl_power.o(.text.POWER_EnterPowerDown), (96 bytes).
    Removing fsl_power.o(.ARM.exidx.text.POWER_EnterPowerDown), (8 bytes).
    Removing fsl_power.o(.text.POWER_EnterDeepPowerDownMode), (64 bytes).
    Removing fsl_power.o(.ARM.exidx.text.POWER_EnterDeepPowerDownMode), (8 bytes).
    Removing fsl_power.o(.text.EnableDeepSleepIRQ), (56 bytes).
    Removing fsl_power.o(.ARM.exidx.text.EnableDeepSleepIRQ), (8 bytes).
    Removing fsl_power.o(.text.DisableDeepSleepIRQ), (60 bytes).
    Removing fsl_power.o(.ARM.exidx.text.DisableDeepSleepIRQ), (8 bytes).
    Removing fsl_power.o(.rodata.str1.1), (152 bytes).
    Removing fsl_reset.o(.text), (0 bytes).
    Removing fsl_reset.o(.text.RESET_SetPeripheralReset), (68 bytes).
    Removing fsl_reset.o(.ARM.exidx.text.RESET_SetPeripheralReset), (8 bytes).
    Removing fsl_reset.o(.text.RESET_ClearPeripheralReset), (68 bytes).
    Removing fsl_reset.o(.ARM.exidx.text.RESET_ClearPeripheralReset), (8 bytes).
    Removing fsl_reset.o(.text.RESET_PeripheralReset), (100 bytes).
    Removing fsl_reset.o(.ARM.exidx.text.RESET_PeripheralReset), (8 bytes).
    Removing fsl_reset.o(.rodata.str1.1), (110 bytes).
    Removing fsl_swm.o(.text), (0 bytes).
    Removing fsl_swm.o(.text.SWM_SetMovablePinSelect), (96 bytes).
    Removing fsl_swm.o(.ARM.exidx.text.SWM_SetMovablePinSelect), (8 bytes).
    Removing fsl_swm.o(.text.SWM_SetFixedMovablePinSelect), (108 bytes).
    Removing fsl_swm.o(.ARM.exidx.text.SWM_SetFixedMovablePinSelect), (8 bytes).
    Removing fsl_swm.o(.text.SWM_SetFixedPinSelect), (60 bytes).
    Removing fsl_swm.o(.ARM.exidx.text.SWM_SetFixedPinSelect), (8 bytes).
    Removing fsl_swm.o(.rodata.str1.1), (107 bytes).
    Removing fsl_syscon.o(.text), (0 bytes).
    Removing fsl_syscon.o(.text.SYSCON_AttachSignal), (12 bytes).
    Removing fsl_syscon.o(.ARM.exidx.text.SYSCON_AttachSignal), (8 bytes).
    Removing fsl_usart.o(.text), (0 bytes).
    Removing fsl_usart.o(.text.USART_GetInstance), (44 bytes).
    Removing fsl_usart.o(.ARM.exidx.text.USART_GetInstance), (8 bytes).
    Removing fsl_usart.o(.text.USART_TransferGetRxRingBufferLength), (40 bytes).
    Removing fsl_usart.o(.ARM.exidx.text.USART_TransferGetRxRingBufferLength), (8 bytes).
    Removing fsl_usart.o(.text.USART_TransferStartRingBuffer), (96 bytes).
    Removing fsl_usart.o(.ARM.exidx.text.USART_TransferStartRingBuffer), (8 bytes).
    Removing fsl_usart.o(.text.USART_TransferStopRingBuffer), (68 bytes).
    Removing fsl_usart.o(.ARM.exidx.text.USART_TransferStopRingBuffer), (8 bytes).
    Removing fsl_usart.o(.text.USART_Init), (364 bytes).
    Removing fsl_usart.o(.ARM.exidx.text.USART_Init), (8 bytes).
    Removing fsl_usart.o(.text.USART_SetBaudRate), (260 bytes).
    Removing fsl_usart.o(.ARM.exidx.text.USART_SetBaudRate), (8 bytes).
    Removing fsl_usart.o(.text.USART_Deinit), (104 bytes).
    Removing fsl_usart.o(.ARM.exidx.text.USART_Deinit), (8 bytes).
    Removing fsl_usart.o(.text.USART_GetDefaultConfig), (68 bytes).
    Removing fsl_usart.o(.ARM.exidx.text.USART_GetDefaultConfig), (8 bytes).
    Removing fsl_usart.o(.text.USART_WriteBlocking), (60 bytes).
    Removing fsl_usart.o(.ARM.exidx.text.USART_WriteBlocking), (8 bytes).
    Removing fsl_usart.o(.text.USART_ReadBlocking), (124 bytes).
    Removing fsl_usart.o(.ARM.exidx.text.USART_ReadBlocking), (8 bytes).
    Removing fsl_usart.o(.text.USART_TransferCreateHandle), (204 bytes).
    Removing fsl_usart.o(.ARM.exidx.text.USART_TransferCreateHandle), (8 bytes).
    Removing fsl_usart.o(.text.USART_TransferHandleIRQ), (464 bytes).
    Removing fsl_usart.o(.ARM.exidx.text.USART_TransferHandleIRQ), (8 bytes).
    Removing fsl_usart.o(.text.USART_TransferSendNonBlocking), (160 bytes).
    Removing fsl_usart.o(.ARM.exidx.text.USART_TransferSendNonBlocking), (8 bytes).
    Removing fsl_usart.o(.text.USART_TransferAbortSend), (48 bytes).
    Removing fsl_usart.o(.ARM.exidx.text.USART_TransferAbortSend), (8 bytes).
    Removing fsl_usart.o(.text.USART_TransferGetSendCount), (72 bytes).
    Removing fsl_usart.o(.ARM.exidx.text.USART_TransferGetSendCount), (8 bytes).
    Removing fsl_usart.o(.text.USART_TransferReceiveNonBlocking), (320 bytes).
    Removing fsl_usart.o(.ARM.exidx.text.USART_TransferReceiveNonBlocking), (8 bytes).
    Removing fsl_usart.o(.text.USART_TransferAbortReceive), (52 bytes).
    Removing fsl_usart.o(.ARM.exidx.text.USART_TransferAbortReceive), (8 bytes).
    Removing fsl_usart.o(.text.USART_TransferGetReceiveCount), (72 bytes).
    Removing fsl_usart.o(.ARM.exidx.text.USART_TransferGetReceiveCount), (8 bytes).
    Removing fsl_usart.o(.ARM.exidx.text.USART0_DriverIRQHandler), (8 bytes).
    Removing fsl_usart.o(.ARM.exidx.text.USART1_DriverIRQHandler), (8 bytes).
    Removing fsl_usart.o(.rodata.cst8), (8 bytes).
    Removing fsl_usart.o(.rodata.str1.1), (337 bytes).
    Removing fsl_usart.o(.rodata.cst4), (4 bytes).
    Removing system_lpc804.o(.text), (0 bytes).
    Removing system_lpc804.o(.ARM.exidx.text.SystemInit), (8 bytes).
    Removing system_lpc804.o(.ARM.exidx.text.SystemInitHook), (8 bytes).
    Removing system_lpc804.o(.text.SystemCoreClockUpdate), (76 bytes).
    Removing system_lpc804.o(.ARM.exidx.text.SystemCoreClockUpdate), (8 bytes).
    Removing fsl_assert.o(.text), (0 bytes).
    Removing fsl_assert.o(.text.fsl_assert_hook), (4 bytes).
    Removing fsl_assert.o(.ARM.exidx.text.fsl_assert_hook), (8 bytes).
    Removing fsl_assert.o(.text.__aeabi_assert), (76 bytes).
    Removing fsl_assert.o(.ARM.exidx.text.__aeabi_assert), (8 bytes).
    Removing fsl_debug_console.o(.text), (0 bytes).
    Removing fsl_debug_console.o(.text.DbgConsole_Init), (76 bytes).
    Removing fsl_debug_console.o(.ARM.exidx.text.DbgConsole_Init), (8 bytes).
    Removing fsl_debug_console.o(.text.DbgConsole_Deinit), (28 bytes).
    Removing fsl_debug_console.o(.ARM.exidx.text.DbgConsole_Deinit), (8 bytes).
    Removing fsl_debug_console.o(.text.DbgConsole_EnterLowpower), (32 bytes).
    Removing fsl_debug_console.o(.ARM.exidx.text.DbgConsole_EnterLowpower), (8 bytes).
    Removing fsl_debug_console.o(.text.DbgConsole_ExitLowpower), (32 bytes).
    Removing fsl_debug_console.o(.ARM.exidx.text.DbgConsole_ExitLowpower), (8 bytes).
    Removing fsl_debug_console.o(.text.DbgConsole_Printf), (28 bytes).
    Removing fsl_debug_console.o(.ARM.exidx.text.DbgConsole_Printf), (8 bytes).
    Removing fsl_debug_console.o(.text.DbgConsole_Vprintf), (1140 bytes).
    Removing fsl_debug_console.o(.ARM.exidx.text.DbgConsole_Vprintf), (8 bytes).
    Removing fsl_debug_console.o(.text.DbgConsole_Putchar), (40 bytes).
    Removing fsl_debug_console.o(.ARM.exidx.text.DbgConsole_Putchar), (8 bytes).
    Removing fsl_debug_console.o(.text.DbgConsole_Scanf), (148 bytes).
    Removing fsl_debug_console.o(.ARM.exidx.text.DbgConsole_Scanf), (8 bytes).
    Removing fsl_debug_console.o(.text.DbgConsole_Getchar), (44 bytes).
    Removing fsl_debug_console.o(.ARM.exidx.text.DbgConsole_Getchar), (8 bytes).
    Removing fsl_debug_console.o(.bss.s_debugConsole), (20 bytes).
    Removing fsl_str.o(.text), (0 bytes).
    Removing fsl_str.o(.text.StrFormatPrintf), (706 bytes).
    Removing fsl_str.o(.ARM.exidx.text.StrFormatPrintf), (8 bytes).
    Removing fsl_str.o(.text.StrFormatScanf), (712 bytes).
    Removing fsl_str.o(.ARM.exidx.text.StrFormatScanf), (8 bytes).
    Removing dadd.o(.text), (356 bytes).
    Removing dmul.o(.text), (208 bytes).
    Removing ddiv.o(.text), (240 bytes).
    Removing dcmplt.o(.text), (44 bytes).
    Removing dcmpge.o(.text), (44 bytes).
    Removing dflti.o(.text), (40 bytes).
    Removing dfixi.o(.text), (72 bytes).
    Removing depilogue.o(.text), (190 bytes).
    Removing cdcmple.o(.text), (40 bytes).
    Removing dscalb.o(.text), (44 bytes).
    Removing dfltui.o(.text), (28 bytes).
    Removing dfltul.o(.text), (28 bytes).
    Removing d2f.o(.text), (56 bytes).
    Removing fepilogue.o(.text), (130 bytes).
    Removing depilogue.o(i.__ARM_clz), (46 bytes).

239 unused section(s) (total 15478 bytes) removed from the image.

==============================================================================

Image Symbol Table

    Local Symbols

    Symbol Name                              Value     Ov Type        Size  Object(Section)

    ../clib/division.s                       0x00000000   Number         0  aeabi_sdivfast.o ABSOLUTE
    ../clib/division.s                       0x00000000   Number         0  aeabi_sdivfast_div0.o ABSOLUTE
    ../clib/longlong.c                       0x00000000   Number         0  llmul.o ABSOLUTE
    ../clib/microlib/ctype/ctype.c           0x00000000   Number         0  ctype_o.o ABSOLUTE
    ../clib/microlib/ctype/ctype.c           0x00000000   Number         0  isalnum_o.o ABSOLUTE
    ../clib/microlib/ctype/ctype.c           0x00000000   Number         0  isalpha_o.o ABSOLUTE
    ../clib/microlib/ctype/ctype.c           0x00000000   Number         0  isblank_o.o ABSOLUTE
    ../clib/microlib/ctype/ctype.c           0x00000000   Number         0  iscntrl_o.o ABSOLUTE
    ../clib/microlib/ctype/ctype.c           0x00000000   Number         0  isdigit_o.o ABSOLUTE
    ../clib/microlib/ctype/ctype.c           0x00000000   Number         0  isgraph_o.o ABSOLUTE
    ../clib/microlib/ctype/ctype.c           0x00000000   Number         0  islower_o.o ABSOLUTE
    ../clib/microlib/ctype/ctype.c           0x00000000   Number         0  isprint_o.o ABSOLUTE
    ../clib/microlib/ctype/ctype.c           0x00000000   Number         0  ispunct_o.o ABSOLUTE
    ../clib/microlib/ctype/ctype.c           0x00000000   Number         0  isspace_o.o ABSOLUTE
    ../clib/microlib/ctype/ctype.c           0x00000000   Number         0  isupper_o.o ABSOLUTE
    ../clib/microlib/ctype/ctype.c           0x00000000   Number         0  isxdigit_o.o ABSOLUTE
    ../clib/microlib/ctype/ctype.c           0x00000000   Number         0  isspace_c.o ABSOLUTE
    ../clib/microlib/ctype/ctype.c           0x00000000   Number         0  ctype_c.o ABSOLUTE
    ../clib/microlib/division.c              0x00000000   Number         0  uidiv.o ABSOLUTE
    ../clib/microlib/division.c              0x00000000   Number         0  idiv.o ABSOLUTE
    ../clib/microlib/division.c              0x00000000   Number         0  uldiv.o ABSOLUTE
    ../clib/microlib/division.c              0x00000000   Number         0  uidiv_div0.o ABSOLUTE
    ../clib/microlib/division.c              0x00000000   Number         0  idiv_div0.o ABSOLUTE
    ../clib/microlib/division.c              0x00000000   Number         0  idiv0.o ABSOLUTE
    ../clib/microlib/errno.c                 0x00000000   Number         0  errno.o ABSOLUTE
    ../clib/microlib/init/entry.s            0x00000000   Number         0  entry.o ABSOLUTE
    ../clib/microlib/init/entry.s            0x00000000   Number         0  entry4.o ABSOLUTE
    ../clib/microlib/init/entry.s            0x00000000   Number         0  entry5.o ABSOLUTE
    ../clib/microlib/init/entry.s            0x00000000   Number         0  entry7a.o ABSOLUTE
    ../clib/microlib/init/entry.s            0x00000000   Number         0  entry7b.o ABSOLUTE
    ../clib/microlib/init/entry.s            0x00000000   Number         0  entry8a.o ABSOLUTE
    ../clib/microlib/init/entry.s            0x00000000   Number         0  entry8b.o ABSOLUTE
    ../clib/microlib/init/entry.s            0x00000000   Number         0  entry9a.o ABSOLUTE
    ../clib/microlib/init/entry.s            0x00000000   Number         0  entry9b.o ABSOLUTE
    ../clib/microlib/init/entry.s            0x00000000   Number         0  entry10a.o ABSOLUTE
    ../clib/microlib/init/entry.s            0x00000000   Number         0  entry10b.o ABSOLUTE
    ../clib/microlib/init/entry.s            0x00000000   Number         0  entry11a.o ABSOLUTE
    ../clib/microlib/init/entry.s            0x00000000   Number         0  entry11b.o ABSOLUTE
    ../clib/microlib/longlong.c              0x00000000   Number         0  llshl.o ABSOLUTE
    ../clib/microlib/longlong.c              0x00000000   Number         0  llushr.o ABSOLUTE
    ../clib/microlib/longlong.c              0x00000000   Number         0  llsshr.o ABSOLUTE
    ../clib/microlib/malloc/malloc.c         0x00000000   Number         0  malloc2.o ABSOLUTE
    ../clib/microlib/malloc/malloc.c         0x00000000   Number         0  mallocr2.o ABSOLUTE
    ../clib/microlib/malloc/malloc.c         0x00000000   Number         0  malloca2.o ABSOLUTE
    ../clib/microlib/malloc/malloc.c         0x00000000   Number         0  mallocra2.o ABSOLUTE
    ../clib/microlib/malloc/mvars.c          0x00000000   Number         0  mvars.o ABSOLUTE
    ../clib/microlib/string/memcpy.c         0x00000000   Number         0  memcpy.o ABSOLUTE
    ../clib/microlib/string/memcpy.c         0x00000000   Number         0  memcpyc.o ABSOLUTE
    ../clib/microlib/string/memcpy.c         0x00000000   Number         0  memcpya.o ABSOLUTE
    ../clib/microlib/string/memcpy.c         0x00000000   Number         0  memcpyb.o ABSOLUTE
    ../clib/microlib/string/memset.c         0x00000000   Number         0  memset.o ABSOLUTE
    ../clib/microlib/string/memset.c         0x00000000   Number         0  memseta.o ABSOLUTE
    ../clib/microlib/string/strlen.c         0x00000000   Number         0  strlen.o ABSOLUTE
    ../clib/microlib/stubs.s                 0x00000000   Number         0  iusefp.o ABSOLUTE
    ../clib/scanf.c                          0x00000000   Number         0  strtoul.o ABSOLUTE
    ../clib/scanf.c                          0x00000000   Number         0  _strtoul.o ABSOLUTE
    ../clib/scanf.c                          0x00000000   Number         0  strtod.o ABSOLUTE
    ../clib/scanf.c                          0x00000000   Number         0  _chval.o ABSOLUTE
    ../clib/scanf.c                          0x00000000   Number         0  scanf_fp.o ABSOLUTE
    ../clib/scanf.c                          0x00000000   Number         0  _sgetc.o ABSOLUTE
    ../fplib/microlib/d2f.c                  0x00000000   Number         0  d2f.o ABSOLUTE
    ../fplib/microlib/fpadd.c                0x00000000   Number         0  dadd.o ABSOLUTE
    ../fplib/microlib/fpcmp.c                0x00000000   Number         0  dcmplt.o ABSOLUTE
    ../fplib/microlib/fpcmp.c                0x00000000   Number         0  dcmpge.o ABSOLUTE
    ../fplib/microlib/fpdiv.c                0x00000000   Number         0  ddiv.o ABSOLUTE
    ../fplib/microlib/fpepilogue.c           0x00000000   Number         0  depilogue.o ABSOLUTE
    ../fplib/microlib/fpepilogue.c           0x00000000   Number         0  fepilogue.o ABSOLUTE
    ../fplib/microlib/fpfix.c                0x00000000   Number         0  dfixi.o ABSOLUTE
    ../fplib/microlib/fpflt.c                0x00000000   Number         0  dflti.o ABSOLUTE
    ../fplib/microlib/fpflt.c                0x00000000   Number         0  dfltui.o ABSOLUTE
    ../fplib/microlib/fpflt.c                0x00000000   Number         0  dfltul.o ABSOLUTE
    ../fplib/microlib/fpmul.c                0x00000000   Number         0  dmul.o ABSOLUTE
    ../fplib/microlib/fpscalb.c              0x00000000   Number         0  dscalb.o ABSOLUTE
    ../mathlib/atan.c                        0x00000000   Number         0  atan.o ABSOLUTE
    ../mathlib/atan2.c                       0x00000000   Number         0  atan2.o ABSOLUTE
    ../mathlib/atof.c                        0x00000000   Number         0  atof.o ABSOLUTE
    ../mathlib/cos.c                         0x00000000   Number         0  cos.o ABSOLUTE
    ../mathlib/cos_i.c                       0x00000000   Number         0  cos_i.o ABSOLUTE
    ../mathlib/dunder.c                      0x00000000   Number         0  dunder.o ABSOLUTE
    ../mathlib/fpclassify.c                  0x00000000   Number         0  fpclassify.o ABSOLUTE
    ../mathlib/poly.c                        0x00000000   Number         0  poly.o ABSOLUTE
    ../mathlib/qnan.c                        0x00000000   Number         0  qnan.o ABSOLUTE
    ../mathlib/rred.c                        0x00000000   Number         0  rred.o ABSOLUTE
    ../mathlib/sin.c                         0x00000000   Number         0  sin.o ABSOLUTE
    ../mathlib/sin_i.c                       0x00000000   Number         0  sin_i.o ABSOLUTE
    Layer1.c                                 0x00000000   Number         0  layer1.o ABSOLUTE
    Layer2.c                                 0x00000000   Number         0  layer2.o ABSOLUTE
    cdcmple.s                                0x00000000   Number         0  cdcmple.o ABSOLUTE
    dc.s                                     0x00000000   Number         0  dc.o ABSOLUTE
    fsl_adapter_miniusart.c                  0x00000000   Number         0  fsl_adapter_miniusart.o ABSOLUTE
    fsl_assert.c                             0x00000000   Number         0  fsl_assert.o ABSOLUTE
    fsl_clock.c                              0x00000000   Number         0  fsl_clock.o ABSOLUTE
    fsl_common.c                             0x00000000   Number         0  fsl_common.o ABSOLUTE
    fsl_common_arm.c                         0x00000000   Number         0  fsl_common_arm.o ABSOLUTE
    fsl_debug_console.c                      0x00000000   Number         0  fsl_debug_console.o ABSOLUTE
    fsl_gpio.c                               0x00000000   Number         0  fsl_gpio.o ABSOLUTE
    fsl_power.c                              0x00000000   Number         0  fsl_power.o ABSOLUTE
    fsl_reset.c                              0x00000000   Number         0  fsl_reset.o ABSOLUTE
    fsl_str.c                                0x00000000   Number         0  fsl_str.o ABSOLUTE
    fsl_swm.c                                0x00000000   Number         0  fsl_swm.o ABSOLUTE
    fsl_syscon.c                             0x00000000   Number         0  fsl_syscon.o ABSOLUTE
    fsl_usart.c                              0x00000000   Number         0  fsl_usart.o ABSOLUTE
    handlers.s                               0x00000000   Number         0  handlers.o ABSOLUTE
    init.s                                   0x00000000   Number         0  init.o ABSOLUTE
    main.c                                   0x00000000   Number         0  main.o ABSOLUTE
    system_LPC804.c                          0x00000000   Number         0  system_lpc804.o ABSOLUTE
    .ARM.Collect$$$$00000000                 0x00000300   Section        0  entry.o(.ARM.Collect$$$$00000000)
    .ARM.Collect$$$$00000003                 0x00000300   Section        4  entry4.o(.ARM.Collect$$$$00000003)
    .ARM.Collect$$$$00000004                 0x00000304   Section        4  entry5.o(.ARM.Collect$$$$00000004)
    .ARM.Collect$$$$00000008                 0x00000308   Section        0  entry7b.o(.ARM.Collect$$$$00000008)
    .ARM.Collect$$$$0000000A                 0x00000308   Section        0  entry8b.o(.ARM.Collect$$$$0000000A)
    .ARM.Collect$$$$0000000B                 0x00000308   Section        8  entry9a.o(.ARM.Collect$$$$0000000B)
    __lit__00000000                          0x00000310   Data           4  entry4.o(.ARM.Collect$$$$00002714)
    .ARM.Collect$$$$0000000D                 0x00000310   Section        0  entry10a.o(.ARM.Collect$$$$0000000D)
    .ARM.Collect$$$$0000000F                 0x00000310   Section        0  entry11a.o(.ARM.Collect$$$$0000000F)
    .ARM.Collect$$$$00002714                 0x00000310   Section        4  entry4.o(.ARM.Collect$$$$00002714)
    [Anonymous Symbol]                       0x00000314   Section        0  startup_lpc804.o(.text)
    .text                                    0x00000454   Section       36  init.o(.text)
    [Anonymous Symbol]                       0x00000478   Section        0  main.o(.text.PIN_INT0_DriverIRQHandler)
    [Anonymous Symbol]                       0x00000488   Section        0  system_lpc804.o(.text.SystemInit)
    __arm_cp.0_0                             0x0000049c   Number         4  system_lpc804.o(.text.SystemInit)
    __arm_cp.0_1                             0x000004a0   Number         4  system_lpc804.o(.text.SystemInit)
    __arm_cp.0_2                             0x000004a4   Number         4  system_lpc804.o(.text.SystemInit)
    __arm_cp.0_3                             0x000004a8   Number         4  system_lpc804.o(.text.SystemInit)
    [Anonymous Symbol]                       0x000004ac   Section        0  system_lpc804.o(.text.SystemInitHook)
    [Anonymous Symbol]                       0x000004b0   Section        0  fsl_usart.o(.text.USART0_DriverIRQHandler)
    __arm_cp.18_2                            0x000004c0   Number         4  fsl_usart.o(.text.USART0_DriverIRQHandler)
    [Anonymous Symbol]                       0x000004c4   Section        0  fsl_usart.o(.text.USART1_DriverIRQHandler)
    __arm_cp.19_0                            0x000004d4   Number         4  fsl_usart.o(.text.USART1_DriverIRQHandler)
    __arm_cp.19_1                            0x000004d8   Number         4  fsl_usart.o(.text.USART1_DriverIRQHandler)
    __arm_cp.19_2                            0x000004dc   Number         4  fsl_usart.o(.text.USART1_DriverIRQHandler)
    [Anonymous Symbol]                       0x000004e0   Section        0  layer1.o(.text.changeDIR)
    __arm_cp.1_0                             0x00000500   Number         4  layer1.o(.text.changeDIR)
    __arm_cp.1_1                             0x00000504   Number         4  layer1.o(.text.changeDIR)
    [Anonymous Symbol]                       0x00000508   Section        0  layer1.o(.text.delay)
    __arm_cp.5_0                             0x00000530   Number         4  layer1.o(.text.delay)
    __arm_cp.5_1                             0x00000534   Number         4  layer1.o(.text.delay)
    [Anonymous Symbol]                       0x00000538   Section        0  layer1.o(.text.initPort)
    __arm_cp.0_0                             0x0000054c   Number         4  layer1.o(.text.initPort)
    [Anonymous Symbol]                       0x00000550   Section        0  main.o(.text.main)
    __arm_cp.2_0                             0x0000058c   Number         4  main.o(.text.main)
    i.__scatterload_copy                     0x00000590   Section       14  handlers.o(i.__scatterload_copy)
    i.__scatterload_null                     0x0000059e   Section        2  handlers.o(i.__scatterload_null)
    i.__scatterload_zeroinit                 0x000005a0   Section       14  handlers.o(i.__scatterload_zeroinit)
    s_usartIsr                               0x10000004   Data           4  fsl_usart.o(.data.s_usartIsr)
    [Anonymous Symbol]                       0x10000004   Section        0  fsl_usart.o(.data.s_usartIsr)
    s_usartHandle                            0x10000008   Data           8  fsl_usart.o(.bss.s_usartHandle)
    [Anonymous Symbol]                       0x10000008   Section        0  fsl_usart.o(.bss.s_usartHandle)
    CRP_Level                                0xffffffff   Number         0  startup_lpc804.o ABSOLUTE

    Global Symbols

    Symbol Name                              Value     Ov Type        Size  Object(Section)

    BuildAttributes$$THM_ISAv3M$S$PE$A:L22$X:L11$S22$IEEE1$IW$USESV6$~STKCKD$USESV7$~SHL$OTIME$ROPI$IEEEX$EBA8$MICROLIB$REQ8$PRES8$EABIv2 0x00000000   Number         0  anon$$obj.o ABSOLUTE
    __Vectors                                0x00000000   Number       192  startup_lpc804.o(.isr_vector)
    __cpp_initialize__aeabi_                  - Undefined Weak Reference
    __cxa_finalize                            - Undefined Weak Reference
    __decompress                              - Undefined Weak Reference
    _clock_init                               - Undefined Weak Reference
    _microlib_exit                            - Undefined Weak Reference
    __main                                   0x00000301   Thumb Code     0  entry.o(.ARM.Collect$$$$00000000)
    _main_stk                                0x00000301   Thumb Code     0  entry4.o(.ARM.Collect$$$$00000003)
    _main_scatterload                        0x00000305   Thumb Code     0  entry5.o(.ARM.Collect$$$$00000004)
    __main_after_scatterload                 0x00000309   Thumb Code     0  entry5.o(.ARM.Collect$$$$00000004)
    _main_clock                              0x00000309   Thumb Code     0  entry7b.o(.ARM.Collect$$$$00000008)
    _main_cpp_init                           0x00000309   Thumb Code     0  entry8b.o(.ARM.Collect$$$$0000000A)
    _main_init                               0x00000309   Thumb Code     0  entry9a.o(.ARM.Collect$$$$0000000B)
    __rt_final_cpp                           0x00000311   Thumb Code     0  entry10a.o(.ARM.Collect$$$$0000000D)
    __rt_final_exit                          0x00000311   Thumb Code     0  entry11a.o(.ARM.Collect$$$$0000000F)
    Reset_Handler                            0x00000315   Thumb Code    16  startup_lpc804.o(.text)
    ADC_OVR_DriverIRQHandler                 0x00000325   Thumb Code     4  startup_lpc804.o(.text)
    ADC_SEQA_DriverIRQHandler                0x00000325   Thumb Code     4  startup_lpc804.o(.text)
    ADC_SEQB_DriverIRQHandler                0x00000325   Thumb Code     4  startup_lpc804.o(.text)
    ADC_THCMP_DriverIRQHandler               0x00000325   Thumb Code     4  startup_lpc804.o(.text)
    BOD_DriverIRQHandler                     0x00000325   Thumb Code     4  startup_lpc804.o(.text)
    CMP_CAPT_DriverIRQHandler                0x00000325   Thumb Code     4  startup_lpc804.o(.text)
    CTIMER0_DriverIRQHandler                 0x00000325   Thumb Code     4  startup_lpc804.o(.text)
    DAC0_DriverIRQHandler                    0x00000325   Thumb Code     4  startup_lpc804.o(.text)
    DefaultISR                               0x00000325   Thumb Code     4  startup_lpc804.o(.text)
    FLASH_DriverIRQHandler                   0x00000325   Thumb Code     4  startup_lpc804.o(.text)
    I2C0_DriverIRQHandler                    0x00000325   Thumb Code     4  startup_lpc804.o(.text)
    I2C1_DriverIRQHandler                    0x00000325   Thumb Code     4  startup_lpc804.o(.text)
    MRT0_DriverIRQHandler                    0x00000325   Thumb Code     4  startup_lpc804.o(.text)
    PIN_INT1_DriverIRQHandler                0x00000325   Thumb Code     4  startup_lpc804.o(.text)
    PIN_INT2_DriverIRQHandler                0x00000325   Thumb Code     4  startup_lpc804.o(.text)
    PIN_INT3_DriverIRQHandler                0x00000325   Thumb Code     4  startup_lpc804.o(.text)
    PIN_INT4_DriverIRQHandler                0x00000325   Thumb Code     4  startup_lpc804.o(.text)
    PIN_INT5_DriverIRQHandler                0x00000325   Thumb Code     4  startup_lpc804.o(.text)
    PIN_INT6_DriverIRQHandler                0x00000325   Thumb Code     4  startup_lpc804.o(.text)
    PIN_INT7_DriverIRQHandler                0x00000325   Thumb Code     4  startup_lpc804.o(.text)
    Reserved17_DriverIRQHandler              0x00000325   Thumb Code     4  startup_lpc804.o(.text)
    Reserved21_DriverIRQHandler              0x00000325   Thumb Code     4  startup_lpc804.o(.text)
    Reserved22_DriverIRQHandler              0x00000325   Thumb Code     4  startup_lpc804.o(.text)
    Reserved25_DriverIRQHandler              0x00000325   Thumb Code     4  startup_lpc804.o(.text)
    Reserved36_DriverIRQHandler              0x00000325   Thumb Code     4  startup_lpc804.o(.text)
    Reserved37_DriverIRQHandler              0x00000325   Thumb Code     4  startup_lpc804.o(.text)
    Reserved38_DriverIRQHandler              0x00000325   Thumb Code     4  startup_lpc804.o(.text)
    SPI0_DriverIRQHandler                    0x00000325   Thumb Code     4  startup_lpc804.o(.text)
    WDT_DriverIRQHandler                     0x00000325   Thumb Code     4  startup_lpc804.o(.text)
    WKT_DriverIRQHandler                     0x00000325   Thumb Code     4  startup_lpc804.o(.text)
    NMI_Handler                              0x00000329   Thumb Code     4  startup_lpc804.o(.text)
    HardFault_Handler                        0x0000032d   Thumb Code     4  startup_lpc804.o(.text)
    SVC_Handler                              0x00000331   Thumb Code     4  startup_lpc804.o(.text)
    PendSV_Handler                           0x00000335   Thumb Code     4  startup_lpc804.o(.text)
    SysTick_Handler                          0x00000339   Thumb Code     4  startup_lpc804.o(.text)
    SPI0_IRQHandler                          0x0000033d   Thumb Code     4  startup_lpc804.o(.text)
    Reserved17_IRQHandler                    0x00000341   Thumb Code     4  startup_lpc804.o(.text)
    DAC0_IRQHandler                          0x00000345   Thumb Code     4  startup_lpc804.o(.text)
    USART0_IRQHandler                        0x00000349   Thumb Code     4  startup_lpc804.o(.text)
    USART1_IRQHandler                        0x0000034d   Thumb Code     4  startup_lpc804.o(.text)
    Reserved21_IRQHandler                    0x00000351   Thumb Code     4  startup_lpc804.o(.text)
    Reserved22_IRQHandler                    0x00000355   Thumb Code     4  startup_lpc804.o(.text)
    I2C1_IRQHandler                          0x00000359   Thumb Code     4  startup_lpc804.o(.text)
    I2C0_IRQHandler                          0x0000035d   Thumb Code     4  startup_lpc804.o(.text)
    Reserved25_IRQHandler                    0x00000361   Thumb Code     4  startup_lpc804.o(.text)
    MRT0_IRQHandler                          0x00000365   Thumb Code     4  startup_lpc804.o(.text)
    CMP_CAPT_IRQHandler                      0x00000369   Thumb Code     4  startup_lpc804.o(.text)
    WDT_IRQHandler                           0x0000036d   Thumb Code     4  startup_lpc804.o(.text)
    BOD_IRQHandler                           0x00000371   Thumb Code     4  startup_lpc804.o(.text)
    FLASH_IRQHandler                         0x00000375   Thumb Code     4  startup_lpc804.o(.text)
    WKT_IRQHandler                           0x00000379   Thumb Code     4  startup_lpc804.o(.text)
    ADC_SEQA_IRQHandler                      0x0000037d   Thumb Code     4  startup_lpc804.o(.text)
    ADC_SEQB_IRQHandler                      0x00000381   Thumb Code     4  startup_lpc804.o(.text)
    ADC_THCMP_IRQHandler                     0x00000385   Thumb Code     4  startup_lpc804.o(.text)
    ADC_OVR_IRQHandler                       0x00000389   Thumb Code     4  startup_lpc804.o(.text)
    Reserved36_IRQHandler                    0x0000038d   Thumb Code     4  startup_lpc804.o(.text)
    Reserved37_IRQHandler                    0x00000391   Thumb Code     4  startup_lpc804.o(.text)
    Reserved38_IRQHandler                    0x00000395   Thumb Code     4  startup_lpc804.o(.text)
    CTIMER0_IRQHandler                       0x00000399   Thumb Code     4  startup_lpc804.o(.text)
    PIN_INT0_IRQHandler                      0x0000039d   Thumb Code     4  startup_lpc804.o(.text)
    PIN_INT1_IRQHandler                      0x000003a1   Thumb Code     4  startup_lpc804.o(.text)
    PIN_INT2_IRQHandler                      0x000003a5   Thumb Code     4  startup_lpc804.o(.text)
    PIN_INT3_IRQHandler                      0x000003a9   Thumb Code     4  startup_lpc804.o(.text)
    PIN_INT4_IRQHandler                      0x000003ad   Thumb Code     4  startup_lpc804.o(.text)
    PIN_INT5_IRQHandler                      0x000003b1   Thumb Code     4  startup_lpc804.o(.text)
    PIN_INT6_IRQHandler                      0x000003b5   Thumb Code     4  startup_lpc804.o(.text)
    PIN_INT7_IRQHandler                      0x000003b9   Thumb Code     4  startup_lpc804.o(.text)
    __scatterload                            0x00000455   Thumb Code    28  init.o(.text)
    __scatterload_rt2                        0x00000455   Thumb Code     0  init.o(.text)
    PIN_INT0_DriverIRQHandler                0x00000479   Thumb Code    16  main.o(.text.PIN_INT0_DriverIRQHandler)
    SystemInit                               0x00000489   Thumb Code    20  system_lpc804.o(.text.SystemInit)
    SystemInitHook                           0x000004ad   Thumb Code     2  system_lpc804.o(.text.SystemInitHook)
    USART0_DriverIRQHandler                  0x000004b1   Thumb Code    16  fsl_usart.o(.text.USART0_DriverIRQHandler)
    USART1_DriverIRQHandler                  0x000004c5   Thumb Code    16  fsl_usart.o(.text.USART1_DriverIRQHandler)
    changeDIR                                0x000004e1   Thumb Code    32  layer1.o(.text.changeDIR)
    delay                                    0x00000509   Thumb Code    40  layer1.o(.text.delay)
    initPort                                 0x00000539   Thumb Code    20  layer1.o(.text.initPort)
    main                                     0x00000551   Thumb Code    60  main.o(.text.main)
    __scatterload_copy                       0x00000591   Thumb Code    14  handlers.o(i.__scatterload_copy)
    __scatterload_null                       0x0000059f   Thumb Code     2  handlers.o(i.__scatterload_null)
    __scatterload_zeroinit                   0x000005a1   Thumb Code    14  handlers.o(i.__scatterload_zeroinit)
    Region$$Table$$Base                      0x000005b0   Number         0  anon$$obj.o(Region$$Table)
    Region$$Table$$Limit                     0x000005d0   Number         0  anon$$obj.o(Region$$Table)
    SystemCoreClock                          0x10000000   Data           4  system_lpc804.o(.data.SystemCoreClock)
    Image$$ARM_LIB_HEAP$$ZI$$Base            0x10000010   Number         0  anon$$obj.o ABSOLUTE
    Image$$ARM_LIB_HEAP$$ZI$$Limit           0x10000050   Number         0  anon$$obj.o ABSOLUTE
    Image$$ARM_LIB_STACK$$ZI$$Limit          0x10000fe0   Number         0  anon$$obj.o ABSOLUTE



==============================================================================

Memory Map of the image

  Image Entry point : 0x00000315

  Load Region LR_m_text (Base: 0x00000000, Size: 0x000005d8, Max: 0x00007f00, ABSOLUTE)

    Execution Region VECTOR_ROM (Exec base: 0x00000000, Load base: 0x00000000, Size: 0x000000c0, Max: 0x00000200, ABSOLUTE)

    Exec Addr    Load Addr    Size         Type   Attr      Idx    E Section Name        Object

    0x00000000   0x00000000   0x000000c0   Data   RO          355    .isr_vector         startup_lpc804.o


    Execution Region ER_m_crp (Exec base: 0x000002fc, Load base: 0x000002fc, Size: 0x00000004, Max: 0x00000004, ABSOLUTE, FIXED)

    Exec Addr    Load Addr    Size         Type   Attr      Idx    E Section Name        Object

    0x000002fc   0x000002fc   0x00000004   Data   RO          356    .crp                startup_lpc804.o


    Execution Region ER_m_text (Exec base: 0x00000300, Load base: 0x00000300, Size: 0x000002d0, Max: 0x00007c00, ABSOLUTE, FIXED)

    Exec Addr    Load Addr    Size         Type   Attr      Idx    E Section Name        Object

    0x00000300   0x00000300   0x00000000   Code   RO          377  * .ARM.Collect$$$$00000000  mc_p.l(entry.o)
    0x00000300   0x00000300   0x00000004   Code   RO          487    .ARM.Collect$$$$00000003  mc_p.l(entry4.o)
    0x00000304   0x00000304   0x00000004   Code   RO          490    .ARM.Collect$$$$00000004  mc_p.l(entry5.o)
    0x00000308   0x00000308   0x00000000   Code   RO          492    .ARM.Collect$$$$00000008  mc_p.l(entry7b.o)
    0x00000308   0x00000308   0x00000000   Code   RO          494    .ARM.Collect$$$$0000000A  mc_p.l(entry8b.o)
    0x00000308   0x00000308   0x00000008   Code   RO          495    .ARM.Collect$$$$0000000B  mc_p.l(entry9a.o)
    0x00000310   0x00000310   0x00000000   Code   RO          497    .ARM.Collect$$$$0000000D  mc_p.l(entry10a.o)
    0x00000310   0x00000310   0x00000000   Code   RO          499    .ARM.Collect$$$$0000000F  mc_p.l(entry11a.o)
    0x00000310   0x00000310   0x00000004   Code   RO          488    .ARM.Collect$$$$00002714  mc_p.l(entry4.o)
    0x00000314   0x00000314   0x00000140   Code   RO          354  * .text               startup_lpc804.o
    0x00000454   0x00000454   0x00000024   Code   RO          566    .text               mc_p.l(init.o)
    0x00000478   0x00000478   0x00000010   Code   RO           69    .text.PIN_INT0_DriverIRQHandler  main.o
    0x00000488   0x00000488   0x00000024   Code   RO          290    .text.SystemInit    system_lpc804.o
    0x000004ac   0x000004ac   0x00000002   Code   RO          292    .text.SystemInitHook  system_lpc804.o
    0x000004ae   0x000004ae   0x00000002   PAD
    0x000004b0   0x000004b0   0x00000014   Code   RO          273    .text.USART0_DriverIRQHandler  fsl_usart.o
    0x000004c4   0x000004c4   0x0000001c   Code   RO          275    .text.USART1_DriverIRQHandler  fsl_usart.o
    0x000004e0   0x000004e0   0x00000028   Code   RO            6    .text.changeDIR     layer1.o
    0x00000508   0x00000508   0x00000030   Code   RO           14    .text.delay         layer1.o
    0x00000538   0x00000538   0x00000018   Code   RO            4    .text.initPort      layer1.o
    0x00000550   0x00000550   0x00000040   Code   RO           73    .text.main          main.o
    0x00000590   0x00000590   0x0000000e   Code   RO          593    i.__scatterload_copy  mc_p.l(handlers.o)
    0x0000059e   0x0000059e   0x00000002   Code   RO          594    i.__scatterload_null  mc_p.l(handlers.o)
    0x000005a0   0x000005a0   0x0000000e   Code   RO          595    i.__scatterload_zeroinit  mc_p.l(handlers.o)
    0x000005ae   0x000005ae   0x00000002   PAD
    0x000005b0   0x000005b0   0x00000020   Data   RO          592    Region$$Table       anon$$obj.o


    Execution Region RW_m_data (Exec base: 0x10000000, Load base: 0x000005d0, Size: 0x00000010, Max: 0x00000f60, ABSOLUTE)

    Exec Addr    Load Addr    Size         Type   Attr      Idx    E Section Name        Object

    0x10000000   0x000005d0   0x00000004   Data   RW          296    .data.SystemCoreClock  system_lpc804.o
    0x10000004   0x000005d4   0x00000004   Data   RW          281    .data.s_usartIsr    fsl_usart.o
    0x10000008        -       0x00000008   Zero   RW          280    .bss.s_usartHandle  fsl_usart.o


    Execution Region ARM_LIB_HEAP (Exec base: 0x10000010, Load base: 0x000005d8, Size: 0x00000040, Max: 0x00000040, ABSOLUTE)

    Exec Addr    Load Addr    Size         Type   Attr      Idx    E Section Name        Object

    0x10000010        -       0x00000040   Zero   RW            1    ARM_LIB_HEAP.bss    anon$$obj.o


    Execution Region ARM_LIB_STACK (Exec base: 0x10000fa0, Load base: 0x000005d8, Size: 0x00000040, Max: 0x00000040, ABSOLUTE)

    Exec Addr    Load Addr    Size         Type   Attr      Idx    E Section Name        Object

    0x10000fa0        -       0x00000040   Zero   RW            2    ARM_LIB_STACK.bss   anon$$obj.o


==============================================================================

Image component sizes


      Code (inc. data)   RO Data    RW Data    ZI Data      Debug   Object Name

        48         16          0          4          8      22664   fsl_usart.o
       112         20          0          0          0       4277   layer1.o
        80          4          0          0          0       1316   main.o
       320        160        196          0          0       1695   startup_lpc804.o
        38         16          0          4          0       2916   system_lpc804.o

    ----------------------------------------------------------------------
       600        216        228          8        136      32868   Object Totals
         0          0         32          0        128          0   (incl. Generated)
         2          0          0          0          0          0   (incl. Padding)

    ----------------------------------------------------------------------

      Code (inc. data)   RO Data    RW Data    ZI Data      Debug   Library Member Name

         0          0          0          0          0          0   entry.o
         0          0          0          0          0          0   entry10a.o
         0          0          0          0          0          0   entry11a.o
         8          4          0          0          0          0   entry4.o
         4          0          0          0          0          0   entry5.o
         0          0          0          0          0          0   entry7b.o
         0          0          0          0          0          0   entry8b.o
         8          4          0          0          0          0   entry9a.o
        30          0          0          0          0          0   handlers.o
        36          8          0          0          0         68   init.o

    ----------------------------------------------------------------------
        88         16          0          0          0         68   Library Totals
         2          0          0          0          0          0   (incl. Padding)

    ----------------------------------------------------------------------

      Code (inc. data)   RO Data    RW Data    ZI Data      Debug   Library Name

        86         16          0          0          0         68   mc_p.l

    ----------------------------------------------------------------------
        88         16          0          0          0         68   Library Totals

    ----------------------------------------------------------------------

==============================================================================


      Code (inc. data)   RO Data    RW Data    ZI Data      Debug   

       688        232        228          8        136      33080   Grand Totals
       688        232        228          8        136      33080   ELF Image Totals
       688        232        228          8          0          0   ROM Totals

==============================================================================

    Total RO  Size (Code + RO Data)                  916 (   0.89kB)
    Total RW  Size (RW Data + ZI Data)               144 (   0.14kB)
    Total ROM Size (Code + RO Data + RW Data)        924 (   0.90kB)

==============================================================================

