Component: Arm Compiler for Embedded 6.19 Tool: armlink [5e73cb00]

==============================================================================

Section Cross References

    main.o(.text.main) refers to pin_mux.o(.text.BOARD_InitBootPins) for BOARD_InitBootPins
    main.o(.text.main) refers to clock_config.o(.text.BOARD_InitBootClocks) for BOARD_InitBootClocks
    main.o(.ARM.exidx.text.main) refers to main.o(.text.main) for [Anonymous Symbol]
    peripherals.o(.ARM.exidx.text.BOARD_InitPeripherals) refers to peripherals.o(.text.BOARD_InitPeripherals) for [Anonymous Symbol]
    peripherals.o(.ARM.exidx.text.BOARD_InitBootPeripherals) refers to peripherals.o(.text.BOARD_InitBootPeripherals) for [Anonymous Symbol]
    pin_mux.o(.text.BOARD_InitBootPins) refers to fsl_swm.o(.text.SWM_SetMovablePinSelect) for SWM_SetMovablePinSelect
    pin_mux.o(.ARM.exidx.text.BOARD_InitBootPins) refers to pin_mux.o(.text.BOARD_InitBootPins) for [Anonymous Symbol]
    pin_mux.o(.ARM.exidx.text.BOARD_InitPins) refers to pin_mux.o(.text.BOARD_InitPins) for [Anonymous Symbol]
    pin_mux.o(.text.BOARD_InitDEBUG_UARTPins) refers to fsl_swm.o(.text.SWM_SetMovablePinSelect) for SWM_SetMovablePinSelect
    pin_mux.o(.ARM.exidx.text.BOARD_InitDEBUG_UARTPins) refers to pin_mux.o(.text.BOARD_InitDEBUG_UARTPins) for [Anonymous Symbol]
    pin_mux.o(.text.BOARD_InitLEDsPins) refers to fsl_gpio.o(.text.GPIO_PinInit) for GPIO_PinInit
    pin_mux.o(.ARM.exidx.text.BOARD_InitLEDsPins) refers to pin_mux.o(.text.BOARD_InitLEDsPins) for [Anonymous Symbol]
    pin_mux.o(.text.BOARD_InitSWD_DEBUGPins) refers to fsl_swm.o(.text.SWM_SetFixedPinSelect) for SWM_SetFixedPinSelect
    pin_mux.o(.ARM.exidx.text.BOARD_InitSWD_DEBUGPins) refers to pin_mux.o(.text.BOARD_InitSWD_DEBUGPins) for [Anonymous Symbol]
    pin_mux.o(.text.BOARD_InitI2CPins) refers to fsl_swm.o(.text.SWM_SetMovablePinSelect) for SWM_SetMovablePinSelect
    pin_mux.o(.ARM.exidx.text.BOARD_InitI2CPins) refers to pin_mux.o(.text.BOARD_InitI2CPins) for [Anonymous Symbol]
    pin_mux.o(.text.BOARD_InitBUTTONsPins) refers to fsl_gpio.o(.text.GPIO_PinInit) for GPIO_PinInit
    pin_mux.o(.ARM.exidx.text.BOARD_InitBUTTONsPins) refers to pin_mux.o(.text.BOARD_InitBUTTONsPins) for [Anonymous Symbol]
    board.o(.text.BOARD_InitDebugConsole) refers to fsl_reset.o(.text.RESET_PeripheralReset) for RESET_PeripheralReset
    board.o(.text.BOARD_InitDebugConsole) refers to fsl_clock.o(.text.CLOCK_GetMainClkFreq) for CLOCK_GetMainClkFreq
    board.o(.text.BOARD_InitDebugConsole) refers to fsl_debug_console.o(.text.DbgConsole_Init) for DbgConsole_Init
    board.o(.text.BOARD_InitDebugConsole) refers to fsl_assert.o(.text.__aeabi_assert) for __aeabi_assert
    board.o(.ARM.exidx.text.BOARD_InitDebugConsole) refers to board.o(.text.BOARD_InitDebugConsole) for [Anonymous Symbol]
    clock_config.o(.text.BOARD_InitBootClocks) refers to fsl_clock.o(.text.CLOCK_SetFroOscFreq) for CLOCK_SetFroOscFreq
    clock_config.o(.text.BOARD_InitBootClocks) refers to fsl_clock.o(.text.CLOCK_SetMainClkSrc) for CLOCK_SetMainClkSrc
    clock_config.o(.text.BOARD_InitBootClocks) refers to fsl_clock.o(.text.CLOCK_SetFRG0ClkFreq) for CLOCK_SetFRG0ClkFreq
    clock_config.o(.text.BOARD_InitBootClocks) refers to system_lpc804.o(.data.SystemCoreClock) for SystemCoreClock
    clock_config.o(.ARM.exidx.text.BOARD_InitBootClocks) refers to clock_config.o(.text.BOARD_InitBootClocks) for [Anonymous Symbol]
    clock_config.o(.text.BOARD_BootClockFRO30M) refers to fsl_clock.o(.text.CLOCK_SetFroOscFreq) for CLOCK_SetFroOscFreq
    clock_config.o(.text.BOARD_BootClockFRO30M) refers to fsl_clock.o(.text.CLOCK_SetMainClkSrc) for CLOCK_SetMainClkSrc
    clock_config.o(.text.BOARD_BootClockFRO30M) refers to fsl_clock.o(.text.CLOCK_SetFRG0ClkFreq) for CLOCK_SetFRG0ClkFreq
    clock_config.o(.text.BOARD_BootClockFRO30M) refers to system_lpc804.o(.data.SystemCoreClock) for SystemCoreClock
    clock_config.o(.ARM.exidx.text.BOARD_BootClockFRO30M) refers to clock_config.o(.text.BOARD_BootClockFRO30M) for [Anonymous Symbol]
    clock_config.o(.text.BOARD_BootClockFRO18M) refers to fsl_clock.o(.text.CLOCK_SetFroOscFreq) for CLOCK_SetFroOscFreq
    clock_config.o(.text.BOARD_BootClockFRO18M) refers to fsl_clock.o(.text.CLOCK_SetMainClkSrc) for CLOCK_SetMainClkSrc
    clock_config.o(.text.BOARD_BootClockFRO18M) refers to fsl_clock.o(.text.CLOCK_SetFRG0ClkFreq) for CLOCK_SetFRG0ClkFreq
    clock_config.o(.text.BOARD_BootClockFRO18M) refers to system_lpc804.o(.data.SystemCoreClock) for SystemCoreClock
    clock_config.o(.ARM.exidx.text.BOARD_BootClockFRO18M) refers to clock_config.o(.text.BOARD_BootClockFRO18M) for [Anonymous Symbol]
    clock_config.o(.text.BOARD_BootClockFRO24M) refers to fsl_clock.o(.text.CLOCK_SetFroOscFreq) for CLOCK_SetFroOscFreq
    clock_config.o(.text.BOARD_BootClockFRO24M) refers to fsl_clock.o(.text.CLOCK_SetMainClkSrc) for CLOCK_SetMainClkSrc
    clock_config.o(.text.BOARD_BootClockFRO24M) refers to fsl_clock.o(.text.CLOCK_SetFRG0ClkFreq) for CLOCK_SetFRG0ClkFreq
    clock_config.o(.text.BOARD_BootClockFRO24M) refers to system_lpc804.o(.data.SystemCoreClock) for SystemCoreClock
    clock_config.o(.ARM.exidx.text.BOARD_BootClockFRO24M) refers to clock_config.o(.text.BOARD_BootClockFRO24M) for [Anonymous Symbol]
    fsl_adapter_miniusart.o(.text.HAL_UartInit) refers to fsl_usart.o(.text.USART_GetDefaultConfig) for USART_GetDefaultConfig
    fsl_adapter_miniusart.o(.text.HAL_UartInit) refers to fsl_usart.o(.text.USART_Init) for USART_Init
    fsl_adapter_miniusart.o(.text.HAL_UartInit) refers to fsl_assert.o(.text.__aeabi_assert) for __aeabi_assert
    fsl_adapter_miniusart.o(.text.HAL_UartInit) refers to fsl_adapter_miniusart.o(.rodata.str1.1) for [Anonymous Symbol]
    fsl_adapter_miniusart.o(.text.HAL_UartInit) refers to fsl_adapter_miniusart.o(.rodata.cst8) for [Anonymous Symbol]
    fsl_adapter_miniusart.o(.ARM.exidx.text.HAL_UartInit) refers to fsl_adapter_miniusart.o(.text.HAL_UartInit) for [Anonymous Symbol]
    fsl_adapter_miniusart.o(.text.HAL_UartDeinit) refers to fsl_usart.o(.text.USART_Deinit) for USART_Deinit
    fsl_adapter_miniusart.o(.text.HAL_UartDeinit) refers to fsl_assert.o(.text.__aeabi_assert) for __aeabi_assert
    fsl_adapter_miniusart.o(.text.HAL_UartDeinit) refers to fsl_adapter_miniusart.o(.rodata.cst8) for [Anonymous Symbol]
    fsl_adapter_miniusart.o(.text.HAL_UartDeinit) refers to fsl_adapter_miniusart.o(.rodata.str1.1) for [Anonymous Symbol]
    fsl_adapter_miniusart.o(.ARM.exidx.text.HAL_UartDeinit) refers to fsl_adapter_miniusart.o(.text.HAL_UartDeinit) for [Anonymous Symbol]
    fsl_adapter_miniusart.o(.text.HAL_UartReceiveBlocking) refers to fsl_usart.o(.text.USART_ReadBlocking) for USART_ReadBlocking
    fsl_adapter_miniusart.o(.text.HAL_UartReceiveBlocking) refers to fsl_assert.o(.text.__aeabi_assert) for __aeabi_assert
    fsl_adapter_miniusart.o(.text.HAL_UartReceiveBlocking) refers to fsl_adapter_miniusart.o(.rodata.cst8) for [Anonymous Symbol]
    fsl_adapter_miniusart.o(.text.HAL_UartReceiveBlocking) refers to fsl_adapter_miniusart.o(.rodata.str1.1) for [Anonymous Symbol]
    fsl_adapter_miniusart.o(.ARM.exidx.text.HAL_UartReceiveBlocking) refers to fsl_adapter_miniusart.o(.text.HAL_UartReceiveBlocking) for [Anonymous Symbol]
    fsl_adapter_miniusart.o(.text.HAL_UartSendBlocking) refers to fsl_usart.o(.text.USART_WriteBlocking) for USART_WriteBlocking
    fsl_adapter_miniusart.o(.text.HAL_UartSendBlocking) refers to fsl_assert.o(.text.__aeabi_assert) for __aeabi_assert
    fsl_adapter_miniusart.o(.text.HAL_UartSendBlocking) refers to fsl_adapter_miniusart.o(.rodata.cst8) for [Anonymous Symbol]
    fsl_adapter_miniusart.o(.text.HAL_UartSendBlocking) refers to fsl_adapter_miniusart.o(.rodata.str1.1) for [Anonymous Symbol]
    fsl_adapter_miniusart.o(.ARM.exidx.text.HAL_UartSendBlocking) refers to fsl_adapter_miniusart.o(.text.HAL_UartSendBlocking) for [Anonymous Symbol]
    fsl_adapter_miniusart.o(.text.HAL_UartEnterLowpower) refers to fsl_assert.o(.text.__aeabi_assert) for __aeabi_assert
    fsl_adapter_miniusart.o(.text.HAL_UartEnterLowpower) refers to fsl_adapter_miniusart.o(.rodata.str1.1) for [Anonymous Symbol]
    fsl_adapter_miniusart.o(.ARM.exidx.text.HAL_UartEnterLowpower) refers to fsl_adapter_miniusart.o(.text.HAL_UartEnterLowpower) for [Anonymous Symbol]
    fsl_adapter_miniusart.o(.text.HAL_UartExitLowpower) refers to fsl_assert.o(.text.__aeabi_assert) for __aeabi_assert
    fsl_adapter_miniusart.o(.text.HAL_UartExitLowpower) refers to fsl_adapter_miniusart.o(.rodata.str1.1) for [Anonymous Symbol]
    fsl_adapter_miniusart.o(.ARM.exidx.text.HAL_UartExitLowpower) refers to fsl_adapter_miniusart.o(.text.HAL_UartExitLowpower) for [Anonymous Symbol]
    fsl_clock.o(.text.CLOCK_SetFRG0ClkFreq) refers to uidiv_div0.o(.text) for __aeabi_uidiv
    fsl_clock.o(.text.CLOCK_SetFRG0ClkFreq) refers to uldiv.o(.text) for __aeabi_uldivmod
    fsl_clock.o(.text.CLOCK_SetFRG0ClkFreq) refers to fsl_assert.o(.text.__aeabi_assert) for __aeabi_assert
    fsl_clock.o(.text.CLOCK_SetFRG0ClkFreq) refers to fsl_clock.o(.bss.g_Fro_Osc_Freq) for g_Fro_Osc_Freq
    fsl_clock.o(.text.CLOCK_SetFRG0ClkFreq) refers to fsl_clock.o(.data.g_LP_Osc_Freq) for g_LP_Osc_Freq
    fsl_clock.o(.text.CLOCK_SetFRG0ClkFreq) refers to fsl_clock.o(.bss.g_Ext_Clk_Freq) for g_Ext_Clk_Freq
    fsl_clock.o(.text.CLOCK_SetFRG0ClkFreq) refers to fsl_clock.o(.rodata.str1.1) for [Anonymous Symbol]
    fsl_clock.o(.ARM.exidx.text.CLOCK_SetFRG0ClkFreq) refers to fsl_clock.o(.text.CLOCK_SetFRG0ClkFreq) for [Anonymous Symbol]
    fsl_clock.o(.text.CLOCK_GetFRG0ClkFreq) refers to uldiv.o(.text) for __aeabi_uldivmod
    fsl_clock.o(.text.CLOCK_GetFRG0ClkFreq) refers to fsl_assert.o(.text.__aeabi_assert) for __aeabi_assert
    fsl_clock.o(.text.CLOCK_GetFRG0ClkFreq) refers to fsl_clock.o(.bss.g_Fro_Osc_Freq) for g_Fro_Osc_Freq
    fsl_clock.o(.text.CLOCK_GetFRG0ClkFreq) refers to fsl_clock.o(.data.g_LP_Osc_Freq) for g_LP_Osc_Freq
    fsl_clock.o(.text.CLOCK_GetFRG0ClkFreq) refers to fsl_clock.o(.bss.g_Ext_Clk_Freq) for g_Ext_Clk_Freq
    fsl_clock.o(.text.CLOCK_GetFRG0ClkFreq) refers to fsl_clock.o(.rodata.str1.1) for [Anonymous Symbol]
    fsl_clock.o(.ARM.exidx.text.CLOCK_GetFRG0ClkFreq) refers to fsl_clock.o(.text.CLOCK_GetFRG0ClkFreq) for [Anonymous Symbol]
    fsl_clock.o(.text.CLOCK_GetMainClkFreq) refers to fsl_assert.o(.text.__aeabi_assert) for __aeabi_assert
    fsl_clock.o(.text.CLOCK_GetMainClkFreq) refers to fsl_clock.o(.bss.g_Fro_Osc_Freq) for g_Fro_Osc_Freq
    fsl_clock.o(.text.CLOCK_GetMainClkFreq) refers to fsl_clock.o(.data.g_LP_Osc_Freq) for g_LP_Osc_Freq
    fsl_clock.o(.text.CLOCK_GetMainClkFreq) refers to fsl_clock.o(.bss.g_Ext_Clk_Freq) for g_Ext_Clk_Freq
    fsl_clock.o(.text.CLOCK_GetMainClkFreq) refers to fsl_clock.o(.rodata.str1.1) for [Anonymous Symbol]
    fsl_clock.o(.ARM.exidx.text.CLOCK_GetMainClkFreq) refers to fsl_clock.o(.text.CLOCK_GetMainClkFreq) for [Anonymous Symbol]
    fsl_clock.o(.text.CLOCK_GetFroFreq) refers to fsl_clock.o(.bss.g_Fro_Osc_Freq) for g_Fro_Osc_Freq
    fsl_clock.o(.ARM.exidx.text.CLOCK_GetFroFreq) refers to fsl_clock.o(.text.CLOCK_GetFroFreq) for [Anonymous Symbol]
    fsl_clock.o(.text.CLOCK_GetClockOutClkFreq) refers to uidiv_div0.o(.text) for __aeabi_uidiv
    fsl_clock.o(.text.CLOCK_GetClockOutClkFreq) refers to fsl_assert.o(.text.__aeabi_assert) for __aeabi_assert
    fsl_clock.o(.text.CLOCK_GetClockOutClkFreq) refers to fsl_clock.o(.data.g_LP_Osc_Freq) for g_LP_Osc_Freq
    fsl_clock.o(.text.CLOCK_GetClockOutClkFreq) refers to fsl_clock.o(.bss.g_Ext_Clk_Freq) for g_Ext_Clk_Freq
    fsl_clock.o(.text.CLOCK_GetClockOutClkFreq) refers to fsl_clock.o(.bss.g_Fro_Osc_Freq) for g_Fro_Osc_Freq
    fsl_clock.o(.text.CLOCK_GetClockOutClkFreq) refers to fsl_clock.o(.rodata.str1.1) for [Anonymous Symbol]
    fsl_clock.o(.ARM.exidx.text.CLOCK_GetClockOutClkFreq) refers to fsl_clock.o(.text.CLOCK_GetClockOutClkFreq) for [Anonymous Symbol]
    fsl_clock.o(.text.CLOCK_GetUart0ClkFreq) refers to uldiv.o(.text) for __aeabi_uldivmod
    fsl_clock.o(.text.CLOCK_GetUart0ClkFreq) refers to fsl_assert.o(.text.__aeabi_assert) for __aeabi_assert
    fsl_clock.o(.text.CLOCK_GetUart0ClkFreq) refers to fsl_clock.o(.bss.g_Fro_Osc_Freq) for g_Fro_Osc_Freq
    fsl_clock.o(.text.CLOCK_GetUart0ClkFreq) refers to fsl_clock.o(.data.g_LP_Osc_Freq) for g_LP_Osc_Freq
    fsl_clock.o(.text.CLOCK_GetUart0ClkFreq) refers to fsl_clock.o(.bss.g_Ext_Clk_Freq) for g_Ext_Clk_Freq
    fsl_clock.o(.text.CLOCK_GetUart0ClkFreq) refers to fsl_clock.o(.rodata.str1.1) for [Anonymous Symbol]
    fsl_clock.o(.ARM.exidx.text.CLOCK_GetUart0ClkFreq) refers to fsl_clock.o(.text.CLOCK_GetUart0ClkFreq) for [Anonymous Symbol]
    fsl_clock.o(.text.CLOCK_GetUart1ClkFreq) refers to uldiv.o(.text) for __aeabi_uldivmod
    fsl_clock.o(.text.CLOCK_GetUart1ClkFreq) refers to fsl_assert.o(.text.__aeabi_assert) for __aeabi_assert
    fsl_clock.o(.text.CLOCK_GetUart1ClkFreq) refers to fsl_clock.o(.bss.g_Fro_Osc_Freq) for g_Fro_Osc_Freq
    fsl_clock.o(.text.CLOCK_GetUart1ClkFreq) refers to fsl_clock.o(.data.g_LP_Osc_Freq) for g_LP_Osc_Freq
    fsl_clock.o(.text.CLOCK_GetUart1ClkFreq) refers to fsl_clock.o(.bss.g_Ext_Clk_Freq) for g_Ext_Clk_Freq
    fsl_clock.o(.text.CLOCK_GetUart1ClkFreq) refers to fsl_clock.o(.rodata.str1.1) for [Anonymous Symbol]
    fsl_clock.o(.ARM.exidx.text.CLOCK_GetUart1ClkFreq) refers to fsl_clock.o(.text.CLOCK_GetUart1ClkFreq) for [Anonymous Symbol]
    fsl_clock.o(.text.CLOCK_GetFreq) refers to uldiv.o(.text) for __aeabi_uldivmod
    fsl_clock.o(.text.CLOCK_GetFreq) refers to uidiv_div0.o(.text) for __aeabi_uidiv
    fsl_clock.o(.text.CLOCK_GetFreq) refers to fsl_assert.o(.text.__aeabi_assert) for __aeabi_assert
    fsl_clock.o(.text.CLOCK_GetFreq) refers to fsl_clock.o(.bss.g_Fro_Osc_Freq) for g_Fro_Osc_Freq
    fsl_clock.o(.text.CLOCK_GetFreq) refers to fsl_clock.o(.data.g_LP_Osc_Freq) for g_LP_Osc_Freq
    fsl_clock.o(.text.CLOCK_GetFreq) refers to fsl_clock.o(.bss.g_Ext_Clk_Freq) for g_Ext_Clk_Freq
    fsl_clock.o(.text.CLOCK_GetFreq) refers to fsl_clock.o(.rodata.str1.1) for [Anonymous Symbol]
    fsl_clock.o(.ARM.exidx.text.CLOCK_GetFreq) refers to fsl_clock.o(.text.CLOCK_GetFreq) for [Anonymous Symbol]
    fsl_clock.o(.text.CLOCK_InitExtClkin) refers to fsl_clock.o(.bss.g_Ext_Clk_Freq) for g_Ext_Clk_Freq
    fsl_clock.o(.ARM.exidx.text.CLOCK_InitExtClkin) refers to fsl_clock.o(.text.CLOCK_InitExtClkin) for [Anonymous Symbol]
    fsl_clock.o(.ARM.exidx.text.CLOCK_SetMainClkSrc) refers to fsl_clock.o(.text.CLOCK_SetMainClkSrc) for [Anonymous Symbol]
    fsl_clock.o(.text.CLOCK_SetFroOscFreq) refers to fsl_clock.o(.bss.g_Fro_Osc_Freq) for g_Fro_Osc_Freq
    fsl_clock.o(.ARM.exidx.text.CLOCK_SetFroOscFreq) refers to fsl_clock.o(.text.CLOCK_SetFroOscFreq) for [Anonymous Symbol]
    fsl_common.o(.text.SDK_Malloc) refers to malloc2.o(i.__malloc$2region) for malloc
    fsl_common.o(.ARM.exidx.text.SDK_Malloc) refers to fsl_common.o(.text.SDK_Malloc) for [Anonymous Symbol]
    fsl_common.o(.text.SDK_Free) refers to malloc2.o(i.__free$2region) for free
    fsl_common.o(.ARM.exidx.text.SDK_Free) refers to fsl_common.o(.text.SDK_Free) for [Anonymous Symbol]
    fsl_common_arm.o(.text.SDK_DelayAtLeastUs) refers to llmul.o(.text) for __aeabi_lmul
    fsl_common_arm.o(.text.SDK_DelayAtLeastUs) refers to uldiv.o(.text) for __aeabi_uldivmod
    fsl_common_arm.o(.text.SDK_DelayAtLeastUs) refers to fsl_assert.o(.text.__aeabi_assert) for __aeabi_assert
    fsl_common_arm.o(.text.SDK_DelayAtLeastUs) refers to fsl_common_arm.o(.rodata.str1.1) for [Anonymous Symbol]
    fsl_common_arm.o(.ARM.exidx.text.SDK_DelayAtLeastUs) refers to fsl_common_arm.o(.text.SDK_DelayAtLeastUs) for [Anonymous Symbol]
    fsl_gpio.o(.text.GPIO_PortInit) refers to fsl_reset.o(.text.RESET_PeripheralReset) for RESET_PeripheralReset
    fsl_gpio.o(.text.GPIO_PortInit) refers to fsl_assert.o(.text.__aeabi_assert) for __aeabi_assert
    fsl_gpio.o(.text.GPIO_PortInit) refers to fsl_gpio.o(.rodata.str1.1) for [Anonymous Symbol]
    fsl_gpio.o(.ARM.exidx.text.GPIO_PortInit) refers to fsl_gpio.o(.text.GPIO_PortInit) for [Anonymous Symbol]
    fsl_gpio.o(.text.GPIO_PinInit) refers to fsl_assert.o(.text.__aeabi_assert) for __aeabi_assert
    fsl_gpio.o(.text.GPIO_PinInit) refers to fsl_gpio.o(.rodata.str1.1) for [Anonymous Symbol]
    fsl_gpio.o(.ARM.exidx.text.GPIO_PinInit) refers to fsl_gpio.o(.text.GPIO_PinInit) for [Anonymous Symbol]
    fsl_power.o(.ARM.exidx.text.POWER_EnterSleep) refers to fsl_power.o(.text.POWER_EnterSleep) for [Anonymous Symbol]
    fsl_power.o(.text.POWER_EnterDeepSleep) refers to fsl_assert.o(.text.__aeabi_assert) for __aeabi_assert
    fsl_power.o(.text.POWER_EnterDeepSleep) refers to fsl_power.o(.rodata.str1.1) for [Anonymous Symbol]
    fsl_power.o(.ARM.exidx.text.POWER_EnterDeepSleep) refers to fsl_power.o(.text.POWER_EnterDeepSleep) for [Anonymous Symbol]
    fsl_power.o(.text.POWER_EnterPowerDown) refers to fsl_assert.o(.text.__aeabi_assert) for __aeabi_assert
    fsl_power.o(.text.POWER_EnterPowerDown) refers to fsl_power.o(.rodata.str1.1) for [Anonymous Symbol]
    fsl_power.o(.ARM.exidx.text.POWER_EnterPowerDown) refers to fsl_power.o(.text.POWER_EnterPowerDown) for [Anonymous Symbol]
    fsl_power.o(.ARM.exidx.text.POWER_EnterDeepPowerDownMode) refers to fsl_power.o(.text.POWER_EnterDeepPowerDownMode) for [Anonymous Symbol]
    fsl_power.o(.ARM.exidx.text.EnableDeepSleepIRQ) refers to fsl_power.o(.text.EnableDeepSleepIRQ) for [Anonymous Symbol]
    fsl_power.o(.ARM.exidx.text.DisableDeepSleepIRQ) refers to fsl_power.o(.text.DisableDeepSleepIRQ) for [Anonymous Symbol]
    fsl_reset.o(.text.RESET_SetPeripheralReset) refers to fsl_assert.o(.text.__aeabi_assert) for __aeabi_assert
    fsl_reset.o(.text.RESET_SetPeripheralReset) refers to fsl_reset.o(.rodata.str1.1) for [Anonymous Symbol]
    fsl_reset.o(.ARM.exidx.text.RESET_SetPeripheralReset) refers to fsl_reset.o(.text.RESET_SetPeripheralReset) for [Anonymous Symbol]
    fsl_reset.o(.text.RESET_ClearPeripheralReset) refers to fsl_assert.o(.text.__aeabi_assert) for __aeabi_assert
    fsl_reset.o(.text.RESET_ClearPeripheralReset) refers to fsl_reset.o(.rodata.str1.1) for [Anonymous Symbol]
    fsl_reset.o(.ARM.exidx.text.RESET_ClearPeripheralReset) refers to fsl_reset.o(.text.RESET_ClearPeripheralReset) for [Anonymous Symbol]
    fsl_reset.o(.text.RESET_PeripheralReset) refers to fsl_assert.o(.text.__aeabi_assert) for __aeabi_assert
    fsl_reset.o(.text.RESET_PeripheralReset) refers to fsl_reset.o(.rodata.str1.1) for [Anonymous Symbol]
    fsl_reset.o(.ARM.exidx.text.RESET_PeripheralReset) refers to fsl_reset.o(.text.RESET_PeripheralReset) for [Anonymous Symbol]
    fsl_swm.o(.text.SWM_SetMovablePinSelect) refers to fsl_assert.o(.text.__aeabi_assert) for __aeabi_assert
    fsl_swm.o(.text.SWM_SetMovablePinSelect) refers to fsl_swm.o(.rodata.str1.1) for [Anonymous Symbol]
    fsl_swm.o(.ARM.exidx.text.SWM_SetMovablePinSelect) refers to fsl_swm.o(.text.SWM_SetMovablePinSelect) for [Anonymous Symbol]
    fsl_swm.o(.text.SWM_SetFixedMovablePinSelect) refers to fsl_assert.o(.text.__aeabi_assert) for __aeabi_assert
    fsl_swm.o(.text.SWM_SetFixedMovablePinSelect) refers to fsl_swm.o(.rodata.str1.1) for [Anonymous Symbol]
    fsl_swm.o(.ARM.exidx.text.SWM_SetFixedMovablePinSelect) refers to fsl_swm.o(.text.SWM_SetFixedMovablePinSelect) for [Anonymous Symbol]
    fsl_swm.o(.text.SWM_SetFixedPinSelect) refers to fsl_assert.o(.text.__aeabi_assert) for __aeabi_assert
    fsl_swm.o(.text.SWM_SetFixedPinSelect) refers to fsl_swm.o(.rodata.str1.1) for [Anonymous Symbol]
    fsl_swm.o(.ARM.exidx.text.SWM_SetFixedPinSelect) refers to fsl_swm.o(.text.SWM_SetFixedPinSelect) for [Anonymous Symbol]
    fsl_syscon.o(.ARM.exidx.text.SYSCON_AttachSignal) refers to fsl_syscon.o(.text.SYSCON_AttachSignal) for [Anonymous Symbol]
    fsl_usart.o(.text.USART_GetInstance) refers to fsl_assert.o(.text.__aeabi_assert) for __aeabi_assert
    fsl_usart.o(.text.USART_GetInstance) refers to fsl_usart.o(.rodata.cst8) for [Anonymous Symbol]
    fsl_usart.o(.text.USART_GetInstance) refers to fsl_usart.o(.rodata.str1.1) for [Anonymous Symbol]
    fsl_usart.o(.ARM.exidx.text.USART_GetInstance) refers to fsl_usart.o(.text.USART_GetInstance) for [Anonymous Symbol]
    fsl_usart.o(.text.USART_TransferGetRxRingBufferLength) refers to fsl_assert.o(.text.__aeabi_assert) for __aeabi_assert
    fsl_usart.o(.text.USART_TransferGetRxRingBufferLength) refers to fsl_usart.o(.rodata.str1.1) for [Anonymous Symbol]
    fsl_usart.o(.ARM.exidx.text.USART_TransferGetRxRingBufferLength) refers to fsl_usart.o(.text.USART_TransferGetRxRingBufferLength) for [Anonymous Symbol]
    fsl_usart.o(.text.USART_TransferStartRingBuffer) refers to fsl_assert.o(.text.__aeabi_assert) for __aeabi_assert
    fsl_usart.o(.text.USART_TransferStartRingBuffer) refers to fsl_usart.o(.rodata.str1.1) for [Anonymous Symbol]
    fsl_usart.o(.ARM.exidx.text.USART_TransferStartRingBuffer) refers to fsl_usart.o(.text.USART_TransferStartRingBuffer) for [Anonymous Symbol]
    fsl_usart.o(.text.USART_TransferStopRingBuffer) refers to fsl_assert.o(.text.__aeabi_assert) for __aeabi_assert
    fsl_usart.o(.text.USART_TransferStopRingBuffer) refers to fsl_usart.o(.rodata.str1.1) for [Anonymous Symbol]
    fsl_usart.o(.ARM.exidx.text.USART_TransferStopRingBuffer) refers to fsl_usart.o(.text.USART_TransferStopRingBuffer) for [Anonymous Symbol]
    fsl_usart.o(.text.USART_Init) refers to fsl_assert.o(.text.__aeabi_assert) for __aeabi_assert
    fsl_usart.o(.text.USART_Init) refers to fsl_reset.o(.text.RESET_PeripheralReset) for RESET_PeripheralReset
    fsl_usart.o(.text.USART_Init) refers to fsl_usart.o(.text.USART_SetBaudRate) for USART_SetBaudRate
    fsl_usart.o(.text.USART_Init) refers to fsl_usart.o(.rodata.cst4) for [Anonymous Symbol]
    fsl_usart.o(.text.USART_Init) refers to fsl_usart.o(.rodata.cst8) for [Anonymous Symbol]
    fsl_usart.o(.text.USART_Init) refers to fsl_usart.o(.rodata.str1.1) for [Anonymous Symbol]
    fsl_usart.o(.ARM.exidx.text.USART_Init) refers to fsl_usart.o(.text.USART_Init) for [Anonymous Symbol]
    fsl_usart.o(.text.USART_SetBaudRate) refers to uidiv_div0.o(.text) for __aeabi_uidiv
    fsl_usart.o(.text.USART_SetBaudRate) refers to fsl_assert.o(.text.__aeabi_assert) for __aeabi_assert
    fsl_usart.o(.text.USART_SetBaudRate) refers to fsl_usart.o(.rodata.str1.1) for [Anonymous Symbol]
    fsl_usart.o(.ARM.exidx.text.USART_SetBaudRate) refers to fsl_usart.o(.text.USART_SetBaudRate) for [Anonymous Symbol]
    fsl_usart.o(.text.USART_Deinit) refers to fsl_assert.o(.text.__aeabi_assert) for __aeabi_assert
    fsl_usart.o(.text.USART_Deinit) refers to fsl_usart.o(.rodata.cst8) for [Anonymous Symbol]
    fsl_usart.o(.text.USART_Deinit) refers to fsl_usart.o(.rodata.str1.1) for [Anonymous Symbol]
    fsl_usart.o(.text.USART_Deinit) refers to fsl_usart.o(.rodata.cst4) for [Anonymous Symbol]
    fsl_usart.o(.ARM.exidx.text.USART_Deinit) refers to fsl_usart.o(.text.USART_Deinit) for [Anonymous Symbol]
    fsl_usart.o(.text.USART_GetDefaultConfig) refers to memset.o(.text) for memset
    fsl_usart.o(.text.USART_GetDefaultConfig) refers to fsl_assert.o(.text.__aeabi_assert) for __aeabi_assert
    fsl_usart.o(.text.USART_GetDefaultConfig) refers to fsl_usart.o(.rodata.str1.1) for [Anonymous Symbol]
    fsl_usart.o(.ARM.exidx.text.USART_GetDefaultConfig) refers to fsl_usart.o(.text.USART_GetDefaultConfig) for [Anonymous Symbol]
    fsl_usart.o(.text.USART_WriteBlocking) refers to fsl_assert.o(.text.__aeabi_assert) for __aeabi_assert
    fsl_usart.o(.text.USART_WriteBlocking) refers to fsl_usart.o(.rodata.str1.1) for [Anonymous Symbol]
    fsl_usart.o(.ARM.exidx.text.USART_WriteBlocking) refers to fsl_usart.o(.text.USART_WriteBlocking) for [Anonymous Symbol]
    fsl_usart.o(.text.USART_ReadBlocking) refers to fsl_assert.o(.text.__aeabi_assert) for __aeabi_assert
    fsl_usart.o(.text.USART_ReadBlocking) refers to fsl_usart.o(.rodata.str1.1) for [Anonymous Symbol]
    fsl_usart.o(.ARM.exidx.text.USART_ReadBlocking) refers to fsl_usart.o(.text.USART_ReadBlocking) for [Anonymous Symbol]
    fsl_usart.o(.text.USART_TransferCreateHandle) refers to fsl_assert.o(.text.__aeabi_assert) for __aeabi_assert
    fsl_usart.o(.text.USART_TransferCreateHandle) refers to memset.o(.text) for memset
    fsl_usart.o(.text.USART_TransferCreateHandle) refers to fsl_usart.o(.bss.s_usartHandle) for [Anonymous Symbol]
    fsl_usart.o(.text.USART_TransferCreateHandle) refers to fsl_usart.o(.rodata.cst8) for [Anonymous Symbol]
    fsl_usart.o(.text.USART_TransferCreateHandle) refers to fsl_usart.o(.rodata.str1.1) for [Anonymous Symbol]
    fsl_usart.o(.text.USART_TransferCreateHandle) refers to fsl_usart.o(.data.s_usartIsr) for [Anonymous Symbol]
    fsl_usart.o(.text.USART_TransferCreateHandle) refers to fsl_usart.o(.text.USART_TransferHandleIRQ) for USART_TransferHandleIRQ
    fsl_usart.o(.ARM.exidx.text.USART_TransferCreateHandle) refers to fsl_usart.o(.text.USART_TransferCreateHandle) for [Anonymous Symbol]
    fsl_usart.o(.text.USART_TransferHandleIRQ) refers to fsl_assert.o(.text.__aeabi_assert) for __aeabi_assert
    fsl_usart.o(.text.USART_TransferHandleIRQ) refers to fsl_usart.o(.rodata.str1.1) for [Anonymous Symbol]
    fsl_usart.o(.ARM.exidx.text.USART_TransferHandleIRQ) refers to fsl_usart.o(.text.USART_TransferHandleIRQ) for [Anonymous Symbol]
    fsl_usart.o(.text.USART_TransferSendNonBlocking) refers to fsl_assert.o(.text.__aeabi_assert) for __aeabi_assert
    fsl_usart.o(.text.USART_TransferSendNonBlocking) refers to fsl_usart.o(.rodata.str1.1) for [Anonymous Symbol]
    fsl_usart.o(.ARM.exidx.text.USART_TransferSendNonBlocking) refers to fsl_usart.o(.text.USART_TransferSendNonBlocking) for [Anonymous Symbol]
    fsl_usart.o(.text.USART_TransferAbortSend) refers to fsl_assert.o(.text.__aeabi_assert) for __aeabi_assert
    fsl_usart.o(.text.USART_TransferAbortSend) refers to fsl_usart.o(.rodata.str1.1) for [Anonymous Symbol]
    fsl_usart.o(.ARM.exidx.text.USART_TransferAbortSend) refers to fsl_usart.o(.text.USART_TransferAbortSend) for [Anonymous Symbol]
    fsl_usart.o(.text.USART_TransferGetSendCount) refers to fsl_assert.o(.text.__aeabi_assert) for __aeabi_assert
    fsl_usart.o(.text.USART_TransferGetSendCount) refers to fsl_usart.o(.rodata.str1.1) for [Anonymous Symbol]
    fsl_usart.o(.ARM.exidx.text.USART_TransferGetSendCount) refers to fsl_usart.o(.text.USART_TransferGetSendCount) for [Anonymous Symbol]
    fsl_usart.o(.text.USART_TransferReceiveNonBlocking) refers to fsl_assert.o(.text.__aeabi_assert) for __aeabi_assert
    fsl_usart.o(.text.USART_TransferReceiveNonBlocking) refers to fsl_usart.o(.rodata.str1.1) for [Anonymous Symbol]
    fsl_usart.o(.ARM.exidx.text.USART_TransferReceiveNonBlocking) refers to fsl_usart.o(.text.USART_TransferReceiveNonBlocking) for [Anonymous Symbol]
    fsl_usart.o(.text.USART_TransferAbortReceive) refers to fsl_assert.o(.text.__aeabi_assert) for __aeabi_assert
    fsl_usart.o(.text.USART_TransferAbortReceive) refers to fsl_usart.o(.rodata.str1.1) for [Anonymous Symbol]
    fsl_usart.o(.ARM.exidx.text.USART_TransferAbortReceive) refers to fsl_usart.o(.text.USART_TransferAbortReceive) for [Anonymous Symbol]
    fsl_usart.o(.text.USART_TransferGetReceiveCount) refers to fsl_assert.o(.text.__aeabi_assert) for __aeabi_assert
    fsl_usart.o(.text.USART_TransferGetReceiveCount) refers to fsl_usart.o(.rodata.str1.1) for [Anonymous Symbol]
    fsl_usart.o(.ARM.exidx.text.USART_TransferGetReceiveCount) refers to fsl_usart.o(.text.USART_TransferGetReceiveCount) for [Anonymous Symbol]
    fsl_usart.o(.text.USART0_DriverIRQHandler) refers to fsl_usart.o(.bss.s_usartHandle) for [Anonymous Symbol]
    fsl_usart.o(.text.USART0_DriverIRQHandler) refers to fsl_usart.o(.data.s_usartIsr) for [Anonymous Symbol]
    fsl_usart.o(.ARM.exidx.text.USART0_DriverIRQHandler) refers to fsl_usart.o(.text.USART0_DriverIRQHandler) for [Anonymous Symbol]
    fsl_usart.o(.text.USART1_DriverIRQHandler) refers to fsl_usart.o(.bss.s_usartHandle) for [Anonymous Symbol]
    fsl_usart.o(.text.USART1_DriverIRQHandler) refers to fsl_usart.o(.data.s_usartIsr) for [Anonymous Symbol]
    fsl_usart.o(.ARM.exidx.text.USART1_DriverIRQHandler) refers to fsl_usart.o(.text.USART1_DriverIRQHandler) for [Anonymous Symbol]
    fsl_usart.o(.data.s_usartIsr) refers to startup_lpc804.o(.text) for DefaultISR
    system_lpc804.o(.text.SystemInit) refers to system_lpc804.o(.text.SystemInitHook) for SystemInitHook
    system_lpc804.o(.text.SystemInit) refers to startup_lpc804.o(.isr_vector) for __Vectors
    system_lpc804.o(.text.SystemInit) refers to system_lpc804.o(.data.SystemCoreClock) for SystemCoreClock
    system_lpc804.o(.ARM.exidx.text.SystemInit) refers to system_lpc804.o(.text.SystemInit) for [Anonymous Symbol]
    system_lpc804.o(.ARM.exidx.text.SystemInitHook) refers to system_lpc804.o(.text.SystemInitHook) for [Anonymous Symbol]
    system_lpc804.o(.text.SystemCoreClockUpdate) refers to uidiv_div0.o(.text) for __aeabi_uidiv
    system_lpc804.o(.text.SystemCoreClockUpdate) refers to fsl_clock.o(.bss.g_Fro_Osc_Freq) for g_Fro_Osc_Freq
    system_lpc804.o(.text.SystemCoreClockUpdate) refers to system_lpc804.o(.data.SystemCoreClock) for SystemCoreClock
    system_lpc804.o(.ARM.exidx.text.SystemCoreClockUpdate) refers to system_lpc804.o(.text.SystemCoreClockUpdate) for [Anonymous Symbol]
    fsl_assert.o(.ARM.exidx.text.fsl_assert_hook) refers to fsl_assert.o(.text.fsl_assert_hook) for [Anonymous Symbol]
    fsl_assert.o(.text.__aeabi_assert) refers to fsl_debug_console.o(.text.DbgConsole_Printf) for DbgConsole_Printf
    fsl_assert.o(.text.__aeabi_assert) refers to fsl_assert.o(.text.fsl_assert_hook) for fsl_assert_hook
    fsl_assert.o(.ARM.exidx.text.__aeabi_assert) refers to fsl_assert.o(.text.__aeabi_assert) for [Anonymous Symbol]
    fsl_debug_console.o(.text.DbgConsole_Init) refers to fsl_adapter_miniusart.o(.text.HAL_UartInit) for HAL_UartInit
    fsl_debug_console.o(.text.DbgConsole_Init) refers to fsl_debug_console.o(.bss.s_debugConsole) for [Anonymous Symbol]
    fsl_debug_console.o(.text.DbgConsole_Init) refers to fsl_adapter_miniusart.o(.text.HAL_UartReceiveBlocking) for HAL_UartReceiveBlocking
    fsl_debug_console.o(.text.DbgConsole_Init) refers to fsl_adapter_miniusart.o(.text.HAL_UartSendBlocking) for HAL_UartSendBlocking
    fsl_debug_console.o(.ARM.exidx.text.DbgConsole_Init) refers to fsl_debug_console.o(.text.DbgConsole_Init) for [Anonymous Symbol]
    fsl_debug_console.o(.text.DbgConsole_Deinit) refers to fsl_adapter_miniusart.o(.text.HAL_UartDeinit) for HAL_UartDeinit
    fsl_debug_console.o(.text.DbgConsole_Deinit) refers to fsl_debug_console.o(.bss.s_debugConsole) for [Anonymous Symbol]
    fsl_debug_console.o(.ARM.exidx.text.DbgConsole_Deinit) refers to fsl_debug_console.o(.text.DbgConsole_Deinit) for [Anonymous Symbol]
    fsl_debug_console.o(.text.DbgConsole_EnterLowpower) refers to fsl_adapter_miniusart.o(.text.HAL_UartEnterLowpower) for HAL_UartEnterLowpower
    fsl_debug_console.o(.text.DbgConsole_EnterLowpower) refers to fsl_debug_console.o(.bss.s_debugConsole) for [Anonymous Symbol]
    fsl_debug_console.o(.ARM.exidx.text.DbgConsole_EnterLowpower) refers to fsl_debug_console.o(.text.DbgConsole_EnterLowpower) for [Anonymous Symbol]
    fsl_debug_console.o(.text.DbgConsole_ExitLowpower) refers to fsl_adapter_miniusart.o(.text.HAL_UartExitLowpower) for HAL_UartExitLowpower
    fsl_debug_console.o(.text.DbgConsole_ExitLowpower) refers to fsl_debug_console.o(.bss.s_debugConsole) for [Anonymous Symbol]
    fsl_debug_console.o(.ARM.exidx.text.DbgConsole_ExitLowpower) refers to fsl_debug_console.o(.text.DbgConsole_ExitLowpower) for [Anonymous Symbol]
    fsl_debug_console.o(.text.DbgConsole_Printf) refers to fsl_debug_console.o(.text.DbgConsole_Vprintf) for DbgConsole_Vprintf
    fsl_debug_console.o(.ARM.exidx.text.DbgConsole_Printf) refers to fsl_debug_console.o(.text.DbgConsole_Printf) for [Anonymous Symbol]
    fsl_debug_console.o(.text.DbgConsole_Vprintf) refers to uidiv_div0.o(.text) for __aeabi_uidiv
    fsl_debug_console.o(.text.DbgConsole_Vprintf) refers to memcpy.o(.text) for memcpy
    fsl_debug_console.o(.text.DbgConsole_Vprintf) refers to fsl_debug_console.o(.bss.s_debugConsole) for [Anonymous Symbol]
    fsl_debug_console.o(.text.DbgConsole_Vprintf) refers to strlen.o(.text) for strlen
    fsl_debug_console.o(.ARM.exidx.text.DbgConsole_Vprintf) refers to fsl_debug_console.o(.text.DbgConsole_Vprintf) for [Anonymous Symbol]
    fsl_debug_console.o(.text.DbgConsole_Putchar) refers to fsl_debug_console.o(.bss.s_debugConsole) for [Anonymous Symbol]
    fsl_debug_console.o(.ARM.exidx.text.DbgConsole_Putchar) refers to fsl_debug_console.o(.text.DbgConsole_Putchar) for [Anonymous Symbol]
    fsl_debug_console.o(.text.DbgConsole_Scanf) refers to fsl_str.o(.text.StrFormatScanf) for StrFormatScanf
    fsl_debug_console.o(.text.DbgConsole_Scanf) refers to fsl_debug_console.o(.bss.s_debugConsole) for [Anonymous Symbol]
    fsl_debug_console.o(.ARM.exidx.text.DbgConsole_Scanf) refers to fsl_debug_console.o(.text.DbgConsole_Scanf) for [Anonymous Symbol]
    fsl_debug_console.o(.text.DbgConsole_Getchar) refers to fsl_debug_console.o(.bss.s_debugConsole) for [Anonymous Symbol]
    fsl_debug_console.o(.ARM.exidx.text.DbgConsole_Getchar) refers to fsl_debug_console.o(.text.DbgConsole_Getchar) for [Anonymous Symbol]
    fsl_str.o(.text.StrFormatPrintf) refers to uidiv_div0.o(.text) for __aeabi_uidiv
    fsl_str.o(.text.StrFormatPrintf) refers to memcpy.o(.text) for memcpy
    fsl_str.o(.text.StrFormatPrintf) refers to strlen.o(.text) for strlen
    fsl_str.o(.ARM.exidx.text.StrFormatPrintf) refers to fsl_str.o(.text.StrFormatPrintf) for [Anonymous Symbol]
    fsl_str.o(.text.StrFormatScanf) refers to errno.o(i.__aeabi_errno_addr) for __aeabi_errno_addr
    fsl_str.o(.text.StrFormatScanf) refers to strtoul.o(.text) for strtoul
    fsl_str.o(.text.StrFormatScanf) refers to strlen.o(.text) for strlen
    fsl_str.o(.text.StrFormatScanf) refers to memcpy.o(.text) for memcpy
    fsl_str.o(.ARM.exidx.text.StrFormatScanf) refers to fsl_str.o(.text.StrFormatScanf) for [Anonymous Symbol]
    startup_lpc804.o(.text) refers to system_lpc804.o(.text.SystemInit) for SystemInit
    startup_lpc804.o(.text) refers to entry.o(.ARM.Collect$$$$00000000) for __main
    startup_lpc804.o(.text) refers to fsl_usart.o(.text.USART0_DriverIRQHandler) for USART0_DriverIRQHandler
    startup_lpc804.o(.text) refers to fsl_usart.o(.text.USART1_DriverIRQHandler) for USART1_DriverIRQHandler
    startup_lpc804.o(.isr_vector) refers to startup_lpc804.o(.text) for Reset_Handler
    entry.o(.ARM.Collect$$$$00000000) refers (Special) to entry10a.o(.ARM.Collect$$$$0000000D) for __rt_final_cpp
    entry.o(.ARM.Collect$$$$00000000) refers (Special) to entry11a.o(.ARM.Collect$$$$0000000F) for __rt_final_exit
    entry.o(.ARM.Collect$$$$00000000) refers (Special) to entry7b.o(.ARM.Collect$$$$00000008) for _main_clock
    entry.o(.ARM.Collect$$$$00000000) refers (Special) to entry8b.o(.ARM.Collect$$$$0000000A) for _main_cpp_init
    entry.o(.ARM.Collect$$$$00000000) refers (Special) to entry9a.o(.ARM.Collect$$$$0000000B) for _main_init
    entry.o(.ARM.Collect$$$$00000000) refers (Special) to entry5.o(.ARM.Collect$$$$00000004) for _main_scatterload
    entry.o(.ARM.Collect$$$$00000000) refers (Special) to entry4.o(.ARM.Collect$$$$00000003) for _main_stk
    uldiv.o(.text) refers to llushr.o(.text) for __aeabi_llsr
    uldiv.o(.text) refers to llshl.o(.text) for __aeabi_llsl
    malloc2.o(i.__free$2region) refers to mvars.o(.data) for __microlib_freelist
    malloc2.o(i.__malloc$2region) refers to mvars.o(.data) for __microlib_freelist_initialised
    malloc2.o(i.__malloc$2region) refers to mvars.o(.data) for __microlib_freelist
    mallocr2.o(i.__free$realloc$2region) refers to mvars.o(.data) for __microlib_freelist
    mallocr2.o(i.__malloc$realloc$2region) refers to mallocr2.o(i.internal_alloc) for internal_alloc
    mallocr2.o(i.__malloc$realloc$2region) refers to mvars.o(.data) for __microlib_freelist_initialised
    mallocr2.o(i.__malloc$realloc$2region) refers to mvars.o(.data) for __microlib_freelist
    mallocr2.o(i.__realloc$2region) refers to mallocr2.o(i.__free$realloc$2region) for __free$realloc$2region
    mallocr2.o(i.__realloc$2region) refers to mallocr2.o(i.internal_alloc) for internal_alloc
    mallocr2.o(i.__realloc$2region) refers to mallocr2.o(i.__malloc$realloc$2region) for __malloc$realloc$2region
    mallocr2.o(i.__realloc$2region) refers to mvars.o(.data) for __microlib_freelist
    mallocr2.o(i.internal_alloc) refers to memcpy.o(.text) for __aeabi_memcpy
    mallocr2.o(i.internal_alloc) refers to mvars.o(.data) for __microlib_freelist
    malloca2.o(i.__aligned_malloc$2region) refers to mvars.o(.data) for __microlib_freelist
    malloca2.o(i.__aligned_malloc$2region) refers to mvars.o(.data) for __microlib_freelist_initialised
    malloca2.o(i.__free$memalign$2region) refers to mvars.o(.data) for __microlib_freelist
    malloca2.o(i.__malloc$memalign$2region) refers to malloca2.o(i.__aligned_malloc$2region) for __aligned_malloc$2region
    mallocra2.o(i.__aligned_malloc$realloc$2region) refers to mallocra2.o(i.internal_alloc) for internal_alloc
    mallocra2.o(i.__aligned_malloc$realloc$2region) refers to mvars.o(.data) for __microlib_freelist
    mallocra2.o(i.__aligned_malloc$realloc$2region) refers to mvars.o(.data) for __microlib_freelist_initialised
    mallocra2.o(i.__free$realloc$memalign$2region) refers to mvars.o(.data) for __microlib_freelist
    mallocra2.o(i.__malloc$realloc$memalign$2region) refers to mallocra2.o(i.__aligned_malloc$realloc$2region) for __aligned_malloc$realloc$2region
    mallocra2.o(i.__realloc$memalign$2region) refers to mallocra2.o(i.__free$realloc$memalign$2region) for __free$realloc$memalign$2region
    mallocra2.o(i.__realloc$memalign$2region) refers to mallocra2.o(i.internal_alloc) for internal_alloc
    mallocra2.o(i.__realloc$memalign$2region) refers to mallocra2.o(i.__malloc$realloc$memalign$2region) for __malloc$realloc$memalign$2region
    mallocra2.o(i.__realloc$memalign$2region) refers to mvars.o(.data) for __microlib_freelist
    mallocra2.o(i.internal_alloc) refers to memcpy.o(.text) for __aeabi_memcpy
    mallocra2.o(i.internal_alloc) refers to mvars.o(.data) for __microlib_freelist
    errno.o(i.__aeabi_errno_addr) refers to errno.o(.data) for .data
    errno.o(i.__read_errno) refers to errno.o(.data) for .data
    errno.o(i.__set_errno) refers to errno.o(.data) for .data
    strtoul.o(.text) refers to errno.o(i.__aeabi_errno_addr) for __aeabi_errno_addr
    strtoul.o(.text) refers to ctype_o.o(.text) for __rt_ctype_table
    strtoul.o(.text) refers to _strtoul.o(.text) for _strtoul
    entry4.o(.ARM.Collect$$$$00000003) refers to entry4.o(.ARM.Collect$$$$00002714) for __lit__00000000
    entry4.o(__vectab_stack_and_reset_area) refers to entry.o(.ARM.Collect$$$$00000000) for __main
    entry5.o(.ARM.Collect$$$$00000004) refers to init.o(.text) for __scatterload
    entry9a.o(.ARM.Collect$$$$0000000B) refers to main.o(.text.main) for main
    entry9b.o(.ARM.Collect$$$$0000000C) refers to main.o(.text.main) for main
    idiv_div0.o(.text) refers to uidiv_div0.o(.text) for __aeabi_uidivmod
    ctype_o.o(.text) refers to ctype_o.o(.constdata) for .constdata
    ctype_o.o(.constdata) refers to ctype_o.o(.constdata) for __ctype_table
    isalnum_o.o(.text) refers to ctype_o.o(.text) for __rt_ctype_table
    isalpha_o.o(.text) refers to ctype_o.o(.text) for __rt_ctype_table
    isblank_o.o(.text) refers to ctype_o.o(.constdata) for __ctype_table
    iscntrl_o.o(.text) refers to ctype_o.o(.text) for __rt_ctype_table
    isdigit_o.o(.text) refers to ctype_o.o(.text) for __rt_ctype_table
    isgraph_o.o(.text) refers to ctype_o.o(.text) for __rt_ctype_table
    islower_o.o(.text) refers to ctype_o.o(.text) for __rt_ctype_table
    isprint_o.o(.text) refers to ctype_o.o(.text) for __rt_ctype_table
    ispunct_o.o(.text) refers to ctype_o.o(.text) for __rt_ctype_table
    isspace_o.o(.text) refers to ctype_o.o(.text) for __rt_ctype_table
    isupper_o.o(.text) refers to ctype_o.o(.text) for __rt_ctype_table
    isxdigit_o.o(.text) refers to ctype_o.o(.text) for __rt_ctype_table
    _strtoul.o(.text) refers to _chval.o(.text) for _chval
    _strtoul.o(.text) refers to errno.o(i.__aeabi_errno_addr) for __aeabi_errno_addr
    init.o(.text) refers to entry5.o(.ARM.Collect$$$$00000004) for __main_after_scatterload


==============================================================================

Removing Unused input sections from the image.

    Removing main.o(.text), (0 bytes).
    Removing main.o(.ARM.exidx.text.main), (8 bytes).
    Removing main.o(.ARM.use_no_argv), (4 bytes).
    Removing peripherals.o(.text), (0 bytes).
    Removing peripherals.o(.text.BOARD_InitPeripherals), (2 bytes).
    Removing peripherals.o(.ARM.exidx.text.BOARD_InitPeripherals), (8 bytes).
    Removing peripherals.o(.text.BOARD_InitBootPeripherals), (2 bytes).
    Removing peripherals.o(.ARM.exidx.text.BOARD_InitBootPeripherals), (8 bytes).
    Removing pin_mux.o(.text), (0 bytes).
    Removing pin_mux.o(.ARM.exidx.text.BOARD_InitBootPins), (8 bytes).
    Removing pin_mux.o(.text.BOARD_InitPins), (2 bytes).
    Removing pin_mux.o(.ARM.exidx.text.BOARD_InitPins), (8 bytes).
    Removing pin_mux.o(.text.BOARD_InitDEBUG_UARTPins), (76 bytes).
    Removing pin_mux.o(.ARM.exidx.text.BOARD_InitDEBUG_UARTPins), (8 bytes).
    Removing pin_mux.o(.text.BOARD_InitLEDsPins), (100 bytes).
    Removing pin_mux.o(.ARM.exidx.text.BOARD_InitLEDsPins), (8 bytes).
    Removing pin_mux.o(.text.BOARD_InitSWD_DEBUGPins), (88 bytes).
    Removing pin_mux.o(.ARM.exidx.text.BOARD_InitSWD_DEBUGPins), (8 bytes).
    Removing pin_mux.o(.text.BOARD_InitI2CPins), (72 bytes).
    Removing pin_mux.o(.ARM.exidx.text.BOARD_InitI2CPins), (8 bytes).
    Removing pin_mux.o(.text.BOARD_InitBUTTONsPins), (88 bytes).
    Removing pin_mux.o(.ARM.exidx.text.BOARD_InitBUTTONsPins), (8 bytes).
    Removing board.o(.text), (0 bytes).
    Removing board.o(.text.BOARD_InitDebugConsole), (96 bytes).
    Removing board.o(.ARM.exidx.text.BOARD_InitDebugConsole), (8 bytes).
    Removing board.o(.rodata.ExtClockIn), (4 bytes).
    Removing clock_config.o(.text), (0 bytes).
    Removing clock_config.o(.ARM.exidx.text.BOARD_InitBootClocks), (8 bytes).
    Removing clock_config.o(.text.BOARD_BootClockFRO30M), (104 bytes).
    Removing clock_config.o(.ARM.exidx.text.BOARD_BootClockFRO30M), (8 bytes).
    Removing clock_config.o(.text.BOARD_BootClockFRO18M), (104 bytes).
    Removing clock_config.o(.ARM.exidx.text.BOARD_BootClockFRO18M), (8 bytes).
    Removing clock_config.o(.text.BOARD_BootClockFRO24M), (104 bytes).
    Removing clock_config.o(.ARM.exidx.text.BOARD_BootClockFRO24M), (8 bytes).
    Removing fsl_adapter_miniusart.o(.text), (0 bytes).
    Removing fsl_adapter_miniusart.o(.text.HAL_UartInit), (184 bytes).
    Removing fsl_adapter_miniusart.o(.ARM.exidx.text.HAL_UartInit), (8 bytes).
    Removing fsl_adapter_miniusart.o(.text.HAL_UartDeinit), (48 bytes).
    Removing fsl_adapter_miniusart.o(.ARM.exidx.text.HAL_UartDeinit), (8 bytes).
    Removing fsl_adapter_miniusart.o(.text.HAL_UartReceiveBlocking), (100 bytes).
    Removing fsl_adapter_miniusart.o(.ARM.exidx.text.HAL_UartReceiveBlocking), (8 bytes).
    Removing fsl_adapter_miniusart.o(.text.HAL_UartSendBlocking), (92 bytes).
    Removing fsl_adapter_miniusart.o(.ARM.exidx.text.HAL_UartSendBlocking), (8 bytes).
    Removing fsl_adapter_miniusart.o(.text.HAL_UartEnterLowpower), (28 bytes).
    Removing fsl_adapter_miniusart.o(.ARM.exidx.text.HAL_UartEnterLowpower), (8 bytes).
    Removing fsl_adapter_miniusart.o(.text.HAL_UartExitLowpower), (28 bytes).
    Removing fsl_adapter_miniusart.o(.ARM.exidx.text.HAL_UartExitLowpower), (8 bytes).
    Removing fsl_adapter_miniusart.o(.rodata.str1.1), (196 bytes).
    Removing fsl_adapter_miniusart.o(.rodata.cst8), (8 bytes).
    Removing fsl_clock.o(.text), (0 bytes).
    Removing fsl_clock.o(.ARM.exidx.text.CLOCK_SetFRG0ClkFreq), (8 bytes).
    Removing fsl_clock.o(.text.CLOCK_GetFRG0ClkFreq), (140 bytes).
    Removing fsl_clock.o(.ARM.exidx.text.CLOCK_GetFRG0ClkFreq), (8 bytes).
    Removing fsl_clock.o(.text.CLOCK_GetMainClkFreq), (84 bytes).
    Removing fsl_clock.o(.ARM.exidx.text.CLOCK_GetMainClkFreq), (8 bytes).
    Removing fsl_clock.o(.text.CLOCK_GetFroFreq), (12 bytes).
    Removing fsl_clock.o(.ARM.exidx.text.CLOCK_GetFroFreq), (8 bytes).
    Removing fsl_clock.o(.text.CLOCK_GetClockOutClkFreq), (140 bytes).
    Removing fsl_clock.o(.ARM.exidx.text.CLOCK_GetClockOutClkFreq), (8 bytes).
    Removing fsl_clock.o(.text.CLOCK_GetUart0ClkFreq), (216 bytes).
    Removing fsl_clock.o(.ARM.exidx.text.CLOCK_GetUart0ClkFreq), (8 bytes).
    Removing fsl_clock.o(.text.CLOCK_GetUart1ClkFreq), (216 bytes).
    Removing fsl_clock.o(.ARM.exidx.text.CLOCK_GetUart1ClkFreq), (8 bytes).
    Removing fsl_clock.o(.text.CLOCK_GetFreq), (284 bytes).
    Removing fsl_clock.o(.ARM.exidx.text.CLOCK_GetFreq), (8 bytes).
    Removing fsl_clock.o(.text.CLOCK_InitExtClkin), (40 bytes).
    Removing fsl_clock.o(.ARM.exidx.text.CLOCK_InitExtClkin), (8 bytes).
    Removing fsl_clock.o(.ARM.exidx.text.CLOCK_SetMainClkSrc), (8 bytes).
    Removing fsl_clock.o(.ARM.exidx.text.CLOCK_SetFroOscFreq), (8 bytes).
    Removing fsl_common.o(.text), (0 bytes).
    Removing fsl_common.o(.text.SDK_Malloc), (64 bytes).
    Removing fsl_common.o(.ARM.exidx.text.SDK_Malloc), (8 bytes).
    Removing fsl_common.o(.text.SDK_Free), (28 bytes).
    Removing fsl_common.o(.ARM.exidx.text.SDK_Free), (8 bytes).
    Removing fsl_common_arm.o(.text), (0 bytes).
    Removing fsl_common_arm.o(.text.SDK_DelayAtLeastUs), (84 bytes).
    Removing fsl_common_arm.o(.ARM.exidx.text.SDK_DelayAtLeastUs), (8 bytes).
    Removing fsl_common_arm.o(.rodata.str1.1), (101 bytes).
    Removing fsl_gpio.o(.text), (0 bytes).
    Removing fsl_gpio.o(.text.GPIO_PortInit), (48 bytes).
    Removing fsl_gpio.o(.ARM.exidx.text.GPIO_PortInit), (8 bytes).
    Removing fsl_gpio.o(.text.GPIO_PinInit), (100 bytes).
    Removing fsl_gpio.o(.ARM.exidx.text.GPIO_PinInit), (8 bytes).
    Removing fsl_gpio.o(.rodata.str1.1), (130 bytes).
    Removing fsl_power.o(.text), (0 bytes).
    Removing fsl_power.o(.text.POWER_EnterSleep), (44 bytes).
    Removing fsl_power.o(.ARM.exidx.text.POWER_EnterSleep), (8 bytes).
    Removing fsl_power.o(.text.POWER_EnterDeepSleep), (96 bytes).
    Removing fsl_power.o(.ARM.exidx.text.POWER_EnterDeepSleep), (8 bytes).
    Removing fsl_power.o(.text.POWER_EnterPowerDown), (96 bytes).
    Removing fsl_power.o(.ARM.exidx.text.POWER_EnterPowerDown), (8 bytes).
    Removing fsl_power.o(.text.POWER_EnterDeepPowerDownMode), (64 bytes).
    Removing fsl_power.o(.ARM.exidx.text.POWER_EnterDeepPowerDownMode), (8 bytes).
    Removing fsl_power.o(.text.EnableDeepSleepIRQ), (56 bytes).
    Removing fsl_power.o(.ARM.exidx.text.EnableDeepSleepIRQ), (8 bytes).
    Removing fsl_power.o(.text.DisableDeepSleepIRQ), (60 bytes).
    Removing fsl_power.o(.ARM.exidx.text.DisableDeepSleepIRQ), (8 bytes).
    Removing fsl_power.o(.rodata.str1.1), (152 bytes).
    Removing fsl_reset.o(.text), (0 bytes).
    Removing fsl_reset.o(.text.RESET_SetPeripheralReset), (68 bytes).
    Removing fsl_reset.o(.ARM.exidx.text.RESET_SetPeripheralReset), (8 bytes).
    Removing fsl_reset.o(.text.RESET_ClearPeripheralReset), (68 bytes).
    Removing fsl_reset.o(.ARM.exidx.text.RESET_ClearPeripheralReset), (8 bytes).
    Removing fsl_reset.o(.text.RESET_PeripheralReset), (100 bytes).
    Removing fsl_reset.o(.ARM.exidx.text.RESET_PeripheralReset), (8 bytes).
    Removing fsl_reset.o(.rodata.str1.1), (110 bytes).
    Removing fsl_swm.o(.text), (0 bytes).
    Removing fsl_swm.o(.ARM.exidx.text.SWM_SetMovablePinSelect), (8 bytes).
    Removing fsl_swm.o(.text.SWM_SetFixedMovablePinSelect), (108 bytes).
    Removing fsl_swm.o(.ARM.exidx.text.SWM_SetFixedMovablePinSelect), (8 bytes).
    Removing fsl_swm.o(.text.SWM_SetFixedPinSelect), (60 bytes).
    Removing fsl_swm.o(.ARM.exidx.text.SWM_SetFixedPinSelect), (8 bytes).
    Removing fsl_syscon.o(.text), (0 bytes).
    Removing fsl_syscon.o(.text.SYSCON_AttachSignal), (12 bytes).
    Removing fsl_syscon.o(.ARM.exidx.text.SYSCON_AttachSignal), (8 bytes).
    Removing fsl_usart.o(.text), (0 bytes).
    Removing fsl_usart.o(.text.USART_GetInstance), (44 bytes).
    Removing fsl_usart.o(.ARM.exidx.text.USART_GetInstance), (8 bytes).
    Removing fsl_usart.o(.text.USART_TransferGetRxRingBufferLength), (40 bytes).
    Removing fsl_usart.o(.ARM.exidx.text.USART_TransferGetRxRingBufferLength), (8 bytes).
    Removing fsl_usart.o(.text.USART_TransferStartRingBuffer), (96 bytes).
    Removing fsl_usart.o(.ARM.exidx.text.USART_TransferStartRingBuffer), (8 bytes).
    Removing fsl_usart.o(.text.USART_TransferStopRingBuffer), (68 bytes).
    Removing fsl_usart.o(.ARM.exidx.text.USART_TransferStopRingBuffer), (8 bytes).
    Removing fsl_usart.o(.text.USART_Init), (364 bytes).
    Removing fsl_usart.o(.ARM.exidx.text.USART_Init), (8 bytes).
    Removing fsl_usart.o(.text.USART_SetBaudRate), (260 bytes).
    Removing fsl_usart.o(.ARM.exidx.text.USART_SetBaudRate), (8 bytes).
    Removing fsl_usart.o(.text.USART_Deinit), (104 bytes).
    Removing fsl_usart.o(.ARM.exidx.text.USART_Deinit), (8 bytes).
    Removing fsl_usart.o(.text.USART_GetDefaultConfig), (68 bytes).
    Removing fsl_usart.o(.ARM.exidx.text.USART_GetDefaultConfig), (8 bytes).
    Removing fsl_usart.o(.text.USART_WriteBlocking), (60 bytes).
    Removing fsl_usart.o(.ARM.exidx.text.USART_WriteBlocking), (8 bytes).
    Removing fsl_usart.o(.text.USART_ReadBlocking), (124 bytes).
    Removing fsl_usart.o(.ARM.exidx.text.USART_ReadBlocking), (8 bytes).
    Removing fsl_usart.o(.text.USART_TransferCreateHandle), (204 bytes).
    Removing fsl_usart.o(.ARM.exidx.text.USART_TransferCreateHandle), (8 bytes).
    Removing fsl_usart.o(.text.USART_TransferHandleIRQ), (464 bytes).
    Removing fsl_usart.o(.ARM.exidx.text.USART_TransferHandleIRQ), (8 bytes).
    Removing fsl_usart.o(.text.USART_TransferSendNonBlocking), (160 bytes).
    Removing fsl_usart.o(.ARM.exidx.text.USART_TransferSendNonBlocking), (8 bytes).
    Removing fsl_usart.o(.text.USART_TransferAbortSend), (48 bytes).
    Removing fsl_usart.o(.ARM.exidx.text.USART_TransferAbortSend), (8 bytes).
    Removing fsl_usart.o(.text.USART_TransferGetSendCount), (72 bytes).
    Removing fsl_usart.o(.ARM.exidx.text.USART_TransferGetSendCount), (8 bytes).
    Removing fsl_usart.o(.text.USART_TransferReceiveNonBlocking), (320 bytes).
    Removing fsl_usart.o(.ARM.exidx.text.USART_TransferReceiveNonBlocking), (8 bytes).
    Removing fsl_usart.o(.text.USART_TransferAbortReceive), (52 bytes).
    Removing fsl_usart.o(.ARM.exidx.text.USART_TransferAbortReceive), (8 bytes).
    Removing fsl_usart.o(.text.USART_TransferGetReceiveCount), (72 bytes).
    Removing fsl_usart.o(.ARM.exidx.text.USART_TransferGetReceiveCount), (8 bytes).
    Removing fsl_usart.o(.ARM.exidx.text.USART0_DriverIRQHandler), (8 bytes).
    Removing fsl_usart.o(.ARM.exidx.text.USART1_DriverIRQHandler), (8 bytes).
    Removing fsl_usart.o(.rodata.cst8), (8 bytes).
    Removing fsl_usart.o(.rodata.str1.1), (337 bytes).
    Removing fsl_usart.o(.rodata.cst4), (4 bytes).
    Removing system_lpc804.o(.text), (0 bytes).
    Removing system_lpc804.o(.ARM.exidx.text.SystemInit), (8 bytes).
    Removing system_lpc804.o(.ARM.exidx.text.SystemInitHook), (8 bytes).
    Removing system_lpc804.o(.text.SystemCoreClockUpdate), (76 bytes).
    Removing system_lpc804.o(.ARM.exidx.text.SystemCoreClockUpdate), (8 bytes).
    Removing fsl_assert.o(.text), (0 bytes).
    Removing fsl_assert.o(.ARM.exidx.text.fsl_assert_hook), (8 bytes).
    Removing fsl_assert.o(.ARM.exidx.text.__aeabi_assert), (8 bytes).
    Removing fsl_debug_console.o(.text), (0 bytes).
    Removing fsl_debug_console.o(.text.DbgConsole_Init), (76 bytes).
    Removing fsl_debug_console.o(.ARM.exidx.text.DbgConsole_Init), (8 bytes).
    Removing fsl_debug_console.o(.text.DbgConsole_Deinit), (28 bytes).
    Removing fsl_debug_console.o(.ARM.exidx.text.DbgConsole_Deinit), (8 bytes).
    Removing fsl_debug_console.o(.text.DbgConsole_EnterLowpower), (32 bytes).
    Removing fsl_debug_console.o(.ARM.exidx.text.DbgConsole_EnterLowpower), (8 bytes).
    Removing fsl_debug_console.o(.text.DbgConsole_ExitLowpower), (32 bytes).
    Removing fsl_debug_console.o(.ARM.exidx.text.DbgConsole_ExitLowpower), (8 bytes).
    Removing fsl_debug_console.o(.ARM.exidx.text.DbgConsole_Printf), (8 bytes).
    Removing fsl_debug_console.o(.ARM.exidx.text.DbgConsole_Vprintf), (8 bytes).
    Removing fsl_debug_console.o(.text.DbgConsole_Putchar), (40 bytes).
    Removing fsl_debug_console.o(.ARM.exidx.text.DbgConsole_Putchar), (8 bytes).
    Removing fsl_debug_console.o(.text.DbgConsole_Scanf), (148 bytes).
    Removing fsl_debug_console.o(.ARM.exidx.text.DbgConsole_Scanf), (8 bytes).
    Removing fsl_debug_console.o(.text.DbgConsole_Getchar), (44 bytes).
    Removing fsl_debug_console.o(.ARM.exidx.text.DbgConsole_Getchar), (8 bytes).
    Removing fsl_str.o(.text), (0 bytes).
    Removing fsl_str.o(.text.StrFormatPrintf), (706 bytes).
    Removing fsl_str.o(.ARM.exidx.text.StrFormatPrintf), (8 bytes).
    Removing fsl_str.o(.text.StrFormatScanf), (712 bytes).
    Removing fsl_str.o(.ARM.exidx.text.StrFormatScanf), (8 bytes).

187 unused section(s) (total 9862 bytes) removed from the image.

==============================================================================

Image Symbol Table

    Local Symbols

    Symbol Name                              Value     Ov Type        Size  Object(Section)

    ../clib/division.s                       0x00000000   Number         0  aeabi_sdivfast.o ABSOLUTE
    ../clib/division.s                       0x00000000   Number         0  aeabi_sdivfast_div0.o ABSOLUTE
    ../clib/longlong.c                       0x00000000   Number         0  llmul.o ABSOLUTE
    ../clib/microlib/ctype/ctype.c           0x00000000   Number         0  ctype_o.o ABSOLUTE
    ../clib/microlib/ctype/ctype.c           0x00000000   Number         0  isalnum_o.o ABSOLUTE
    ../clib/microlib/ctype/ctype.c           0x00000000   Number         0  isalpha_o.o ABSOLUTE
    ../clib/microlib/ctype/ctype.c           0x00000000   Number         0  isblank_o.o ABSOLUTE
    ../clib/microlib/ctype/ctype.c           0x00000000   Number         0  iscntrl_o.o ABSOLUTE
    ../clib/microlib/ctype/ctype.c           0x00000000   Number         0  isdigit_o.o ABSOLUTE
    ../clib/microlib/ctype/ctype.c           0x00000000   Number         0  isgraph_o.o ABSOLUTE
    ../clib/microlib/ctype/ctype.c           0x00000000   Number         0  islower_o.o ABSOLUTE
    ../clib/microlib/ctype/ctype.c           0x00000000   Number         0  isprint_o.o ABSOLUTE
    ../clib/microlib/ctype/ctype.c           0x00000000   Number         0  ispunct_o.o ABSOLUTE
    ../clib/microlib/ctype/ctype.c           0x00000000   Number         0  isspace_o.o ABSOLUTE
    ../clib/microlib/ctype/ctype.c           0x00000000   Number         0  isupper_o.o ABSOLUTE
    ../clib/microlib/ctype/ctype.c           0x00000000   Number         0  isxdigit_o.o ABSOLUTE
    ../clib/microlib/division.c              0x00000000   Number         0  uidiv.o ABSOLUTE
    ../clib/microlib/division.c              0x00000000   Number         0  uldiv.o ABSOLUTE
    ../clib/microlib/division.c              0x00000000   Number         0  uidiv_div0.o ABSOLUTE
    ../clib/microlib/division.c              0x00000000   Number         0  idiv_div0.o ABSOLUTE
    ../clib/microlib/division.c              0x00000000   Number         0  idiv0.o ABSOLUTE
    ../clib/microlib/errno.c                 0x00000000   Number         0  errno.o ABSOLUTE
    ../clib/microlib/init/entry.s            0x00000000   Number         0  entry.o ABSOLUTE
    ../clib/microlib/init/entry.s            0x00000000   Number         0  entry4.o ABSOLUTE
    ../clib/microlib/init/entry.s            0x00000000   Number         0  entry5.o ABSOLUTE
    ../clib/microlib/init/entry.s            0x00000000   Number         0  entry7a.o ABSOLUTE
    ../clib/microlib/init/entry.s            0x00000000   Number         0  entry7b.o ABSOLUTE
    ../clib/microlib/init/entry.s            0x00000000   Number         0  entry8a.o ABSOLUTE
    ../clib/microlib/init/entry.s            0x00000000   Number         0  entry8b.o ABSOLUTE
    ../clib/microlib/init/entry.s            0x00000000   Number         0  entry9a.o ABSOLUTE
    ../clib/microlib/init/entry.s            0x00000000   Number         0  entry9b.o ABSOLUTE
    ../clib/microlib/init/entry.s            0x00000000   Number         0  entry10a.o ABSOLUTE
    ../clib/microlib/init/entry.s            0x00000000   Number         0  entry10b.o ABSOLUTE
    ../clib/microlib/init/entry.s            0x00000000   Number         0  entry11a.o ABSOLUTE
    ../clib/microlib/init/entry.s            0x00000000   Number         0  entry11b.o ABSOLUTE
    ../clib/microlib/longlong.c              0x00000000   Number         0  llshl.o ABSOLUTE
    ../clib/microlib/longlong.c              0x00000000   Number         0  llushr.o ABSOLUTE
    ../clib/microlib/malloc/malloc.c         0x00000000   Number         0  malloc2.o ABSOLUTE
    ../clib/microlib/malloc/malloc.c         0x00000000   Number         0  mallocr2.o ABSOLUTE
    ../clib/microlib/malloc/malloc.c         0x00000000   Number         0  malloca2.o ABSOLUTE
    ../clib/microlib/malloc/malloc.c         0x00000000   Number         0  mallocra2.o ABSOLUTE
    ../clib/microlib/malloc/mvars.c          0x00000000   Number         0  mvars.o ABSOLUTE
    ../clib/microlib/string/memcpy.c         0x00000000   Number         0  memcpy.o ABSOLUTE
    ../clib/microlib/string/memcpy.c         0x00000000   Number         0  memcpyc.o ABSOLUTE
    ../clib/microlib/string/memcpy.c         0x00000000   Number         0  memcpya.o ABSOLUTE
    ../clib/microlib/string/memcpy.c         0x00000000   Number         0  memcpyb.o ABSOLUTE
    ../clib/microlib/string/memset.c         0x00000000   Number         0  memset.o ABSOLUTE
    ../clib/microlib/string/memset.c         0x00000000   Number         0  memseta.o ABSOLUTE
    ../clib/microlib/string/strlen.c         0x00000000   Number         0  strlen.o ABSOLUTE
    ../clib/scanf.c                          0x00000000   Number         0  strtoul.o ABSOLUTE
    ../clib/scanf.c                          0x00000000   Number         0  _strtoul.o ABSOLUTE
    ../clib/scanf.c                          0x00000000   Number         0  _chval.o ABSOLUTE
    board.c                                  0x00000000   Number         0  board.o ABSOLUTE
    clock_config.c                           0x00000000   Number         0  clock_config.o ABSOLUTE
    dc.s                                     0x00000000   Number         0  dc.o ABSOLUTE
    fsl_adapter_miniusart.c                  0x00000000   Number         0  fsl_adapter_miniusart.o ABSOLUTE
    fsl_assert.c                             0x00000000   Number         0  fsl_assert.o ABSOLUTE
    fsl_clock.c                              0x00000000   Number         0  fsl_clock.o ABSOLUTE
    fsl_common.c                             0x00000000   Number         0  fsl_common.o ABSOLUTE
    fsl_common_arm.c                         0x00000000   Number         0  fsl_common_arm.o ABSOLUTE
    fsl_debug_console.c                      0x00000000   Number         0  fsl_debug_console.o ABSOLUTE
    fsl_gpio.c                               0x00000000   Number         0  fsl_gpio.o ABSOLUTE
    fsl_power.c                              0x00000000   Number         0  fsl_power.o ABSOLUTE
    fsl_reset.c                              0x00000000   Number         0  fsl_reset.o ABSOLUTE
    fsl_str.c                                0x00000000   Number         0  fsl_str.o ABSOLUTE
    fsl_swm.c                                0x00000000   Number         0  fsl_swm.o ABSOLUTE
    fsl_syscon.c                             0x00000000   Number         0  fsl_syscon.o ABSOLUTE
    fsl_usart.c                              0x00000000   Number         0  fsl_usart.o ABSOLUTE
    handlers.s                               0x00000000   Number         0  handlers.o ABSOLUTE
    init.s                                   0x00000000   Number         0  init.o ABSOLUTE
    main.c                                   0x00000000   Number         0  main.o ABSOLUTE
    peripherals.c                            0x00000000   Number         0  peripherals.o ABSOLUTE
    pin_mux.c                                0x00000000   Number         0  pin_mux.o ABSOLUTE
    system_LPC804.c                          0x00000000   Number         0  system_lpc804.o ABSOLUTE
    .ARM.Collect$$$$00000000                 0x00000300   Section        0  entry.o(.ARM.Collect$$$$00000000)
    .ARM.Collect$$$$00000003                 0x00000300   Section        4  entry4.o(.ARM.Collect$$$$00000003)
    .ARM.Collect$$$$00000004                 0x00000304   Section        4  entry5.o(.ARM.Collect$$$$00000004)
    .ARM.Collect$$$$00000008                 0x00000308   Section        0  entry7b.o(.ARM.Collect$$$$00000008)
    .ARM.Collect$$$$0000000A                 0x00000308   Section        0  entry8b.o(.ARM.Collect$$$$0000000A)
    .ARM.Collect$$$$0000000B                 0x00000308   Section        8  entry9a.o(.ARM.Collect$$$$0000000B)
    __lit__00000000                          0x00000310   Data           4  entry4.o(.ARM.Collect$$$$00002714)
    .ARM.Collect$$$$0000000D                 0x00000310   Section        0  entry10a.o(.ARM.Collect$$$$0000000D)
    .ARM.Collect$$$$0000000F                 0x00000310   Section        0  entry11a.o(.ARM.Collect$$$$0000000F)
    .ARM.Collect$$$$00002714                 0x00000310   Section        4  entry4.o(.ARM.Collect$$$$00002714)
    [Anonymous Symbol]                       0x00000314   Section        0  startup_lpc804.o(.text)
    .text                                    0x00000454   Section        0  uldiv.o(.text)
    .text                                    0x000004b4   Section        0  memcpy.o(.text)
    .text                                    0x000004dc   Section        0  strlen.o(.text)
    .text                                    0x000004ea   Section        0  uidiv_div0.o(.text)
    .text                                    0x00000528   Section        0  llshl.o(.text)
    .text                                    0x00000548   Section        0  llushr.o(.text)
    .text                                    0x0000056c   Section       36  init.o(.text)
    [Anonymous Symbol]                       0x00000590   Section        0  clock_config.o(.text.BOARD_InitBootClocks)
    __arm_cp.0_0                             0x000005e0   Number         4  clock_config.o(.text.BOARD_InitBootClocks)
    __arm_cp.0_1                             0x000005e4   Number         4  clock_config.o(.text.BOARD_InitBootClocks)
    __arm_cp.0_2                             0x000005e8   Number         4  clock_config.o(.text.BOARD_InitBootClocks)
    __arm_cp.0_3                             0x000005ec   Number         4  clock_config.o(.text.BOARD_InitBootClocks)
    __arm_cp.0_4                             0x000005f0   Number         4  clock_config.o(.text.BOARD_InitBootClocks)
    __arm_cp.0_5                             0x000005f4   Number         4  clock_config.o(.text.BOARD_InitBootClocks)
    [Anonymous Symbol]                       0x000005f8   Section        0  pin_mux.o(.text.BOARD_InitBootPins)
    __arm_cp.0_0                             0x00000638   Number         4  pin_mux.o(.text.BOARD_InitBootPins)
    __arm_cp.0_1                             0x0000063c   Number         4  pin_mux.o(.text.BOARD_InitBootPins)
    __arm_cp.0_2                             0x00000640   Number         4  pin_mux.o(.text.BOARD_InitBootPins)
    [Anonymous Symbol]                       0x00000644   Section        0  fsl_clock.o(.text.CLOCK_SetFRG0ClkFreq)
    __arm_cp.0_0                             0x000006e4   Number         4  fsl_clock.o(.text.CLOCK_SetFRG0ClkFreq)
    __arm_cp.0_1                             0x000006e8   Number         4  fsl_clock.o(.text.CLOCK_SetFRG0ClkFreq)
    __arm_cp.0_2                             0x000006ec   Number         4  fsl_clock.o(.text.CLOCK_SetFRG0ClkFreq)
    __arm_cp.0_3                             0x000006f0   Number         4  fsl_clock.o(.text.CLOCK_SetFRG0ClkFreq)
    __arm_cp.0_4                             0x000006f4   Number         4  fsl_clock.o(.text.CLOCK_SetFRG0ClkFreq)
    __arm_cp.0_5                             0x000006f8   Number         4  fsl_clock.o(.text.CLOCK_SetFRG0ClkFreq)
    __arm_cp.0_6                             0x000006fc   Number         4  fsl_clock.o(.text.CLOCK_SetFRG0ClkFreq)
    [Anonymous Symbol]                       0x00000708   Section        0  fsl_clock.o(.text.CLOCK_SetFroOscFreq)
    __arm_cp.10_0                            0x00000720   Number         4  fsl_clock.o(.text.CLOCK_SetFroOscFreq)
    __arm_cp.10_1                            0x00000724   Number         4  fsl_clock.o(.text.CLOCK_SetFroOscFreq)
    [Anonymous Symbol]                       0x00000728   Section        0  fsl_clock.o(.text.CLOCK_SetMainClkSrc)
    __arm_cp.9_0                             0x00000754   Number         4  fsl_clock.o(.text.CLOCK_SetMainClkSrc)
    [Anonymous Symbol]                       0x00000758   Section        0  fsl_debug_console.o(.text.DbgConsole_Printf)
    [Anonymous Symbol]                       0x00000774   Section        0  fsl_debug_console.o(.text.DbgConsole_Vprintf)
    __arm_cp.5_0                             0x00000be4   Number         4  fsl_debug_console.o(.text.DbgConsole_Vprintf)
    [Anonymous Symbol]                       0x00000be8   Section        0  fsl_swm.o(.text.SWM_SetMovablePinSelect)
    __arm_cp.0_1                             0x00000c40   Number         4  fsl_swm.o(.text.SWM_SetMovablePinSelect)
    __arm_cp.0_2                             0x00000c44   Number         4  fsl_swm.o(.text.SWM_SetMovablePinSelect)
    [Anonymous Symbol]                       0x00000c48   Section        0  system_lpc804.o(.text.SystemInit)
    __arm_cp.0_0                             0x00000c5c   Number         4  system_lpc804.o(.text.SystemInit)
    __arm_cp.0_1                             0x00000c60   Number         4  system_lpc804.o(.text.SystemInit)
    __arm_cp.0_2                             0x00000c64   Number         4  system_lpc804.o(.text.SystemInit)
    __arm_cp.0_3                             0x00000c68   Number         4  system_lpc804.o(.text.SystemInit)
    [Anonymous Symbol]                       0x00000c6c   Section        0  system_lpc804.o(.text.SystemInitHook)
    [Anonymous Symbol]                       0x00000c70   Section        0  fsl_usart.o(.text.USART0_DriverIRQHandler)
    __arm_cp.18_2                            0x00000c80   Number         4  fsl_usart.o(.text.USART0_DriverIRQHandler)
    [Anonymous Symbol]                       0x00000c84   Section        0  fsl_usart.o(.text.USART1_DriverIRQHandler)
    __arm_cp.19_0                            0x00000c94   Number         4  fsl_usart.o(.text.USART1_DriverIRQHandler)
    __arm_cp.19_1                            0x00000c98   Number         4  fsl_usart.o(.text.USART1_DriverIRQHandler)
    __arm_cp.19_2                            0x00000c9c   Number         4  fsl_usart.o(.text.USART1_DriverIRQHandler)
    [Anonymous Symbol]                       0x00000ca0   Section        0  fsl_assert.o(.text.__aeabi_assert)
    [Anonymous Symbol]                       0x00000cec   Section        0  fsl_assert.o(.text.fsl_assert_hook)
    [Anonymous Symbol]                       0x00000cf0   Section        0  main.o(.text.main)
    i.__scatterload_copy                     0x00000cfa   Section       14  handlers.o(i.__scatterload_copy)
    i.__scatterload_null                     0x00000d08   Section        2  handlers.o(i.__scatterload_null)
    i.__scatterload_zeroinit                 0x00000d0a   Section       14  handlers.o(i.__scatterload_zeroinit)
    [Anonymous Symbol]                       0x00000d18   Section        0  fsl_clock.o(.rodata.str1.1)
    [Anonymous Symbol]                       0x00000d7e   Section        0  fsl_swm.o(.rodata.str1.1)
    s_usartIsr                               0x10000008   Data           4  fsl_usart.o(.data.s_usartIsr)
    [Anonymous Symbol]                       0x10000008   Section        0  fsl_usart.o(.data.s_usartIsr)
    s_debugConsole                           0x10000014   Data          20  fsl_debug_console.o(.bss.s_debugConsole)
    [Anonymous Symbol]                       0x10000014   Section        0  fsl_debug_console.o(.bss.s_debugConsole)
    s_usartHandle                            0x10000028   Data           8  fsl_usart.o(.bss.s_usartHandle)
    [Anonymous Symbol]                       0x10000028   Section        0  fsl_usart.o(.bss.s_usartHandle)
    CRP_Level                                0xffffffff   Number         0  startup_lpc804.o ABSOLUTE

    Global Symbols

    Symbol Name                              Value     Ov Type        Size  Object(Section)

    BuildAttributes$$THM_ISAv3M$S$PE$A:L22$X:L11$S22$IEEE1$IW$USESV6$~STKCKD$USESV7$~SHL$OTIME$EBA8$MICROLIB$REQ8$PRES8$EABIv2 0x00000000   Number         0  anon$$obj.o ABSOLUTE
    __Vectors                                0x00000000   Number       192  startup_lpc804.o(.isr_vector)
    __cpp_initialize__aeabi_                  - Undefined Weak Reference
    __cxa_finalize                            - Undefined Weak Reference
    __decompress                              - Undefined Weak Reference
    _clock_init                               - Undefined Weak Reference
    _microlib_exit                            - Undefined Weak Reference
    __main                                   0x00000301   Thumb Code     0  entry.o(.ARM.Collect$$$$00000000)
    _main_stk                                0x00000301   Thumb Code     0  entry4.o(.ARM.Collect$$$$00000003)
    _main_scatterload                        0x00000305   Thumb Code     0  entry5.o(.ARM.Collect$$$$00000004)
    __main_after_scatterload                 0x00000309   Thumb Code     0  entry5.o(.ARM.Collect$$$$00000004)
    _main_clock                              0x00000309   Thumb Code     0  entry7b.o(.ARM.Collect$$$$00000008)
    _main_cpp_init                           0x00000309   Thumb Code     0  entry8b.o(.ARM.Collect$$$$0000000A)
    _main_init                               0x00000309   Thumb Code     0  entry9a.o(.ARM.Collect$$$$0000000B)
    __rt_final_cpp                           0x00000311   Thumb Code     0  entry10a.o(.ARM.Collect$$$$0000000D)
    __rt_final_exit                          0x00000311   Thumb Code     0  entry11a.o(.ARM.Collect$$$$0000000F)
    Reset_Handler                            0x00000315   Thumb Code    16  startup_lpc804.o(.text)
    ADC_OVR_DriverIRQHandler                 0x00000325   Thumb Code     4  startup_lpc804.o(.text)
    ADC_SEQA_DriverIRQHandler                0x00000325   Thumb Code     4  startup_lpc804.o(.text)
    ADC_SEQB_DriverIRQHandler                0x00000325   Thumb Code     4  startup_lpc804.o(.text)
    ADC_THCMP_DriverIRQHandler               0x00000325   Thumb Code     4  startup_lpc804.o(.text)
    BOD_DriverIRQHandler                     0x00000325   Thumb Code     4  startup_lpc804.o(.text)
    CMP_CAPT_DriverIRQHandler                0x00000325   Thumb Code     4  startup_lpc804.o(.text)
    CTIMER0_DriverIRQHandler                 0x00000325   Thumb Code     4  startup_lpc804.o(.text)
    DAC0_DriverIRQHandler                    0x00000325   Thumb Code     4  startup_lpc804.o(.text)
    DefaultISR                               0x00000325   Thumb Code     4  startup_lpc804.o(.text)
    FLASH_DriverIRQHandler                   0x00000325   Thumb Code     4  startup_lpc804.o(.text)
    I2C0_DriverIRQHandler                    0x00000325   Thumb Code     4  startup_lpc804.o(.text)
    I2C1_DriverIRQHandler                    0x00000325   Thumb Code     4  startup_lpc804.o(.text)
    MRT0_DriverIRQHandler                    0x00000325   Thumb Code     4  startup_lpc804.o(.text)
    PIN_INT0_DriverIRQHandler                0x00000325   Thumb Code     4  startup_lpc804.o(.text)
    PIN_INT1_DriverIRQHandler                0x00000325   Thumb Code     4  startup_lpc804.o(.text)
    PIN_INT2_DriverIRQHandler                0x00000325   Thumb Code     4  startup_lpc804.o(.text)
    PIN_INT3_DriverIRQHandler                0x00000325   Thumb Code     4  startup_lpc804.o(.text)
    PIN_INT4_DriverIRQHandler                0x00000325   Thumb Code     4  startup_lpc804.o(.text)
    PIN_INT5_DriverIRQHandler                0x00000325   Thumb Code     4  startup_lpc804.o(.text)
    PIN_INT6_DriverIRQHandler                0x00000325   Thumb Code     4  startup_lpc804.o(.text)
    PIN_INT7_DriverIRQHandler                0x00000325   Thumb Code     4  startup_lpc804.o(.text)
    Reserved17_DriverIRQHandler              0x00000325   Thumb Code     4  startup_lpc804.o(.text)
    Reserved21_DriverIRQHandler              0x00000325   Thumb Code     4  startup_lpc804.o(.text)
    Reserved22_DriverIRQHandler              0x00000325   Thumb Code     4  startup_lpc804.o(.text)
    Reserved25_DriverIRQHandler              0x00000325   Thumb Code     4  startup_lpc804.o(.text)
    Reserved36_DriverIRQHandler              0x00000325   Thumb Code     4  startup_lpc804.o(.text)
    Reserved37_DriverIRQHandler              0x00000325   Thumb Code     4  startup_lpc804.o(.text)
    Reserved38_DriverIRQHandler              0x00000325   Thumb Code     4  startup_lpc804.o(.text)
    SPI0_DriverIRQHandler                    0x00000325   Thumb Code     4  startup_lpc804.o(.text)
    WDT_DriverIRQHandler                     0x00000325   Thumb Code     4  startup_lpc804.o(.text)
    WKT_DriverIRQHandler                     0x00000325   Thumb Code     4  startup_lpc804.o(.text)
    NMI_Handler                              0x00000329   Thumb Code     4  startup_lpc804.o(.text)
    HardFault_Handler                        0x0000032d   Thumb Code     4  startup_lpc804.o(.text)
    SVC_Handler                              0x00000331   Thumb Code     4  startup_lpc804.o(.text)
    PendSV_Handler                           0x00000335   Thumb Code     4  startup_lpc804.o(.text)
    SysTick_Handler                          0x00000339   Thumb Code     4  startup_lpc804.o(.text)
    SPI0_IRQHandler                          0x0000033d   Thumb Code     4  startup_lpc804.o(.text)
    Reserved17_IRQHandler                    0x00000341   Thumb Code     4  startup_lpc804.o(.text)
    DAC0_IRQHandler                          0x00000345   Thumb Code     4  startup_lpc804.o(.text)
    USART0_IRQHandler                        0x00000349   Thumb Code     4  startup_lpc804.o(.text)
    USART1_IRQHandler                        0x0000034d   Thumb Code     4  startup_lpc804.o(.text)
    Reserved21_IRQHandler                    0x00000351   Thumb Code     4  startup_lpc804.o(.text)
    Reserved22_IRQHandler                    0x00000355   Thumb Code     4  startup_lpc804.o(.text)
    I2C1_IRQHandler                          0x00000359   Thumb Code     4  startup_lpc804.o(.text)
    I2C0_IRQHandler                          0x0000035d   Thumb Code     4  startup_lpc804.o(.text)
    Reserved25_IRQHandler                    0x00000361   Thumb Code     4  startup_lpc804.o(.text)
    MRT0_IRQHandler                          0x00000365   Thumb Code     4  startup_lpc804.o(.text)
    CMP_CAPT_IRQHandler                      0x00000369   Thumb Code     4  startup_lpc804.o(.text)
    WDT_IRQHandler                           0x0000036d   Thumb Code     4  startup_lpc804.o(.text)
    BOD_IRQHandler                           0x00000371   Thumb Code     4  startup_lpc804.o(.text)
    FLASH_IRQHandler                         0x00000375   Thumb Code     4  startup_lpc804.o(.text)
    WKT_IRQHandler                           0x00000379   Thumb Code     4  startup_lpc804.o(.text)
    ADC_SEQA_IRQHandler                      0x0000037d   Thumb Code     4  startup_lpc804.o(.text)
    ADC_SEQB_IRQHandler                      0x00000381   Thumb Code     4  startup_lpc804.o(.text)
    ADC_THCMP_IRQHandler                     0x00000385   Thumb Code     4  startup_lpc804.o(.text)
    ADC_OVR_IRQHandler                       0x00000389   Thumb Code     4  startup_lpc804.o(.text)
    Reserved36_IRQHandler                    0x0000038d   Thumb Code     4  startup_lpc804.o(.text)
    Reserved37_IRQHandler                    0x00000391   Thumb Code     4  startup_lpc804.o(.text)
    Reserved38_IRQHandler                    0x00000395   Thumb Code     4  startup_lpc804.o(.text)
    CTIMER0_IRQHandler                       0x00000399   Thumb Code     4  startup_lpc804.o(.text)
    PIN_INT0_IRQHandler                      0x0000039d   Thumb Code     4  startup_lpc804.o(.text)
    PIN_INT1_IRQHandler                      0x000003a1   Thumb Code     4  startup_lpc804.o(.text)
    PIN_INT2_IRQHandler                      0x000003a5   Thumb Code     4  startup_lpc804.o(.text)
    PIN_INT3_IRQHandler                      0x000003a9   Thumb Code     4  startup_lpc804.o(.text)
    PIN_INT4_IRQHandler                      0x000003ad   Thumb Code     4  startup_lpc804.o(.text)
    PIN_INT5_IRQHandler                      0x000003b1   Thumb Code     4  startup_lpc804.o(.text)
    PIN_INT6_IRQHandler                      0x000003b5   Thumb Code     4  startup_lpc804.o(.text)
    PIN_INT7_IRQHandler                      0x000003b9   Thumb Code     4  startup_lpc804.o(.text)
    __aeabi_uldivmod                         0x00000455   Thumb Code    96  uldiv.o(.text)
    ___aeabi_memcpy4$ret                     0x000004b5   Thumb Code     0  memcpy.o(.text)
    ___aeabi_memcpy8$ret                     0x000004b5   Thumb Code     0  memcpy.o(.text)
    __aeabi_memcpy                           0x000004b5   Thumb Code    40  memcpy.o(.text)
    memcpy                                   0x000004b5   Thumb Code     0  memcpy.o(.text)
    strlen                                   0x000004dd   Thumb Code    14  strlen.o(.text)
    __aeabi_uidiv                            0x000004eb   Thumb Code     0  uidiv_div0.o(.text)
    __aeabi_uidivmod                         0x000004eb   Thumb Code    62  uidiv_div0.o(.text)
    __aeabi_llsl                             0x00000529   Thumb Code    32  llshl.o(.text)
    _ll_shift_l                              0x00000529   Thumb Code     0  llshl.o(.text)
    __aeabi_llsr                             0x00000549   Thumb Code    34  llushr.o(.text)
    _ll_ushift_r                             0x00000549   Thumb Code     0  llushr.o(.text)
    __scatterload                            0x0000056d   Thumb Code    28  init.o(.text)
    __scatterload_rt2                        0x0000056d   Thumb Code     0  init.o(.text)
    BOARD_InitBootClocks                     0x00000591   Thumb Code    80  clock_config.o(.text.BOARD_InitBootClocks)
    BOARD_InitBootPins                       0x000005f9   Thumb Code    64  pin_mux.o(.text.BOARD_InitBootPins)
    CLOCK_SetFRG0ClkFreq                     0x00000645   Thumb Code   160  fsl_clock.o(.text.CLOCK_SetFRG0ClkFreq)
    CLOCK_SetFroOscFreq                      0x00000709   Thumb Code    24  fsl_clock.o(.text.CLOCK_SetFroOscFreq)
    CLOCK_SetMainClkSrc                      0x00000729   Thumb Code    44  fsl_clock.o(.text.CLOCK_SetMainClkSrc)
    DbgConsole_Printf                        0x00000759   Thumb Code    28  fsl_debug_console.o(.text.DbgConsole_Printf)
    DbgConsole_Vprintf                       0x00000775   Thumb Code  1136  fsl_debug_console.o(.text.DbgConsole_Vprintf)
    SWM_SetMovablePinSelect                  0x00000be9   Thumb Code    56  fsl_swm.o(.text.SWM_SetMovablePinSelect)
    SystemInit                               0x00000c49   Thumb Code    20  system_lpc804.o(.text.SystemInit)
    SystemInitHook                           0x00000c6d   Thumb Code     2  system_lpc804.o(.text.SystemInitHook)
    USART0_DriverIRQHandler                  0x00000c71   Thumb Code    16  fsl_usart.o(.text.USART0_DriverIRQHandler)
    USART1_DriverIRQHandler                  0x00000c85   Thumb Code    16  fsl_usart.o(.text.USART1_DriverIRQHandler)
    __aeabi_assert                           0x00000ca1   Thumb Code    32  fsl_assert.o(.text.__aeabi_assert)
    fsl_assert_hook                          0x00000ced   Thumb Code     4  fsl_assert.o(.text.fsl_assert_hook)
    main                                     0x00000cf1   Thumb Code    10  main.o(.text.main)
    __scatterload_copy                       0x00000cfb   Thumb Code    14  handlers.o(i.__scatterload_copy)
    __scatterload_null                       0x00000d09   Thumb Code     2  handlers.o(i.__scatterload_null)
    __scatterload_zeroinit                   0x00000d0b   Thumb Code    14  handlers.o(i.__scatterload_zeroinit)
    Region$$Table$$Base                      0x00000dec   Number         0  anon$$obj.o(Region$$Table)
    Region$$Table$$Limit                     0x00000e0c   Number         0  anon$$obj.o(Region$$Table)
    SystemCoreClock                          0x10000000   Data           4  system_lpc804.o(.data.SystemCoreClock)
    g_LP_Osc_Freq                            0x10000004   Data           4  fsl_clock.o(.data.g_LP_Osc_Freq)
    g_Ext_Clk_Freq                           0x1000000c   Data           4  fsl_clock.o(.bss.g_Ext_Clk_Freq)
    g_Fro_Osc_Freq                           0x10000010   Data           4  fsl_clock.o(.bss.g_Fro_Osc_Freq)
    Image$$ARM_LIB_HEAP$$ZI$$Base            0x10000030   Number         0  anon$$obj.o ABSOLUTE
    Image$$ARM_LIB_HEAP$$ZI$$Limit           0x10000070   Number         0  anon$$obj.o ABSOLUTE
    Image$$ARM_LIB_STACK$$ZI$$Limit          0x10000fe0   Number         0  anon$$obj.o ABSOLUTE



==============================================================================

Memory Map of the image

  Image Entry point : 0x00000315

  Load Region LR_m_text (Base: 0x00000000, Size: 0x00000e18, Max: 0x00007f00, ABSOLUTE)

    Execution Region VECTOR_ROM (Exec base: 0x00000000, Load base: 0x00000000, Size: 0x000000c0, Max: 0x00000200, ABSOLUTE)

    Exec Addr    Load Addr    Size         Type   Attr      Idx    E Section Name        Object

    0x00000000   0x00000000   0x000000c0   Data   RO          340    .isr_vector         startup_lpc804.o


    Execution Region ER_m_crp (Exec base: 0x000002fc, Load base: 0x000002fc, Size: 0x00000004, Max: 0x00000004, ABSOLUTE, FIXED)

    Exec Addr    Load Addr    Size         Type   Attr      Idx    E Section Name        Object

    0x000002fc   0x000002fc   0x00000004   Data   RO          341    .crp                startup_lpc804.o


    Execution Region ER_m_text (Exec base: 0x00000300, Load base: 0x00000300, Size: 0x00000b0c, Max: 0x00007c00, ABSOLUTE, FIXED)

    Exec Addr    Load Addr    Size         Type   Attr      Idx    E Section Name        Object

    0x00000300   0x00000300   0x00000000   Code   RO          346  * .ARM.Collect$$$$00000000  mc_p.l(entry.o)
    0x00000300   0x00000300   0x00000004   Code   RO          406    .ARM.Collect$$$$00000003  mc_p.l(entry4.o)
    0x00000304   0x00000304   0x00000004   Code   RO          409    .ARM.Collect$$$$00000004  mc_p.l(entry5.o)
    0x00000308   0x00000308   0x00000000   Code   RO          411    .ARM.Collect$$$$00000008  mc_p.l(entry7b.o)
    0x00000308   0x00000308   0x00000000   Code   RO          413    .ARM.Collect$$$$0000000A  mc_p.l(entry8b.o)
    0x00000308   0x00000308   0x00000008   Code   RO          414    .ARM.Collect$$$$0000000B  mc_p.l(entry9a.o)
    0x00000310   0x00000310   0x00000000   Code   RO          416    .ARM.Collect$$$$0000000D  mc_p.l(entry10a.o)
    0x00000310   0x00000310   0x00000000   Code   RO          418    .ARM.Collect$$$$0000000F  mc_p.l(entry11a.o)
    0x00000310   0x00000310   0x00000004   Code   RO          407    .ARM.Collect$$$$00002714  mc_p.l(entry4.o)
    0x00000314   0x00000314   0x00000140   Code   RO          339  * .text               startup_lpc804.o
    0x00000454   0x00000454   0x00000060   Code   RO          355    .text               mc_p.l(uldiv.o)
    0x000004b4   0x000004b4   0x00000028   Code   RO          359    .text               mc_p.l(memcpy.o)
    0x000004dc   0x000004dc   0x0000000e   Code   RO          365    .text               mc_p.l(strlen.o)
    0x000004ea   0x000004ea   0x0000003e   Code   RO          424    .text               mc_p.l(uidiv_div0.o)
    0x00000528   0x00000528   0x00000020   Code   RO          430    .text               mc_p.l(llshl.o)
    0x00000548   0x00000548   0x00000022   Code   RO          432    .text               mc_p.l(llushr.o)
    0x0000056a   0x0000056a   0x00000002   PAD
    0x0000056c   0x0000056c   0x00000024   Code   RO          470    .text               mc_p.l(init.o)
    0x00000590   0x00000590   0x00000068   Code   RO           56    .text.BOARD_InitBootClocks  clock_config.o
    0x000005f8   0x000005f8   0x0000004c   Code   RO           24    .text.BOARD_InitBootPins  pin_mux.o
    0x00000644   0x00000644   0x000000c4   Code   RO           93    .text.CLOCK_SetFRG0ClkFreq  fsl_clock.o
    0x00000708   0x00000708   0x00000020   Code   RO          113    .text.CLOCK_SetFroOscFreq  fsl_clock.o
    0x00000728   0x00000728   0x00000030   Code   RO          111    .text.CLOCK_SetMainClkSrc  fsl_clock.o
    0x00000758   0x00000758   0x0000001c   Code   RO          309    .text.DbgConsole_Printf  fsl_debug_console.o
    0x00000774   0x00000774   0x00000474   Code   RO          311    .text.DbgConsole_Vprintf  fsl_debug_console.o
    0x00000be8   0x00000be8   0x00000060   Code   RO          198    .text.SWM_SetMovablePinSelect  fsl_swm.o
    0x00000c48   0x00000c48   0x00000024   Code   RO          275    .text.SystemInit    system_lpc804.o
    0x00000c6c   0x00000c6c   0x00000002   Code   RO          277    .text.SystemInitHook  system_lpc804.o
    0x00000c6e   0x00000c6e   0x00000002   PAD
    0x00000c70   0x00000c70   0x00000014   Code   RO          258    .text.USART0_DriverIRQHandler  fsl_usart.o
    0x00000c84   0x00000c84   0x0000001c   Code   RO          260    .text.USART1_DriverIRQHandler  fsl_usart.o
    0x00000ca0   0x00000ca0   0x0000004c   Code   RO          291    .text.__aeabi_assert  fsl_assert.o
    0x00000cec   0x00000cec   0x00000004   Code   RO          289    .text.fsl_assert_hook  fsl_assert.o
    0x00000cf0   0x00000cf0   0x0000000a   Code   RO            4    .text.main          main.o
    0x00000cfa   0x00000cfa   0x0000000e   Code   RO          476    i.__scatterload_copy  mc_p.l(handlers.o)
    0x00000d08   0x00000d08   0x00000002   Code   RO          477    i.__scatterload_null  mc_p.l(handlers.o)
    0x00000d0a   0x00000d0a   0x0000000e   Code   RO          478    i.__scatterload_zeroinit  mc_p.l(handlers.o)
    0x00000d18   0x00000d18   0x00000066   Data   RO          118    .rodata.str1.1      fsl_clock.o
    0x00000d7e   0x00000d7e   0x0000006b   Data   RO          204    .rodata.str1.1      fsl_swm.o
    0x00000de9   0x00000de9   0x00000003   PAD
    0x00000dec   0x00000dec   0x00000020   Data   RO          475    Region$$Table       anon$$obj.o


    Execution Region RW_m_data (Exec base: 0x10000000, Load base: 0x00000e0c, Size: 0x00000030, Max: 0x00000f60, ABSOLUTE)

    Exec Addr    Load Addr    Size         Type   Attr      Idx    E Section Name        Object

    0x10000000   0x00000e0c   0x00000004   Data   RW          281    .data.SystemCoreClock  system_lpc804.o
    0x10000004   0x00000e10   0x00000004   Data   RW          116    .data.g_LP_Osc_Freq  fsl_clock.o
    0x10000008   0x00000e14   0x00000004   Data   RW          266    .data.s_usartIsr    fsl_usart.o
    0x1000000c        -       0x00000004   Zero   RW          115    .bss.g_Ext_Clk_Freq  fsl_clock.o
    0x10000010        -       0x00000004   Zero   RW          117    .bss.g_Fro_Osc_Freq  fsl_clock.o
    0x10000014        -       0x00000014   Zero   RW          319    .bss.s_debugConsole  fsl_debug_console.o
    0x10000028        -       0x00000008   Zero   RW          265    .bss.s_usartHandle  fsl_usart.o


    Execution Region ARM_LIB_HEAP (Exec base: 0x10000030, Load base: 0x00000e18, Size: 0x00000040, Max: 0x00000040, ABSOLUTE)

    Exec Addr    Load Addr    Size         Type   Attr      Idx    E Section Name        Object

    0x10000030        -       0x00000040   Zero   RW            1    ARM_LIB_HEAP.bss    anon$$obj.o


    Execution Region ARM_LIB_STACK (Exec base: 0x10000fa0, Load base: 0x00000e18, Size: 0x00000040, Max: 0x00000040, ABSOLUTE)

    Exec Addr    Load Addr    Size         Type   Attr      Idx    E Section Name        Object

    0x10000fa0        -       0x00000040   Zero   RW            2    ARM_LIB_STACK.bss   anon$$obj.o


==============================================================================

Image component sizes


      Code (inc. data)   RO Data    RW Data    ZI Data      Debug   Object Name

       104         24          0          0          0       5759   clock_config.o
        80         44          0          0          0       1185   fsl_assert.o
       276         52        102          4          8      11596   fsl_clock.o
      1168        270          0          0         20      12563   fsl_debug_console.o
        96         40        107          0          0       7589   fsl_swm.o
        48         16          0          4          8      22664   fsl_usart.o
        10          0          0          0          0        411   main.o
        76         12          0          0          0       9861   pin_mux.o
       320        160        196          0          0       1695   startup_lpc804.o
        38         16          0          4          0       2916   system_lpc804.o

    ----------------------------------------------------------------------
      2218        634        440         12        164      76239   Object Totals
         0          0         32          0        128          0   (incl. Generated)
         2          0          3          0          0          0   (incl. Padding)

    ----------------------------------------------------------------------

      Code (inc. data)   RO Data    RW Data    ZI Data      Debug   Library Member Name

         0          0          0          0          0          0   entry.o
         0          0          0          0          0          0   entry10a.o
         0          0          0          0          0          0   entry11a.o
         8          4          0          0          0          0   entry4.o
         4          0          0          0          0          0   entry5.o
         0          0          0          0          0          0   entry7b.o
         0          0          0          0          0          0   entry8b.o
         8          4          0          0          0          0   entry9a.o
        30          0          0          0          0          0   handlers.o
        36          8          0          0          0         68   init.o
        32          0          0          0          0         68   llshl.o
        34          0          0          0          0         68   llushr.o
        40          0          0          0          0         68   memcpy.o
        14          0          0          0          0         60   strlen.o
        62          0          0          0          0         72   uidiv_div0.o
        96          0          0          0          0         84   uldiv.o

    ----------------------------------------------------------------------
       366         16          0          0          0        488   Library Totals
         2          0          0          0          0          0   (incl. Padding)

    ----------------------------------------------------------------------

      Code (inc. data)   RO Data    RW Data    ZI Data      Debug   Library Name

       364         16          0          0          0        488   mc_p.l

    ----------------------------------------------------------------------
       366         16          0          0          0        488   Library Totals

    ----------------------------------------------------------------------

==============================================================================


      Code (inc. data)   RO Data    RW Data    ZI Data      Debug   

      2584        650        440         12        164      76639   Grand Totals
      2584        650        440         12        164      76639   ELF Image Totals
      2584        650        440         12          0          0   ROM Totals

==============================================================================

    Total RO  Size (Code + RO Data)                 3024 (   2.95kB)
    Total RW  Size (RW Data + ZI Data)               176 (   0.17kB)
    Total ROM Size (Code + RO Data + RW Data)       3036 (   2.96kB)

==============================================================================

