<html>
<body>
<pre>
<h1>µVision Build Log</h1>
<h2>Tool Versions:</h2>
IDE-Version: µVision V5.38.0.0
Copyright (C) 2022 ARM Ltd and ARM Germany GmbH. All rights reserved.
License Information: Thomas Gosman
UNSW
User-based license: Keil MDK Community
Valid until: Jun 1 2033. Cached until: Feb 16 2024
 
Tool Versions:
Toolchain:       Keil MDK Community  Version: 5.38.0.0
Toolchain Path:  C:\Keil_v5\ARM\ARMCLANG\Bin
C Compiler:      ArmClang.exe V6.19
Assembler:       Armasm.exe V6.19
Linker/Locator:  ArmLink.exe V6.19
Library Manager: ArmAr.exe V6.19
Hex Converter:   FromElf.exe V6.19
CPU DLL:         SARMCM3.DLL V5.38.0.0
Dialog DLL:      DARMCM1.DLL V1.19.6.0
Target DLL:      CMSIS_AGDI.dll V1.33.15.0
Dialog DLL:      TARMCM1.DLL V1.14.6.0
 
<h2>Project:</h2>
C:\Users\thoma\OneDrive\Documents\Compass\Code\mdk\gpio_led_output.uvprojx
Project File Date:  02/07/2024

<h2>Output:</h2>
*** Using Compiler 'V6.19', folder: 'C:\Keil_v5\ARM\ARMCLANG\Bin'
Rebuild target 'gpio_led_output debug'
../main.c(4): warning: In file included from...
../Layer2.h(31): warning: declaration of 'struct PMTKinstruction' will not be visible outside of this function [-Wvisibility]
void gpssendmtk(struct PMTKinstruction instruction);
                       ^
1 warning generated.
compiling main.c...
../Layer2.c(4): warning: In file included from...
../Layer2.h(31): warning: declaration of 'struct PMTKinstruction' will not be visible outside of this function [-Wvisibility]
void gpssendmtk(struct PMTKinstruction instruction);
                       ^
1 warning generated.
compiling Layer2.c...
compiling Layer1.c...
assembling startup_LPC804.S...
linking...
Program Size: Code=4182 RO-data=362 RW-data=4 ZI-data=404  
"debug\gpio_led_output.out" - 0 Error(s), 2 Warning(s).

<h2>Software Packages used:</h2>

Package Vendor: ARM
                http://www.keil.com/pack/ARM.CMSIS.5.9.0.pack
                ARM.CMSIS.5.9.0
                CMSIS (Common Microcontroller Software Interface Standard)
   * Component: CORE Version: 5.6.0

Package Vendor: NXP
                https://mcuxpresso.nxp.com/cmsis_pack/repo/NXP.LPC804_DFP.17.0.0.pack
                NXP.LPC804_DFP.17.0.0
                Device Family Pack for LPC804
   * Component: LPC804_header Version: 1.0.0
   * Component: LPC804_system Version: 1.0.0
   * Component: clock Version: 2.3.1
   * Component: common Version: 2.4.0
   * Component: gpio Version: 2.1.7
   * Component: iocon Version: 2.0.2
   * Component: miniusart_adapter Version: 1.0.0
   * Component: power Version: 2.0.0
   * Component: reset Version: 2.1.2
   * Component: rom_api Version: 2.0.1
   * Component: swm Version: 2.1.2
   * Component: swm_connections Version: 2.0.1
   * Component: syscon Version: 2.0.1
   * Component: syscon_connections Version: 2.0.1
   * Component: usart Version: 2.5.0
   * Component: assert_lite Version: 1.0.0
   * Component: debug_console_lite Version: 1.0.0
   * Component: misc_utilities Version: 1.1.1
   * Component: Startup Version: 1.1.0

<h2>Collection of Component include folders:</h2>
  ./RTE/_gpio_led_output_debug
  C:/Users/thoma/AppData/Local/Arm/Packs/ARM/CMSIS/5.9.0/CMSIS/Core/Include
  C:/Users/thoma/AppData/Local/Arm/Packs/NXP/LPC804_DFP/17.0.0/devices/LPC804

<h2>Collection of Component Files used:</h2>

   * Component: ARM::CMSIS:CORE:5.6.0

   * Component: NXP::Device:CMSIS:LPC804_header:1.0.0
      Include file:  devices/LPC804/LPC804_features.h
      Include file:  devices/LPC804/LPC804.h
      Include file:  devices/LPC804/fsl_device_registers.h

   * Component: NXP::Device:CMSIS:LPC804_system:1.0.0
      Source file:   devices/LPC804/system_LPC804.c
      Include file:  devices/LPC804/system_LPC804.h

   * Component: NXP::Device:SDK Drivers:clock:2.3.1
      Include file:  devices/LPC804/drivers/fsl_clock.h
      Source file:   devices/LPC804/drivers/fsl_clock.c

   * Component: NXP::Device:SDK Drivers:common:2.4.0
      Include file:  devices/LPC804/drivers/fsl_common.h
      Include file:  devices/LPC804/drivers/fsl_common_arm.h
      Source file:   devices/LPC804/drivers/fsl_common.c
      Source file:   devices/LPC804/drivers/fsl_common_arm.c

   * Component: NXP::Device:SDK Drivers:gpio:2.1.7
      Source file:   devices/LPC804/drivers/fsl_gpio.c
      Include file:  devices/LPC804/drivers/fsl_gpio.h

   * Component: NXP::Device:SDK Drivers:iocon:2.0.2
      Include file:  devices/LPC804/drivers/fsl_iocon.h

   * Component: NXP::Device:SDK Drivers:miniusart_adapter:1.0.0
      Include file:  components/uart/fsl_adapter_uart.h
      Source file:   components/uart/fsl_adapter_miniusart.c

   * Component: NXP::Device:SDK Drivers:power:2.0.0
      Source file:   devices/LPC804/drivers/fsl_power.c
      Include file:  devices/LPC804/drivers/fsl_power.h

   * Component: NXP::Device:SDK Drivers:reset:2.1.2
      Source file:   devices/LPC804/drivers/fsl_reset.c
      Include file:  devices/LPC804/drivers/fsl_reset.h

   * Component: NXP::Device:SDK Drivers:rom_api:2.0.1
      Include file:  devices/LPC804/drivers/rom_api.h

   * Component: NXP::Device:SDK Drivers:swm:2.1.2
      Include file:  devices/LPC804/drivers/fsl_swm.h
      Source file:   devices/LPC804/drivers/fsl_swm.c

   * Component: NXP::Device:SDK Drivers:swm_connections:2.0.1
      Include file:  devices/LPC804/drivers/fsl_swm_connections.h

   * Component: NXP::Device:SDK Drivers:syscon:2.0.1
      Include file:  devices/LPC804/drivers/fsl_syscon.h
      Source file:   devices/LPC804/drivers/fsl_syscon.c

   * Component: NXP::Device:SDK Drivers:syscon_connections:2.0.1
      Include file:  devices/LPC804/drivers/fsl_syscon_connections.h

   * Component: NXP::Device:SDK Drivers:usart:2.5.0
      Include file:  devices/LPC804/drivers/fsl_usart.h
      Source file:   devices/LPC804/drivers/fsl_usart.c

   * Component: NXP::Device:SDK Utilities:assert_lite:1.0.0
      Source file:   devices/LPC804/utilities/debug_console_lite/fsl_assert.c

   * Component: NXP::Device:SDK Utilities:debug_console_lite:1.0.0
      Source file:   devices/LPC804/utilities/str/fsl_str.c
      Include file:  devices/LPC804/utilities/debug_console_lite/fsl_debug_console.h
      Include file:  devices/LPC804/utilities/str/fsl_str.h
      Source file:   devices/LPC804/utilities/debug_console_lite/fsl_debug_console.c

   * Component: NXP::Device:SDK Utilities:misc_utilities:1.1.1

   * Component: NXP::Device:Startup:1.1.0
      Source file:   devices/LPC804/arm/startup_LPC804.S
Build Time Elapsed:  00:00:01
</pre>
</body>
</html>
